<!doctype html public "-//w3c//dtd html 4.0 transitional//en">
<html><head>
<title>Static Call Graph - [.\Objects\PSIO_CUnit.axf]</title></head>
<body><HR>
<H1>Static Call Graph for image .\Objects\PSIO_CUnit.axf</H1><HR>
<BR><P>#&#060CALLGRAPH&#062# ARM Linker, 6180002: Last Updated: Tue May 23 11:32:14 2023
<BR><P>
<H3>Maximum Stack Usage =        448 bytes + Unknown(Cycles, Untraceable Function Pointers)</H3><H3>
Call chain for Maximum Stack Depth:</H3>
console_all_tests_complete_message_handler &rArr; CU_print_run_results &rArr; CU_get_run_results_string &rArr; CU_number_width &rArr; __2snprintf
<P>
<H3>
Mutually Recursive functions
</H3> <LI><a href="#[79]">ACMP01_IRQHandler</a>&nbsp;&nbsp;&nbsp;&rArr;&nbsp;&nbsp;&nbsp;<a href="#[79]">ACMP01_IRQHandler</a><BR>
 <LI><a href="#[10f]">abort</a>&nbsp;&nbsp;&nbsp;&rArr;&nbsp;&nbsp;&nbsp;<a href="#[10f]">abort</a><BR>
</UL>
<P>
<H3>
Function Pointers
</H3><UL>
 <LI><a href="#[79]">ACMP01_IRQHandler</a> from startup_tc8263.o(.text.Default_Handler) referenced from startup_tc8263.o(RESET)
 <LI><a href="#[7a]">ACMP23_IRQHandler</a> from startup_tc8263.o(.text.Default_Handler) referenced from startup_tc8263.o(RESET)
 <LI><a href="#[8e]">AWF_IRQHandler</a> from startup_tc8263.o(.text.Default_Handler) referenced from startup_tc8263.o(RESET)
 <LI><a href="#[b]">BODOUT_IRQHandler</a> from startup_tc8263.o(.text.Default_Handler) referenced from startup_tc8263.o(RESET)
 <LI><a href="#[31]">BPWM0_IRQHandler</a> from startup_tc8263.o(.text.Default_Handler) referenced from startup_tc8263.o(RESET)
 <LI><a href="#[32]">BPWM1_IRQHandler</a> from startup_tc8263.o(.text.Default_Handler) referenced from startup_tc8263.o(RESET)
 <LI><a href="#[29]">BRAKE0_IRQHandler</a> from startup_tc8263.o(.text.Default_Handler) referenced from startup_tc8263.o(RESET)
 <LI><a href="#[2d]">BRAKE1_IRQHandler</a> from startup_tc8263.o(.text.Default_Handler) referenced from startup_tc8263.o(RESET)
 <LI><a href="#[4]">BusFault_Handler</a> from startup_tc8263.o(.text.Default_Handler) referenced from startup_tc8263.o(RESET)
 <LI><a href="#[75]">CANFD00_IRQHandler</a> from startup_tc8263.o(.text.Default_Handler) referenced from startup_tc8263.o(RESET)
 <LI><a href="#[76]">CANFD01_IRQHandler</a> from startup_tc8263.o(.text.Default_Handler) referenced from startup_tc8263.o(RESET)
 <LI><a href="#[77]">CANFD10_IRQHandler</a> from startup_tc8263.o(.text.Default_Handler) referenced from startup_tc8263.o(RESET)
 <LI><a href="#[78]">CANFD11_IRQHandler</a> from startup_tc8263.o(.text.Default_Handler) referenced from startup_tc8263.o(RESET)
 <LI><a href="#[73]">CCAP_IRQHandler</a> from startup_tc8263.o(.text.Default_Handler) referenced from startup_tc8263.o(RESET)
 <LI><a href="#[f]">CKFAIL_IRQHandler</a> from startup_tc8263.o(.text.Default_Handler) referenced from startup_tc8263.o(RESET)
 <LI><a href="#[7b]">CRC_IRQHandler</a> from startup_tc8263.o(.text.Default_Handler) referenced from startup_tc8263.o(RESET)
 <LI><a href="#[74]">CRYPTO_IRQHandler</a> from startup_tc8263.o(.text.Default_Handler) referenced from startup_tc8263.o(RESET)
 <LI><a href="#[85]">DAC01_IRQHandler</a> from startup_tc8263.o(.text.Default_Handler) referenced from startup_tc8263.o(RESET)
 <LI><a href="#[69]">DMIC0VAD_IRQHandler</a> from startup_tc8263.o(.text.Default_Handler) referenced from startup_tc8263.o(RESET)
 <LI><a href="#[68]">DMIC0_IRQHandler</a> from startup_tc8263.o(.text.Default_Handler) referenced from startup_tc8263.o(RESET)
 <LI><a href="#[8]">DebugMon_Handler</a> from startup_tc8263.o(.text.Default_Handler) referenced from startup_tc8263.o(RESET)
 <LI><a href="#[7c]">EADC00_IRQHandler</a> from startup_tc8263.o(.text.Default_Handler) referenced from startup_tc8263.o(RESET)
 <LI><a href="#[7d]">EADC01_IRQHandler</a> from startup_tc8263.o(.text.Default_Handler) referenced from startup_tc8263.o(RESET)
 <LI><a href="#[7e]">EADC02_IRQHandler</a> from startup_tc8263.o(.text.Default_Handler) referenced from startup_tc8263.o(RESET)
 <LI><a href="#[7f]">EADC03_IRQHandler</a> from startup_tc8263.o(.text.Default_Handler) referenced from startup_tc8263.o(RESET)
 <LI><a href="#[80]">EADC10_IRQHandler</a> from startup_tc8263.o(.text.Default_Handler) referenced from startup_tc8263.o(RESET)
 <LI><a href="#[81]">EADC11_IRQHandler</a> from startup_tc8263.o(.text.Default_Handler) referenced from startup_tc8263.o(RESET)
 <LI><a href="#[82]">EADC12_IRQHandler</a> from startup_tc8263.o(.text.Default_Handler) referenced from startup_tc8263.o(RESET)
 <LI><a href="#[83]">EADC13_IRQHandler</a> from startup_tc8263.o(.text.Default_Handler) referenced from startup_tc8263.o(RESET)
 <LI><a href="#[8a]">ECAP0_IRQHandler</a> from startup_tc8263.o(.text.Default_Handler) referenced from startup_tc8263.o(RESET)
 <LI><a href="#[8b]">ECAP1_IRQHandler</a> from startup_tc8263.o(.text.Default_Handler) referenced from startup_tc8263.o(RESET)
 <LI><a href="#[8c]">ECAP2_IRQHandler</a> from startup_tc8263.o(.text.Default_Handler) referenced from startup_tc8263.o(RESET)
 <LI><a href="#[8d]">ECAP3_IRQHandler</a> from startup_tc8263.o(.text.Default_Handler) referenced from startup_tc8263.o(RESET)
 <LI><a href="#[19]">EINT0_IRQHandler</a> from startup_tc8263.o(.text.Default_Handler) referenced from startup_tc8263.o(RESET)
 <LI><a href="#[1a]">EINT1_IRQHandler</a> from startup_tc8263.o(.text.Default_Handler) referenced from startup_tc8263.o(RESET)
 <LI><a href="#[1b]">EINT2_IRQHandler</a> from startup_tc8263.o(.text.Default_Handler) referenced from startup_tc8263.o(RESET)
 <LI><a href="#[1c]">EINT3_IRQHandler</a> from startup_tc8263.o(.text.Default_Handler) referenced from startup_tc8263.o(RESET)
 <LI><a href="#[1d]">EINT4_IRQHandler</a> from startup_tc8263.o(.text.Default_Handler) referenced from startup_tc8263.o(RESET)
 <LI><a href="#[1e]">EINT5_IRQHandler</a> from startup_tc8263.o(.text.Default_Handler) referenced from startup_tc8263.o(RESET)
 <LI><a href="#[5b]">EINT6_IRQHandler</a> from startup_tc8263.o(.text.Default_Handler) referenced from startup_tc8263.o(RESET)
 <LI><a href="#[5c]">EINT7_IRQHandler</a> from startup_tc8263.o(.text.Default_Handler) referenced from startup_tc8263.o(RESET)
 <LI><a href="#[47]">EMAC0_IRQHandler</a> from startup_tc8263.o(.text.Default_Handler) referenced from startup_tc8263.o(RESET)
 <LI><a href="#[2a]">EPWM0P0_IRQHandler</a> from startup_tc8263.o(.text.Default_Handler) referenced from startup_tc8263.o(RESET)
 <LI><a href="#[2b]">EPWM0P1_IRQHandler</a> from startup_tc8263.o(.text.Default_Handler) referenced from startup_tc8263.o(RESET)
 <LI><a href="#[2c]">EPWM0P2_IRQHandler</a> from startup_tc8263.o(.text.Default_Handler) referenced from startup_tc8263.o(RESET)
 <LI><a href="#[2e]">EPWM1P0_IRQHandler</a> from startup_tc8263.o(.text.Default_Handler) referenced from startup_tc8263.o(RESET)
 <LI><a href="#[2f]">EPWM1P1_IRQHandler</a> from startup_tc8263.o(.text.Default_Handler) referenced from startup_tc8263.o(RESET)
 <LI><a href="#[30]">EPWM1P2_IRQHandler</a> from startup_tc8263.o(.text.Default_Handler) referenced from startup_tc8263.o(RESET)
 <LI><a href="#[86]">EQEI0_IRQHandler</a> from startup_tc8263.o(.text.Default_Handler) referenced from startup_tc8263.o(RESET)
 <LI><a href="#[87]">EQEI1_IRQHandler</a> from startup_tc8263.o(.text.Default_Handler) referenced from startup_tc8263.o(RESET)
 <LI><a href="#[88]">EQEI2_IRQHandler</a> from startup_tc8263.o(.text.Default_Handler) referenced from startup_tc8263.o(RESET)
 <LI><a href="#[89]">EQEI3_IRQHandler</a> from startup_tc8263.o(.text.Default_Handler) referenced from startup_tc8263.o(RESET)
 <LI><a href="#[90]">ETI_IRQHandler</a> from startup_tc8263.o(.text.Default_Handler) referenced from startup_tc8263.o(RESET)
 <LI><a href="#[9c]">Func_PSIO_CONSTANT</a> from psio_cunit.o(.text.Func_PSIO_CONSTANT) referenced from psio_cunit.o(.data.PSIO_CONSTANT)
 <LI><a href="#[9d]">Func_PSIO_ENABLE_INT</a> from psio_cunit.o(.text.Func_PSIO_ENABLE_INT) referenced from psio_cunit.o(.data.PSIO_MACRO)
 <LI><a href="#[a9]">Func_PSIO_GET_INPUT</a> from psio_cunit.o(.text.Func_PSIO_GET_INPUT) referenced from psio_cunit.o(.data.PSIO_MACRO)
 <LI><a href="#[aa]">Func_PSIO_GET_INPUT_STATUS</a> from psio_cunit.o(.text.Func_PSIO_GET_INPUT_STATUS) referenced from psio_cunit.o(.data.PSIO_MACRO)
 <LI><a href="#[a0]">Func_PSIO_GET_INPUT_STATUS_STATE</a> from psio_cunit.o(.text.Func_PSIO_GET_INPUT_STATUS_STATE) referenced from psio_cunit.o(.data.PSIO_MACRO)
 <LI><a href="#[9e]">Func_PSIO_GET_INT_FLAG</a> from psio_cunit.o(.text.Func_PSIO_GET_INT_FLAG) referenced from psio_cunit.o(.data.PSIO_MACRO)
 <LI><a href="#[9f]">Func_PSIO_GET_TRANSFER_STATUS</a> from psio_cunit.o(.text.Func_PSIO_GET_TRANSFER_STATUS) referenced from psio_cunit.o(.data.PSIO_MACRO)
 <LI><a href="#[a1]">Func_PSIO_PDMA_MACRO</a> from psio_cunit.o(.text.Func_PSIO_PDMA_MACRO) referenced from psio_cunit.o(.data.PSIO_MACRO)
 <LI><a href="#[a6]">Func_PSIO_SCSLOT_SET_SLOT</a> from psio_cunit.o(.text.Func_PSIO_SCSLOT_SET_SLOT) referenced from psio_cunit.o(.data.PSIO_MACRO)
 <LI><a href="#[a7]">Func_PSIO_SET_ACTION</a> from psio_cunit.o(.text.Func_PSIO_SET_ACTION) referenced from psio_cunit.o(.data.PSIO_MACRO)
 <LI><a href="#[a5]">Func_PSIO_SET_CHECKPOINT</a> from psio_cunit.o(.text.Func_PSIO_SET_CHECKPOINT) referenced from psio_cunit.o(.data.PSIO_MACRO)
 <LI><a href="#[a4]">Func_PSIO_SET_DATCTL</a> from psio_cunit.o(.text.Func_PSIO_SET_DATCTL) referenced from psio_cunit.o(.data.PSIO_MACRO)
 <LI><a href="#[a3]">Func_PSIO_SET_GENCTL</a> from psio_cunit.o(.text.Func_PSIO_SET_GENCTL) referenced from psio_cunit.o(.data.PSIO_MACRO)
 <LI><a href="#[a8]">Func_PSIO_SET_INTCTL</a> from psio_cunit.o(.text.Func_PSIO_SET_INTCTL) referenced from psio_cunit.o(.data.PSIO_MACRO)
 <LI><a href="#[a2]">Func_PSIO_SET_SCCTL</a> from psio_cunit.o(.text.Func_PSIO_SET_SCCTL) referenced from psio_cunit.o(.data.PSIO_MACRO)
 <LI><a href="#[ab]">Func_PSIO_STOP_SC</a> from psio_cunit.o(.text.Func_PSIO_STOP_SC) referenced from psio_cunit.o(.data.PSIO_MACRO)
 <LI><a href="#[91]">GDMACH0_IRQHandler</a> from startup_tc8263.o(.text.Default_Handler) referenced from startup_tc8263.o(RESET)
 <LI><a href="#[92]">GDMACH1_IRQHandler</a> from startup_tc8263.o(.text.Default_Handler) referenced from startup_tc8263.o(RESET)
 <LI><a href="#[1f]">GPA_IRQHandler</a> from startup_tc8263.o(.text.Default_Handler) referenced from startup_tc8263.o(RESET)
 <LI><a href="#[20]">GPB_IRQHandler</a> from startup_tc8263.o(.text.Default_Handler) referenced from startup_tc8263.o(RESET)
 <LI><a href="#[21]">GPC_IRQHandler</a> from startup_tc8263.o(.text.Default_Handler) referenced from startup_tc8263.o(RESET)
 <LI><a href="#[22]">GPD_IRQHandler</a> from startup_tc8263.o(.text.Default_Handler) referenced from startup_tc8263.o(RESET)
 <LI><a href="#[23]">GPE_IRQHandler</a> from startup_tc8263.o(.text.Default_Handler) referenced from startup_tc8263.o(RESET)
 <LI><a href="#[24]">GPF_IRQHandler</a> from startup_tc8263.o(.text.Default_Handler) referenced from startup_tc8263.o(RESET)
 <LI><a href="#[25]">GPG_IRQHandler</a> from startup_tc8263.o(.text.Default_Handler) referenced from startup_tc8263.o(RESET)
 <LI><a href="#[26]">GPH_IRQHandler</a> from startup_tc8263.o(.text.Default_Handler) referenced from startup_tc8263.o(RESET)
 <LI><a href="#[27]">GPI_IRQHandler</a> from startup_tc8263.o(.text.Default_Handler) referenced from startup_tc8263.o(RESET)
 <LI><a href="#[28]">GPJ_IRQHandler</a> from startup_tc8263.o(.text.Default_Handler) referenced from startup_tc8263.o(RESET)
 <LI><a href="#[46]">HSOTG_IRQHandler</a> from startup_tc8263.o(.text.Default_Handler) referenced from startup_tc8263.o(RESET)
 <LI><a href="#[45]">HSUSBD_IRQHandler</a> from startup_tc8263.o(.text.Default_Handler) referenced from startup_tc8263.o(RESET)
 <LI><a href="#[44]">HSUSBH_IRQHandler</a> from startup_tc8263.o(.text.Default_Handler) referenced from startup_tc8263.o(RESET)
 <LI><a href="#[2]">HardFault_Handler</a> from startup_tc8263.o(.text.HardFault_Handler) referenced from startup_tc8263.o(RESET)
 <LI><a href="#[5e]">I2C0_IRQHandler</a> from startup_tc8263.o(.text.Default_Handler) referenced from startup_tc8263.o(RESET)
 <LI><a href="#[5f]">I2C1_IRQHandler</a> from startup_tc8263.o(.text.Default_Handler) referenced from startup_tc8263.o(RESET)
 <LI><a href="#[60]">I2C2_IRQHandler</a> from startup_tc8263.o(.text.Default_Handler) referenced from startup_tc8263.o(RESET)
 <LI><a href="#[61]">I2C3_IRQHandler</a> from startup_tc8263.o(.text.Default_Handler) referenced from startup_tc8263.o(RESET)
 <LI><a href="#[6a]">I2S0_IRQHandler</a> from startup_tc8263.o(.text.Default_Handler) referenced from startup_tc8263.o(RESET)
 <LI><a href="#[6b]">I2S1_IRQHandler</a> from startup_tc8263.o(.text.Default_Handler) referenced from startup_tc8263.o(RESET)
 <LI><a href="#[6d]">I3C0_IRQHandler</a> from startup_tc8263.o(.text.Default_Handler) referenced from startup_tc8263.o(RESET)
 <LI><a href="#[c]">IRC_IRQHandler</a> from startup_tc8263.o(.text.Default_Handler) referenced from startup_tc8263.o(RESET)
 <LI><a href="#[10]">ISP_IRQHandler</a> from startup_tc8263.o(.text.Default_Handler) referenced from startup_tc8263.o(RESET)
 <LI><a href="#[70]">KPI_IRQHandler</a> from startup_tc8263.o(.text.Default_Handler) referenced from startup_tc8263.o(RESET)
 <LI><a href="#[37]">KS_IRQHandler</a> from startup_tc8263.o(.text.Default_Handler) referenced from startup_tc8263.o(RESET)
 <LI><a href="#[84]">LPADC0_IRQHandler</a> from startup_tc8263.o(.text.Default_Handler) referenced from startup_tc8263.o(RESET)
 <LI><a href="#[62]">LPI2C0_IRQHandler</a> from startup_tc8263.o(.text.Default_Handler) referenced from startup_tc8263.o(RESET)
 <LI><a href="#[35]">LPPDMA_IRQHandler</a> from startup_tc8263.o(.text.Default_Handler) referenced from startup_tc8263.o(RESET)
 <LI><a href="#[4e]">LPSPI0_IRQHandler</a> from startup_tc8263.o(.text.Default_Handler) referenced from startup_tc8263.o(RESET)
 <LI><a href="#[3c]">LPTMR0_IRQHandler</a> from startup_tc8263.o(.text.Default_Handler) referenced from startup_tc8263.o(RESET)
 <LI><a href="#[3d]">LPTMR1_IRQHandler</a> from startup_tc8263.o(.text.Default_Handler) referenced from startup_tc8263.o(RESET)
 <LI><a href="#[5d]">LPUART0_IRQHandler</a> from startup_tc8263.o(.text.Default_Handler) referenced from startup_tc8263.o(RESET)
 <LI><a href="#[3]">MemManage_Handler</a> from startup_tc8263.o(.text.Default_Handler) referenced from startup_tc8263.o(RESET)
 <LI><a href="#[1]">NMI_Handler</a> from startup_tc8263.o(.text.Default_Handler) referenced from startup_tc8263.o(RESET)
 <LI><a href="#[18]">NPU_IRQHandler</a> from startup_tc8263.o(.text.Default_Handler) referenced from startup_tc8263.o(RESET)
 <LI><a href="#[6e]">OTFC0_IRQHandler</a> from startup_tc8263.o(.text.Default_Handler) referenced from startup_tc8263.o(RESET)
 <LI><a href="#[6f]">OTFC1_IRQHandler</a> from startup_tc8263.o(.text.Default_Handler) referenced from startup_tc8263.o(RESET)
 <LI><a href="#[33]">PDMA0_IRQHandler</a> from startup_tc8263.o(.text.Default_Handler) referenced from startup_tc8263.o(RESET)
 <LI><a href="#[34]">PDMA1_IRQHandler</a> from startup_tc8263.o(.text.Default_Handler) referenced from startup_tc8263.o(RESET)
 <LI><a href="#[d]">PMC_IRQHandler</a> from startup_tc8263.o(.text.Default_Handler) referenced from startup_tc8263.o(RESET)
 <LI><a href="#[67]">PSIO_IRQHandler</a> from startup_tc8263.o(.text.Default_Handler) referenced from startup_tc8263.o(RESET)
 <LI><a href="#[9]">PendSV_Handler</a> from startup_tc8263.o(.text.Default_Handler) referenced from startup_tc8263.o(RESET)
 <LI><a href="#[48]">QSPI0_IRQHandler</a> from startup_tc8263.o(.text.Default_Handler) referenced from startup_tc8263.o(RESET)
 <LI><a href="#[49]">QSPI1_IRQHandler</a> from startup_tc8263.o(.text.Default_Handler) referenced from startup_tc8263.o(RESET)
 <LI><a href="#[12]">RTCTAMPER_IRQHandler</a> from startup_tc8263.o(.text.Default_Handler) referenced from startup_tc8263.o(RESET)
 <LI><a href="#[11]">RTC_IRQHandler</a> from startup_tc8263.o(.text.Default_Handler) referenced from startup_tc8263.o(RESET)
 <LI><a href="#[0]">Reset_Handler</a> from startup_tc8263.o(.text.Reset_Handler) referenced from startup_tc8263.o(RESET)
 <LI><a href="#[64]">SC0_IRQHandler</a> from startup_tc8263.o(.text.Default_Handler) referenced from startup_tc8263.o(RESET)
 <LI><a href="#[65]">SC1_IRQHandler</a> from startup_tc8263.o(.text.Default_Handler) referenced from startup_tc8263.o(RESET)
 <LI><a href="#[66]">SC2_IRQHandler</a> from startup_tc8263.o(.text.Default_Handler) referenced from startup_tc8263.o(RESET)
 <LI><a href="#[36]">SCU_IRQHandler</a> from startup_tc8263.o(.text.Default_Handler) referenced from startup_tc8263.o(RESET)
 <LI><a href="#[71]">SDH0_IRQHandler</a> from startup_tc8263.o(.text.Default_Handler) referenced from startup_tc8263.o(RESET)
 <LI><a href="#[72]">SDH1_IRQHandler</a> from startup_tc8263.o(.text.Default_Handler) referenced from startup_tc8263.o(RESET)
 <LI><a href="#[4a]">SPI0_IRQHandler</a> from startup_tc8263.o(.text.Default_Handler) referenced from startup_tc8263.o(RESET)
 <LI><a href="#[4b]">SPI1_IRQHandler</a> from startup_tc8263.o(.text.Default_Handler) referenced from startup_tc8263.o(RESET)
 <LI><a href="#[4c]">SPI2_IRQHandler</a> from startup_tc8263.o(.text.Default_Handler) referenced from startup_tc8263.o(RESET)
 <LI><a href="#[4d]">SPI3_IRQHandler</a> from startup_tc8263.o(.text.Default_Handler) referenced from startup_tc8263.o(RESET)
 <LI><a href="#[4f]">SPIM0_IRQHandler</a> from startup_tc8263.o(.text.Default_Handler) referenced from startup_tc8263.o(RESET)
 <LI><a href="#[50]">SPIM1_IRQHandler</a> from startup_tc8263.o(.text.Default_Handler) referenced from startup_tc8263.o(RESET)
 <LI><a href="#[e]">SRAMPERR_IRQHandler</a> from startup_tc8263.o(.text.Default_Handler) referenced from startup_tc8263.o(RESET)
 <LI><a href="#[7]">SVC_Handler</a> from startup_tc8263.o(.text.Default_Handler) referenced from startup_tc8263.o(RESET)
 <LI><a href="#[6]">SecureFault_Handler</a> from startup_tc8263.o(.text.Default_Handler) referenced from startup_tc8263.o(RESET)
 <LI><a href="#[a]">SysTick_Handler</a> from startup_tc8263.o(.text.Default_Handler) referenced from startup_tc8263.o(RESET)
 <LI><a href="#[9b]">SystemInit</a> from system_tc8263.o(.text.SystemInit) referenced from system_tc8263.o(.init_array)
 <LI><a href="#[15]">TAMPER_IRQHandler</a> from startup_tc8263.o(.text.Default_Handler) referenced from startup_tc8263.o(RESET)
 <LI><a href="#[38]">TIMER0_IRQHandler</a> from startup_tc8263.o(.text.Default_Handler) referenced from startup_tc8263.o(RESET)
 <LI><a href="#[39]">TIMER1_IRQHandler</a> from startup_tc8263.o(.text.Default_Handler) referenced from startup_tc8263.o(RESET)
 <LI><a href="#[3a]">TIMER2_IRQHandler</a> from startup_tc8263.o(.text.Default_Handler) referenced from startup_tc8263.o(RESET)
 <LI><a href="#[3b]">TIMER3_IRQHandler</a> from startup_tc8263.o(.text.Default_Handler) referenced from startup_tc8263.o(RESET)
 <LI><a href="#[6c]">TRNG_IRQHandler</a> from startup_tc8263.o(.text.Default_Handler) referenced from startup_tc8263.o(RESET)
 <LI><a href="#[3e]">TTMR0_IRQHandler</a> from startup_tc8263.o(.text.Default_Handler) referenced from startup_tc8263.o(RESET)
 <LI><a href="#[3f]">TTMR1_IRQHandler</a> from startup_tc8263.o(.text.Default_Handler) referenced from startup_tc8263.o(RESET)
 <LI><a href="#[51]">UART0_IRQHandler</a> from startup_tc8263.o(.text.Default_Handler) referenced from startup_tc8263.o(RESET)
 <LI><a href="#[52]">UART1_IRQHandler</a> from startup_tc8263.o(.text.Default_Handler) referenced from startup_tc8263.o(RESET)
 <LI><a href="#[53]">UART2_IRQHandler</a> from startup_tc8263.o(.text.Default_Handler) referenced from startup_tc8263.o(RESET)
 <LI><a href="#[54]">UART3_IRQHandler</a> from startup_tc8263.o(.text.Default_Handler) referenced from startup_tc8263.o(RESET)
 <LI><a href="#[55]">UART4_IRQHandler</a> from startup_tc8263.o(.text.Default_Handler) referenced from startup_tc8263.o(RESET)
 <LI><a href="#[56]">UART5_IRQHandler</a> from startup_tc8263.o(.text.Default_Handler) referenced from startup_tc8263.o(RESET)
 <LI><a href="#[57]">UART6_IRQHandler</a> from startup_tc8263.o(.text.Default_Handler) referenced from startup_tc8263.o(RESET)
 <LI><a href="#[58]">UART7_IRQHandler</a> from startup_tc8263.o(.text.Default_Handler) referenced from startup_tc8263.o(RESET)
 <LI><a href="#[59]">UART8_IRQHandler</a> from startup_tc8263.o(.text.Default_Handler) referenced from startup_tc8263.o(RESET)
 <LI><a href="#[5a]">UART9_IRQHandler</a> from startup_tc8263.o(.text.Default_Handler) referenced from startup_tc8263.o(RESET)
 <LI><a href="#[42]">USBD_IRQHandler</a> from startup_tc8263.o(.text.Default_Handler) referenced from startup_tc8263.o(RESET)
 <LI><a href="#[40]">USBH0_IRQHandler</a> from startup_tc8263.o(.text.Default_Handler) referenced from startup_tc8263.o(RESET)
 <LI><a href="#[41]">USBH1_IRQHandler</a> from startup_tc8263.o(.text.Default_Handler) referenced from startup_tc8263.o(RESET)
 <LI><a href="#[43]">USBOTG_IRQHandler</a> from startup_tc8263.o(.text.Default_Handler) referenced from startup_tc8263.o(RESET)
 <LI><a href="#[63]">USCI0_IRQHandler</a> from startup_tc8263.o(.text.Default_Handler) referenced from startup_tc8263.o(RESET)
 <LI><a href="#[8f]">UTCPD_IRQHandler</a> from startup_tc8263.o(.text.Default_Handler) referenced from startup_tc8263.o(RESET)
 <LI><a href="#[5]">UsageFault_Handler</a> from startup_tc8263.o(.text.Default_Handler) referenced from startup_tc8263.o(RESET)
 <LI><a href="#[13]">WDT0_IRQHandler</a> from startup_tc8263.o(.text.Default_Handler) referenced from startup_tc8263.o(RESET)
 <LI><a href="#[16]">WDT1_IRQHandler</a> from startup_tc8263.o(.text.Default_Handler) referenced from startup_tc8263.o(RESET)
 <LI><a href="#[14]">WWDT0_IRQHandler</a> from startup_tc8263.o(.text.Default_Handler) referenced from startup_tc8263.o(RESET)
 <LI><a href="#[17]">WWDT1_IRQHandler</a> from startup_tc8263.o(.text.Default_Handler) referenced from startup_tc8263.o(RESET)
 <LI><a href="#[9a]">_snputc</a> from printfa.o(i._snputc) referenced from printfa.o(i.__0snprintf)
 <LI><a href="#[96]">console_all_tests_complete_message_handler</a> from console.o(.text.console_all_tests_complete_message_handler) referenced 2 times from console.o(.text.CU_console_run_tests)
 <LI><a href="#[98]">console_suite_cleanup_failure_message_handler</a> from console.o(.text.console_suite_cleanup_failure_message_handler) referenced 2 times from console.o(.text.CU_console_run_tests)
 <LI><a href="#[97]">console_suite_init_failure_message_handler</a> from console.o(.text.console_suite_init_failure_message_handler) referenced 2 times from console.o(.text.CU_console_run_tests)
 <LI><a href="#[95]">console_test_complete_message_handler</a> from console.o(.text.console_test_complete_message_handler) referenced 2 times from console.o(.text.CU_console_run_tests)
 <LI><a href="#[94]">console_test_start_message_handler</a> from console.o(.text.console_test_start_message_handler) referenced 2 times from console.o(.text.CU_console_run_tests)
 <LI><a href="#[99]">fputc</a> from retarget.o(.text.fputc) referenced from printfa.o(i.__0fprintf)
 <LI><a href="#[99]">fputc</a> from retarget.o(.text.fputc) referenced from printfa.o(i.__0printf)
 <LI><a href="#[93]">main</a> from main.o(.text.main) referenced from entry9a.o(.ARM.Collect$$$$0000000B)
 <LI><a href="#[ad]">suite_success_clean</a> from psio_cunit.o(.text.suite_success_clean) referenced 3 times from psio_cunit.o(.data.suites)
 <LI><a href="#[ac]">suite_success_init</a> from psio_cunit.o(.text.suite_success_init) referenced 3 times from psio_cunit.o(.data.suites)
</UL>
<P>
<H3>
Global Symbols
</H3>
<P><STRONG><a name="[ae]"></a>__main</STRONG> (Thumb, 0 bytes, Stack size unknown bytes, entry.o(.ARM.Collect$$$$00000000))
<BR><BR>[Called By]<UL><LI><a href="#[0]">&gt;&gt;</a>&nbsp;&nbsp;&nbsp;Reset_Handler
</UL>

<P><STRONG><a name="[122]"></a>_main_stk</STRONG> (Thumb, 0 bytes, Stack size unknown bytes, entry4.o(.ARM.Collect$$$$00000003))

<P><STRONG><a name="[b0]"></a>_main_scatterload</STRONG> (Thumb, 0 bytes, Stack size unknown bytes, entry5.o(.ARM.Collect$$$$00000004))
<BR><BR>[Calls]<UL><LI><a href="#[b1]">&gt;&gt;</a>&nbsp;&nbsp;&nbsp;__scatterload
</UL>

<P><STRONG><a name="[c7]"></a>__main_after_scatterload</STRONG> (Thumb, 0 bytes, Stack size unknown bytes, entry5.o(.ARM.Collect$$$$00000004))
<BR><BR>[Called By]<UL><LI><a href="#[b1]">&gt;&gt;</a>&nbsp;&nbsp;&nbsp;__scatterload
</UL>

<P><STRONG><a name="[123]"></a>_main_clock</STRONG> (Thumb, 0 bytes, Stack size unknown bytes, entry7b.o(.ARM.Collect$$$$00000008))

<P><STRONG><a name="[b2]"></a>_main_cpp_init$empty</STRONG> (Thumb, 0 bytes, Stack size unknown bytes, entry8a.o(.ARM.Collect$$$$00000009))
<BR><BR>[Stack]<UL><LI>Max Depth = 16 + Unknown Stack Size
<LI>Call Chain = _main_cpp_init$empty &rArr; __cpp_initialize__aeabi_
</UL>
<BR>[Calls]<UL><LI><a href="#[af]">&gt;&gt;</a>&nbsp;&nbsp;&nbsp;__cpp_initialize__aeabi_
</UL>

<P><STRONG><a name="[124]"></a>_main_cpp_init</STRONG> (Thumb, 0 bytes, Stack size unknown bytes, entry8b.o(.ARM.Collect$$$$0000000A))

<P><STRONG><a name="[125]"></a>_main_init</STRONG> (Thumb, 0 bytes, Stack size unknown bytes, entry9a.o(.ARM.Collect$$$$0000000B))

<P><STRONG><a name="[126]"></a>__rt_final_cpp</STRONG> (Thumb, 0 bytes, Stack size unknown bytes, entry10a.o(.ARM.Collect$$$$0000000D))

<P><STRONG><a name="[127]"></a>__rt_final_exit</STRONG> (Thumb, 0 bytes, Stack size unknown bytes, entry11a.o(.ARM.Collect$$$$0000000F))

<P><STRONG><a name="[bc]"></a>__rt_ctype_table</STRONG> (Thumb, 4 bytes, Stack size 0 bytes, ctype_o.o(.text))
<BR><BR>[Called By]<UL><LI><a href="#[b8]">&gt;&gt;</a>&nbsp;&nbsp;&nbsp;strtol
</UL>

<P><STRONG><a name="[e2]"></a>toupper</STRONG> (Thumb, 12 bytes, Stack size 0 bytes, toupper.o(.text))
<BR><BR>[Called By]<UL><LI><a href="#[d6]">&gt;&gt;</a>&nbsp;&nbsp;&nbsp;CU_compare_strings
<LI><a href="#[e3]">&gt;&gt;</a>&nbsp;&nbsp;&nbsp;CU_console_run_tests
</UL>

<P><STRONG><a name="[112]"></a>tolower</STRONG> (Thumb, 12 bytes, Stack size 0 bytes, tolower.o(.text))
<BR><BR>[Called By]<UL><LI><a href="#[ee]">&gt;&gt;</a>&nbsp;&nbsp;&nbsp;console_set_options_run
</UL>

<P><STRONG><a name="[b4]"></a>__aeabi_memset</STRONG> (Thumb, 14 bytes, Stack size 0 bytes, memseta.o(.text), UNUSED)
<BR><BR>[Called By]<UL><LI><a href="#[b5]">&gt;&gt;</a>&nbsp;&nbsp;&nbsp;_memset$wrapper
<LI><a href="#[b3]">&gt;&gt;</a>&nbsp;&nbsp;&nbsp;__aeabi_memclr
</UL>

<P><STRONG><a name="[128]"></a>__aeabi_memset4</STRONG> (Thumb, 0 bytes, Stack size 0 bytes, memseta.o(.text), UNUSED)

<P><STRONG><a name="[129]"></a>__aeabi_memset8</STRONG> (Thumb, 0 bytes, Stack size 0 bytes, memseta.o(.text), UNUSED)

<P><STRONG><a name="[b3]"></a>__aeabi_memclr</STRONG> (Thumb, 4 bytes, Stack size 0 bytes, memseta.o(.text), UNUSED)
<BR><BR>[Calls]<UL><LI><a href="#[b4]">&gt;&gt;</a>&nbsp;&nbsp;&nbsp;__aeabi_memset
</UL>

<P><STRONG><a name="[e1]"></a>__aeabi_memclr4</STRONG> (Thumb, 0 bytes, Stack size 0 bytes, memseta.o(.text))
<BR><BR>[Called By]<UL><LI><a href="#[e0]">&gt;&gt;</a>&nbsp;&nbsp;&nbsp;CU_clear_previous_results
<LI><a href="#[f4]">&gt;&gt;</a>&nbsp;&nbsp;&nbsp;CU_run_test
<LI><a href="#[f3]">&gt;&gt;</a>&nbsp;&nbsp;&nbsp;CU_run_suite
<LI><a href="#[ef]">&gt;&gt;</a>&nbsp;&nbsp;&nbsp;CU_run_all_tests
</UL>

<P><STRONG><a name="[12a]"></a>__aeabi_memclr8</STRONG> (Thumb, 0 bytes, Stack size 0 bytes, memseta.o(.text), UNUSED)

<P><STRONG><a name="[b5]"></a>_memset$wrapper</STRONG> (Thumb, 18 bytes, Stack size 8 bytes, memseta.o(.text), UNUSED)
<BR><BR>[Calls]<UL><LI><a href="#[b4]">&gt;&gt;</a>&nbsp;&nbsp;&nbsp;__aeabi_memset
</UL>

<P><STRONG><a name="[d4]"></a>strlen</STRONG> (Thumb, 14 bytes, Stack size 0 bytes, strlen.o(.text))
<BR><BR>[Called By]<UL><LI><a href="#[dc]">&gt;&gt;</a>&nbsp;&nbsp;&nbsp;add_failure
<LI><a href="#[da]">&gt;&gt;</a>&nbsp;&nbsp;&nbsp;CU_add_test
<LI><a href="#[d2]">&gt;&gt;</a>&nbsp;&nbsp;&nbsp;CU_add_suite_with_setup_and_teardown
<LI><a href="#[f6]">&gt;&gt;</a>&nbsp;&nbsp;&nbsp;CU_number_width
</UL>

<P><STRONG><a name="[d5]"></a>strcpy</STRONG> (Thumb, 18 bytes, Stack size 0 bytes, strcpy.o(.text))
<BR><BR>[Called By]<UL><LI><a href="#[dc]">&gt;&gt;</a>&nbsp;&nbsp;&nbsp;add_failure
<LI><a href="#[da]">&gt;&gt;</a>&nbsp;&nbsp;&nbsp;CU_add_test
<LI><a href="#[d2]">&gt;&gt;</a>&nbsp;&nbsp;&nbsp;CU_add_suite_with_setup_and_teardown
</UL>

<P><STRONG><a name="[b6]"></a>atol</STRONG> (Thumb, 26 bytes, Stack size 16 bytes, atol.o(.text))
<BR><BR>[Stack]<UL><LI>Max Depth = 88<LI>Call Chain = atol &rArr; strtol &rArr; _strtoul
</UL>
<BR>[Calls]<UL><LI><a href="#[b8]">&gt;&gt;</a>&nbsp;&nbsp;&nbsp;strtol
<LI><a href="#[b7]">&gt;&gt;</a>&nbsp;&nbsp;&nbsp;__aeabi_errno_addr
</UL>
<BR>[Called By]<UL><LI><a href="#[f1]">&gt;&gt;</a>&nbsp;&nbsp;&nbsp;select_test
<LI><a href="#[ec]">&gt;&gt;</a>&nbsp;&nbsp;&nbsp;select_suite
</UL>

<P><STRONG><a name="[af]"></a>__cpp_initialize__aeabi_</STRONG> (Thumb, 24 bytes, Stack size 16 bytes, cpp_init.o(.text))
<BR><BR>[Stack]<UL><LI>Max Depth = 16<LI>Call Chain = __cpp_initialize__aeabi_
</UL>
<BR>[Called By]<UL><LI><a href="#[b2]">&gt;&gt;</a>&nbsp;&nbsp;&nbsp;_main_cpp_init$empty
</UL>

<P><STRONG><a name="[114]"></a>setjmp</STRONG> (Thumb, 26 bytes, Stack size 8 bytes, setjmp.o(.text))
<BR><BR>[Stack]<UL><LI>Max Depth = 8<LI>Call Chain = setjmp
</UL>
<BR>[Called By]<UL><LI><a href="#[103]">&gt;&gt;</a>&nbsp;&nbsp;&nbsp;run_single_test
</UL>

<P><STRONG><a name="[dd]"></a>longjmp</STRONG> (Thumb, 36 bytes, Stack size 0 bytes, setjmp.o(.text))
<BR><BR>[Called By]<UL><LI><a href="#[db]">&gt;&gt;</a>&nbsp;&nbsp;&nbsp;CU_assertImplementation
</UL>

<P><STRONG><a name="[12b]"></a>__aeabi_uidiv</STRONG> (Thumb, 0 bytes, Stack size 12 bytes, uidiv.o(.text), UNUSED)

<P><STRONG><a name="[120]"></a>__aeabi_uidivmod</STRONG> (Thumb, 44 bytes, Stack size 12 bytes, uidiv.o(.text), UNUSED)
<BR><BR>[Called By]<UL><LI><a href="#[119]">&gt;&gt;</a>&nbsp;&nbsp;&nbsp;_printf_core
</UL>

<P><STRONG><a name="[b9]"></a>__aeabi_uldivmod</STRONG> (Thumb, 98 bytes, Stack size 40 bytes, uldiv.o(.text), UNUSED)
<BR><BR>[Calls]<UL><LI><a href="#[ba]">&gt;&gt;</a>&nbsp;&nbsp;&nbsp;__aeabi_llsr
<LI><a href="#[bb]">&gt;&gt;</a>&nbsp;&nbsp;&nbsp;__aeabi_llsl
</UL>
<BR>[Called By]<UL><LI><a href="#[119]">&gt;&gt;</a>&nbsp;&nbsp;&nbsp;_printf_core
<LI><a href="#[11c]">&gt;&gt;</a>&nbsp;&nbsp;&nbsp;_fp_digits
</UL>

<P><STRONG><a name="[b8]"></a>strtol</STRONG> (Thumb, 112 bytes, Stack size 32 bytes, strtol.o(.text))
<BR><BR>[Stack]<UL><LI>Max Depth = 72<LI>Call Chain = strtol &rArr; _strtoul
</UL>
<BR>[Calls]<UL><LI><a href="#[bc]">&gt;&gt;</a>&nbsp;&nbsp;&nbsp;__rt_ctype_table
<LI><a href="#[bd]">&gt;&gt;</a>&nbsp;&nbsp;&nbsp;_strtoul
<LI><a href="#[b7]">&gt;&gt;</a>&nbsp;&nbsp;&nbsp;__aeabi_errno_addr
</UL>
<BR>[Called By]<UL><LI><a href="#[b6]">&gt;&gt;</a>&nbsp;&nbsp;&nbsp;atol
</UL>

<P><STRONG><a name="[12c]"></a>__I$use$fp</STRONG> (Thumb, 0 bytes, Stack size 48 bytes, iusefp.o(.text), UNUSED)

<P><STRONG><a name="[be]"></a>__aeabi_dadd</STRONG> (Thumb, 322 bytes, Stack size 48 bytes, dadd.o(.text), UNUSED)
<BR><BR>[Calls]<UL><LI><a href="#[bf]">&gt;&gt;</a>&nbsp;&nbsp;&nbsp;__aeabi_lasr
<LI><a href="#[bb]">&gt;&gt;</a>&nbsp;&nbsp;&nbsp;__aeabi_llsl
<LI><a href="#[c1]">&gt;&gt;</a>&nbsp;&nbsp;&nbsp;_double_round
<LI><a href="#[c0]">&gt;&gt;</a>&nbsp;&nbsp;&nbsp;_double_epilogue
</UL>
<BR>[Called By]<UL><LI><a href="#[11c]">&gt;&gt;</a>&nbsp;&nbsp;&nbsp;_fp_digits
<LI><a href="#[c3]">&gt;&gt;</a>&nbsp;&nbsp;&nbsp;__aeabi_drsub
<LI><a href="#[c2]">&gt;&gt;</a>&nbsp;&nbsp;&nbsp;__aeabi_dsub
</UL>

<P><STRONG><a name="[c2]"></a>__aeabi_dsub</STRONG> (Thumb, 6 bytes, Stack size 0 bytes, dadd.o(.text), UNUSED)
<BR><BR>[Calls]<UL><LI><a href="#[be]">&gt;&gt;</a>&nbsp;&nbsp;&nbsp;__aeabi_dadd
</UL>

<P><STRONG><a name="[c3]"></a>__aeabi_drsub</STRONG> (Thumb, 6 bytes, Stack size 0 bytes, dadd.o(.text), UNUSED)
<BR><BR>[Calls]<UL><LI><a href="#[be]">&gt;&gt;</a>&nbsp;&nbsp;&nbsp;__aeabi_dadd
</UL>

<P><STRONG><a name="[c4]"></a>__aeabi_dmul</STRONG> (Thumb, 228 bytes, Stack size 48 bytes, dmul.o(.text), UNUSED)
<BR><BR>[Calls]<UL><LI><a href="#[c0]">&gt;&gt;</a>&nbsp;&nbsp;&nbsp;_double_epilogue
</UL>
<BR>[Called By]<UL><LI><a href="#[11c]">&gt;&gt;</a>&nbsp;&nbsp;&nbsp;_fp_digits
</UL>

<P><STRONG><a name="[c5]"></a>__aeabi_ddiv</STRONG> (Thumb, 222 bytes, Stack size 32 bytes, ddiv.o(.text), UNUSED)
<BR><BR>[Calls]<UL><LI><a href="#[c1]">&gt;&gt;</a>&nbsp;&nbsp;&nbsp;_double_round
</UL>
<BR>[Called By]<UL><LI><a href="#[11c]">&gt;&gt;</a>&nbsp;&nbsp;&nbsp;_fp_digits
</UL>

<P><STRONG><a name="[c6]"></a>__aeabi_d2ulz</STRONG> (Thumb, 48 bytes, Stack size 0 bytes, dfixul.o(.text), UNUSED)
<BR><BR>[Calls]<UL><LI><a href="#[ba]">&gt;&gt;</a>&nbsp;&nbsp;&nbsp;__aeabi_llsr
<LI><a href="#[bb]">&gt;&gt;</a>&nbsp;&nbsp;&nbsp;__aeabi_llsl
</UL>
<BR>[Called By]<UL><LI><a href="#[11c]">&gt;&gt;</a>&nbsp;&nbsp;&nbsp;_fp_digits
</UL>

<P><STRONG><a name="[11d]"></a>__aeabi_cdrcmple</STRONG> (Thumb, 48 bytes, Stack size 0 bytes, cdrcmple.o(.text), UNUSED)
<BR><BR>[Called By]<UL><LI><a href="#[11c]">&gt;&gt;</a>&nbsp;&nbsp;&nbsp;_fp_digits
</UL>

<P><STRONG><a name="[b1]"></a>__scatterload</STRONG> (Thumb, 28 bytes, Stack size 0 bytes, init.o(.text))
<BR><BR>[Calls]<UL><LI><a href="#[c7]">&gt;&gt;</a>&nbsp;&nbsp;&nbsp;__main_after_scatterload
</UL>
<BR>[Called By]<UL><LI><a href="#[b0]">&gt;&gt;</a>&nbsp;&nbsp;&nbsp;_main_scatterload
</UL>

<P><STRONG><a name="[12d]"></a>__scatterload_rt2</STRONG> (Thumb, 0 bytes, Stack size 0 bytes, init.o(.text), UNUSED)

<P><STRONG><a name="[bb]"></a>__aeabi_llsl</STRONG> (Thumb, 30 bytes, Stack size 0 bytes, llshl.o(.text), UNUSED)
<BR><BR>[Called By]<UL><LI><a href="#[b9]">&gt;&gt;</a>&nbsp;&nbsp;&nbsp;__aeabi_uldivmod
<LI><a href="#[be]">&gt;&gt;</a>&nbsp;&nbsp;&nbsp;__aeabi_dadd
<LI><a href="#[c6]">&gt;&gt;</a>&nbsp;&nbsp;&nbsp;__aeabi_d2ulz
<LI><a href="#[c0]">&gt;&gt;</a>&nbsp;&nbsp;&nbsp;_double_epilogue
</UL>

<P><STRONG><a name="[12e]"></a>_ll_shift_l</STRONG> (Thumb, 0 bytes, Stack size 0 bytes, llshl.o(.text), UNUSED)

<P><STRONG><a name="[ba]"></a>__aeabi_llsr</STRONG> (Thumb, 32 bytes, Stack size 0 bytes, llushr.o(.text), UNUSED)
<BR><BR>[Called By]<UL><LI><a href="#[b9]">&gt;&gt;</a>&nbsp;&nbsp;&nbsp;__aeabi_uldivmod
<LI><a href="#[c6]">&gt;&gt;</a>&nbsp;&nbsp;&nbsp;__aeabi_d2ulz
<LI><a href="#[c0]">&gt;&gt;</a>&nbsp;&nbsp;&nbsp;_double_epilogue
</UL>

<P><STRONG><a name="[12f]"></a>_ll_ushift_r</STRONG> (Thumb, 0 bytes, Stack size 0 bytes, llushr.o(.text), UNUSED)

<P><STRONG><a name="[bf]"></a>__aeabi_lasr</STRONG> (Thumb, 36 bytes, Stack size 0 bytes, llsshr.o(.text), UNUSED)
<BR><BR>[Called By]<UL><LI><a href="#[be]">&gt;&gt;</a>&nbsp;&nbsp;&nbsp;__aeabi_dadd
</UL>

<P><STRONG><a name="[130]"></a>_ll_sshift_r</STRONG> (Thumb, 0 bytes, Stack size 0 bytes, llsshr.o(.text), UNUSED)

<P><STRONG><a name="[bd]"></a>_strtoul</STRONG> (Thumb, 158 bytes, Stack size 40 bytes, _strtoul.o(.text))
<BR><BR>[Stack]<UL><LI>Max Depth = 40<LI>Call Chain = _strtoul
</UL>
<BR>[Calls]<UL><LI><a href="#[c8]">&gt;&gt;</a>&nbsp;&nbsp;&nbsp;_chval
<LI><a href="#[b7]">&gt;&gt;</a>&nbsp;&nbsp;&nbsp;__aeabi_errno_addr
</UL>
<BR>[Called By]<UL><LI><a href="#[b8]">&gt;&gt;</a>&nbsp;&nbsp;&nbsp;strtol
</UL>

<P><STRONG><a name="[c1]"></a>_double_round</STRONG> (Thumb, 30 bytes, Stack size 8 bytes, depilogue.o(.text), UNUSED)
<BR><BR>[Called By]<UL><LI><a href="#[c5]">&gt;&gt;</a>&nbsp;&nbsp;&nbsp;__aeabi_ddiv
<LI><a href="#[be]">&gt;&gt;</a>&nbsp;&nbsp;&nbsp;__aeabi_dadd
<LI><a href="#[c0]">&gt;&gt;</a>&nbsp;&nbsp;&nbsp;_double_epilogue
</UL>

<P><STRONG><a name="[c0]"></a>_double_epilogue</STRONG> (Thumb, 156 bytes, Stack size 32 bytes, depilogue.o(.text), UNUSED)
<BR><BR>[Calls]<UL><LI><a href="#[ba]">&gt;&gt;</a>&nbsp;&nbsp;&nbsp;__aeabi_llsr
<LI><a href="#[bb]">&gt;&gt;</a>&nbsp;&nbsp;&nbsp;__aeabi_llsl
<LI><a href="#[c1]">&gt;&gt;</a>&nbsp;&nbsp;&nbsp;_double_round
</UL>
<BR>[Called By]<UL><LI><a href="#[c4]">&gt;&gt;</a>&nbsp;&nbsp;&nbsp;__aeabi_dmul
<LI><a href="#[be]">&gt;&gt;</a>&nbsp;&nbsp;&nbsp;__aeabi_dadd
</UL>

<P><STRONG><a name="[c8]"></a>_chval</STRONG> (Thumb, 28 bytes, Stack size 0 bytes, _chval.o(.text))
<BR><BR>[Called By]<UL><LI><a href="#[bd]">&gt;&gt;</a>&nbsp;&nbsp;&nbsp;_strtoul
</UL>

<P><STRONG><a name="[c9]"></a>AddTests</STRONG> (Thumb, 100 bytes, Stack size 8 bytes, main.o(.text.AddTests))
<BR><BR>[Stack]<UL><LI>Max Depth = 160<LI>Call Chain = AddTests &rArr; CU_register_suites &rArr; CU_register_nsuites &rArr; CU_add_suite_with_setup_and_teardown &rArr; CU_compare_strings &rArr; __aeabi_assert &rArr; fwrite
</UL>
<BR>[Calls]<UL><LI><a href="#[ce]">&gt;&gt;</a>&nbsp;&nbsp;&nbsp;CU_get_error_msg
<LI><a href="#[cd]">&gt;&gt;</a>&nbsp;&nbsp;&nbsp;CU_register_suites
<LI><a href="#[cc]">&gt;&gt;</a>&nbsp;&nbsp;&nbsp;CU_is_test_running
<LI><a href="#[ca]">&gt;&gt;</a>&nbsp;&nbsp;&nbsp;CU_get_registry
<LI><a href="#[cb]">&gt;&gt;</a>&nbsp;&nbsp;&nbsp;__2printf
<LI><a href="#[cf]">&gt;&gt;</a>&nbsp;&nbsp;&nbsp;__2fprintf
</UL>
<BR>[Called By]<UL><LI><a href="#[93]">&gt;&gt;</a>&nbsp;&nbsp;&nbsp;main
</UL>

<P><STRONG><a name="[117]"></a>CLK_DisableModuleClock</STRONG> (Thumb, 38 bytes, Stack size 0 bytes, clk.o(.text.CLK_DisableModuleClock))
<BR><BR>[Called By]<UL><LI><a href="#[ad]">&gt;&gt;</a>&nbsp;&nbsp;&nbsp;suite_success_clean
</UL>

<P><STRONG><a name="[10d]"></a>CLK_EnableAPLL</STRONG> (Thumb, 1070 bytes, Stack size 48 bytes, clk.o(.text.CLK_EnableAPLL))
<BR><BR>[Stack]<UL><LI>Max Depth = 48<LI>Call Chain = CLK_EnableAPLL
</UL>
<BR>[Called By]<UL><LI><a href="#[10a]">&gt;&gt;</a>&nbsp;&nbsp;&nbsp;SYS_Init
</UL>

<P><STRONG><a name="[105]"></a>CLK_EnableModuleClock</STRONG> (Thumb, 168 bytes, Stack size 16 bytes, clk.o(.text.CLK_EnableModuleClock))
<BR><BR>[Stack]<UL><LI>Max Depth = 16<LI>Call Chain = CLK_EnableModuleClock
</UL>
<BR>[Called By]<UL><LI><a href="#[9e]">&gt;&gt;</a>&nbsp;&nbsp;&nbsp;Func_PSIO_GET_INT_FLAG
<LI><a href="#[ac]">&gt;&gt;</a>&nbsp;&nbsp;&nbsp;suite_success_init
<LI><a href="#[93]">&gt;&gt;</a>&nbsp;&nbsp;&nbsp;main
<LI><a href="#[10a]">&gt;&gt;</a>&nbsp;&nbsp;&nbsp;SYS_Init
</UL>

<P><STRONG><a name="[10b]"></a>CLK_EnableXtalRC</STRONG> (Thumb, 16 bytes, Stack size 0 bytes, clk.o(.text.CLK_EnableXtalRC))
<BR><BR>[Called By]<UL><LI><a href="#[10a]">&gt;&gt;</a>&nbsp;&nbsp;&nbsp;SYS_Init
</UL>

<P><STRONG><a name="[107]"></a>CLK_SetModuleClock</STRONG> (Thumb, 184 bytes, Stack size 16 bytes, clk.o(.text.CLK_SetModuleClock))
<BR><BR>[Stack]<UL><LI>Max Depth = 16<LI>Call Chain = CLK_SetModuleClock
</UL>
<BR>[Called By]<UL><LI><a href="#[ab]">&gt;&gt;</a>&nbsp;&nbsp;&nbsp;Func_PSIO_STOP_SC
<LI><a href="#[93]">&gt;&gt;</a>&nbsp;&nbsp;&nbsp;main
</UL>

<P><STRONG><a name="[d0]"></a>CLK_SetSCLK</STRONG> (Thumb, 346 bytes, Stack size 32 bytes, clk.o(.text.CLK_SetSCLK))
<BR><BR>[Stack]<UL><LI>Max Depth = 48<LI>Call Chain = CLK_SetSCLK &rArr; SystemCoreClockUpdate &rArr; SystemClockUpdate
</UL>
<BR>[Calls]<UL><LI><a href="#[d1]">&gt;&gt;</a>&nbsp;&nbsp;&nbsp;SystemCoreClockUpdate
</UL>
<BR>[Called By]<UL><LI><a href="#[10a]">&gt;&gt;</a>&nbsp;&nbsp;&nbsp;SYS_Init
</UL>

<P><STRONG><a name="[10c]"></a>CLK_WaitClockReady</STRONG> (Thumb, 102 bytes, Stack size 0 bytes, clk.o(.text.CLK_WaitClockReady))
<BR><BR>[Called By]<UL><LI><a href="#[10a]">&gt;&gt;</a>&nbsp;&nbsp;&nbsp;SYS_Init
</UL>

<P><STRONG><a name="[d2]"></a>CU_add_suite_with_setup_and_teardown</STRONG> (Thumb, 350 bytes, Stack size 40 bytes, testdb.o(.text.CU_add_suite_with_setup_and_teardown))
<BR><BR>[Stack]<UL><LI>Max Depth = 104<LI>Call Chain = CU_add_suite_with_setup_and_teardown &rArr; CU_compare_strings &rArr; __aeabi_assert &rArr; fwrite
</UL>
<BR>[Calls]<UL><LI><a href="#[d6]">&gt;&gt;</a>&nbsp;&nbsp;&nbsp;CU_compare_strings
<LI><a href="#[d9]">&gt;&gt;</a>&nbsp;&nbsp;&nbsp;CU_set_error
<LI><a href="#[cc]">&gt;&gt;</a>&nbsp;&nbsp;&nbsp;CU_is_test_running
<LI><a href="#[d8]">&gt;&gt;</a>&nbsp;&nbsp;&nbsp;__aeabi_assert
<LI><a href="#[d3]">&gt;&gt;</a>&nbsp;&nbsp;&nbsp;malloc
<LI><a href="#[d7]">&gt;&gt;</a>&nbsp;&nbsp;&nbsp;free
<LI><a href="#[d5]">&gt;&gt;</a>&nbsp;&nbsp;&nbsp;strcpy
<LI><a href="#[d4]">&gt;&gt;</a>&nbsp;&nbsp;&nbsp;strlen
</UL>
<BR>[Called By]<UL><LI><a href="#[ff]">&gt;&gt;</a>&nbsp;&nbsp;&nbsp;CU_register_nsuites
</UL>

<P><STRONG><a name="[da]"></a>CU_add_test</STRONG> (Thumb, 330 bytes, Stack size 24 bytes, testdb.o(.text.CU_add_test))
<BR><BR>[Stack]<UL><LI>Max Depth = 88<LI>Call Chain = CU_add_test &rArr; CU_compare_strings &rArr; __aeabi_assert &rArr; fwrite
</UL>
<BR>[Calls]<UL><LI><a href="#[d6]">&gt;&gt;</a>&nbsp;&nbsp;&nbsp;CU_compare_strings
<LI><a href="#[d9]">&gt;&gt;</a>&nbsp;&nbsp;&nbsp;CU_set_error
<LI><a href="#[cc]">&gt;&gt;</a>&nbsp;&nbsp;&nbsp;CU_is_test_running
<LI><a href="#[d8]">&gt;&gt;</a>&nbsp;&nbsp;&nbsp;__aeabi_assert
<LI><a href="#[d3]">&gt;&gt;</a>&nbsp;&nbsp;&nbsp;malloc
<LI><a href="#[d7]">&gt;&gt;</a>&nbsp;&nbsp;&nbsp;free
<LI><a href="#[d5]">&gt;&gt;</a>&nbsp;&nbsp;&nbsp;strcpy
<LI><a href="#[d4]">&gt;&gt;</a>&nbsp;&nbsp;&nbsp;strlen
</UL>
<BR>[Called By]<UL><LI><a href="#[ff]">&gt;&gt;</a>&nbsp;&nbsp;&nbsp;CU_register_nsuites
</UL>

<P><STRONG><a name="[db]"></a>CU_assertImplementation</STRONG> (Thumb, 140 bytes, Stack size 40 bytes, testrun.o(.text.CU_assertImplementation))
<BR><BR>[Stack]<UL><LI>Max Depth = 100<LI>Call Chain = CU_assertImplementation &rArr; add_failure &rArr; malloc
</UL>
<BR>[Calls]<UL><LI><a href="#[dd]">&gt;&gt;</a>&nbsp;&nbsp;&nbsp;longjmp
<LI><a href="#[dc]">&gt;&gt;</a>&nbsp;&nbsp;&nbsp;add_failure
<LI><a href="#[d8]">&gt;&gt;</a>&nbsp;&nbsp;&nbsp;__aeabi_assert
</UL>
<BR>[Called By]<UL><LI><a href="#[9c]">&gt;&gt;</a>&nbsp;&nbsp;&nbsp;Func_PSIO_CONSTANT
<LI><a href="#[ab]">&gt;&gt;</a>&nbsp;&nbsp;&nbsp;Func_PSIO_STOP_SC
<LI><a href="#[aa]">&gt;&gt;</a>&nbsp;&nbsp;&nbsp;Func_PSIO_GET_INPUT_STATUS
<LI><a href="#[a9]">&gt;&gt;</a>&nbsp;&nbsp;&nbsp;Func_PSIO_GET_INPUT
<LI><a href="#[a8]">&gt;&gt;</a>&nbsp;&nbsp;&nbsp;Func_PSIO_SET_INTCTL
<LI><a href="#[a7]">&gt;&gt;</a>&nbsp;&nbsp;&nbsp;Func_PSIO_SET_ACTION
<LI><a href="#[a6]">&gt;&gt;</a>&nbsp;&nbsp;&nbsp;Func_PSIO_SCSLOT_SET_SLOT
<LI><a href="#[a5]">&gt;&gt;</a>&nbsp;&nbsp;&nbsp;Func_PSIO_SET_CHECKPOINT
<LI><a href="#[a4]">&gt;&gt;</a>&nbsp;&nbsp;&nbsp;Func_PSIO_SET_DATCTL
<LI><a href="#[a3]">&gt;&gt;</a>&nbsp;&nbsp;&nbsp;Func_PSIO_SET_GENCTL
<LI><a href="#[a2]">&gt;&gt;</a>&nbsp;&nbsp;&nbsp;Func_PSIO_SET_SCCTL
<LI><a href="#[a1]">&gt;&gt;</a>&nbsp;&nbsp;&nbsp;Func_PSIO_PDMA_MACRO
<LI><a href="#[a0]">&gt;&gt;</a>&nbsp;&nbsp;&nbsp;Func_PSIO_GET_INPUT_STATUS_STATE
<LI><a href="#[9f]">&gt;&gt;</a>&nbsp;&nbsp;&nbsp;Func_PSIO_GET_TRANSFER_STATUS
<LI><a href="#[9e]">&gt;&gt;</a>&nbsp;&nbsp;&nbsp;Func_PSIO_GET_INT_FLAG
<LI><a href="#[9d]">&gt;&gt;</a>&nbsp;&nbsp;&nbsp;Func_PSIO_ENABLE_INT
</UL>

<P><STRONG><a name="[de]"></a>CU_cleanup_registry</STRONG> (Thumb, 56 bytes, Stack size 8 bytes, testdb.o(.text.CU_cleanup_registry))
<BR><BR>[Stack]<UL><LI>Max Depth = 80<LI>Call Chain = CU_cleanup_registry &rArr; CU_destroy_existing_registry &rArr; __aeabi_assert &rArr; fwrite
</UL>
<BR>[Calls]<UL><LI><a href="#[e0]">&gt;&gt;</a>&nbsp;&nbsp;&nbsp;CU_clear_previous_results
<LI><a href="#[df]">&gt;&gt;</a>&nbsp;&nbsp;&nbsp;CU_destroy_existing_registry
<LI><a href="#[d9]">&gt;&gt;</a>&nbsp;&nbsp;&nbsp;CU_set_error
<LI><a href="#[cc]">&gt;&gt;</a>&nbsp;&nbsp;&nbsp;CU_is_test_running
<LI><a href="#[d8]">&gt;&gt;</a>&nbsp;&nbsp;&nbsp;__aeabi_assert
</UL>
<BR>[Called By]<UL><LI><a href="#[93]">&gt;&gt;</a>&nbsp;&nbsp;&nbsp;main
</UL>

<P><STRONG><a name="[e0]"></a>CU_clear_previous_results</STRONG> (Thumb, 86 bytes, Stack size 16 bytes, testrun.o(.text.CU_clear_previous_results))
<BR><BR>[Stack]<UL><LI>Max Depth = 24<LI>Call Chain = CU_clear_previous_results &rArr; free
</UL>
<BR>[Calls]<UL><LI><a href="#[d7]">&gt;&gt;</a>&nbsp;&nbsp;&nbsp;free
<LI><a href="#[e1]">&gt;&gt;</a>&nbsp;&nbsp;&nbsp;__aeabi_memclr4
</UL>
<BR>[Called By]<UL><LI><a href="#[de]">&gt;&gt;</a>&nbsp;&nbsp;&nbsp;CU_cleanup_registry
<LI><a href="#[fb]">&gt;&gt;</a>&nbsp;&nbsp;&nbsp;CU_initialize_registry
</UL>

<P><STRONG><a name="[d6]"></a>CU_compare_strings</STRONG> (Thumb, 108 bytes, Stack size 24 bytes, util.o(.text.CU_compare_strings))
<BR><BR>[Stack]<UL><LI>Max Depth = 64<LI>Call Chain = CU_compare_strings &rArr; __aeabi_assert &rArr; fwrite
</UL>
<BR>[Calls]<UL><LI><a href="#[d8]">&gt;&gt;</a>&nbsp;&nbsp;&nbsp;__aeabi_assert
<LI><a href="#[e2]">&gt;&gt;</a>&nbsp;&nbsp;&nbsp;toupper
</UL>
<BR>[Called By]<UL><LI><a href="#[fa]">&gt;&gt;</a>&nbsp;&nbsp;&nbsp;CU_get_test_by_name
<LI><a href="#[da]">&gt;&gt;</a>&nbsp;&nbsp;&nbsp;CU_add_test
<LI><a href="#[d2]">&gt;&gt;</a>&nbsp;&nbsp;&nbsp;CU_add_suite_with_setup_and_teardown
</UL>

<P><STRONG><a name="[e3]"></a>CU_console_run_tests</STRONG> (Thumb, 1024 bytes, Stack size 48 bytes, console.o(.text.CU_console_run_tests))
<BR><BR>[Stack]<UL><LI>Max Depth = 404<LI>Call Chain = CU_console_run_tests &rArr; CU_run_all_tests &rArr; run_single_suite &rArr; run_single_test &rArr; add_failure &rArr; malloc
</UL>
<BR>[Calls]<UL><LI><a href="#[d9]">&gt;&gt;</a>&nbsp;&nbsp;&nbsp;CU_set_error
<LI><a href="#[f4]">&gt;&gt;</a>&nbsp;&nbsp;&nbsp;CU_run_test
<LI><a href="#[f3]">&gt;&gt;</a>&nbsp;&nbsp;&nbsp;CU_run_suite
<LI><a href="#[f0]">&gt;&gt;</a>&nbsp;&nbsp;&nbsp;CU_set_test_active
<LI><a href="#[ef]">&gt;&gt;</a>&nbsp;&nbsp;&nbsp;CU_run_all_tests
<LI><a href="#[eb]">&gt;&gt;</a>&nbsp;&nbsp;&nbsp;CU_set_suite_active
<LI><a href="#[e8]">&gt;&gt;</a>&nbsp;&nbsp;&nbsp;CU_set_suite_cleanup_failure_handler
<LI><a href="#[e7]">&gt;&gt;</a>&nbsp;&nbsp;&nbsp;CU_set_suite_init_failure_handler
<LI><a href="#[e6]">&gt;&gt;</a>&nbsp;&nbsp;&nbsp;CU_set_all_test_complete_handler
<LI><a href="#[e5]">&gt;&gt;</a>&nbsp;&nbsp;&nbsp;CU_set_test_complete_handler
<LI><a href="#[e4]">&gt;&gt;</a>&nbsp;&nbsp;&nbsp;CU_set_test_start_handler
<LI><a href="#[f2]">&gt;&gt;</a>&nbsp;&nbsp;&nbsp;list_tests
<LI><a href="#[f1]">&gt;&gt;</a>&nbsp;&nbsp;&nbsp;select_test
<LI><a href="#[ee]">&gt;&gt;</a>&nbsp;&nbsp;&nbsp;console_set_options_run
<LI><a href="#[ed]">&gt;&gt;</a>&nbsp;&nbsp;&nbsp;list_suites
<LI><a href="#[ec]">&gt;&gt;</a>&nbsp;&nbsp;&nbsp;select_suite
<LI><a href="#[ea]">&gt;&gt;</a>&nbsp;&nbsp;&nbsp;show_failures
<LI><a href="#[ca]">&gt;&gt;</a>&nbsp;&nbsp;&nbsp;CU_get_registry
<LI><a href="#[99]">&gt;&gt;</a>&nbsp;&nbsp;&nbsp;fputc
<LI><a href="#[d8]">&gt;&gt;</a>&nbsp;&nbsp;&nbsp;__aeabi_assert
<LI><a href="#[cf]">&gt;&gt;</a>&nbsp;&nbsp;&nbsp;__2fprintf
<LI><a href="#[e2]">&gt;&gt;</a>&nbsp;&nbsp;&nbsp;toupper
<LI><a href="#[e9]">&gt;&gt;</a>&nbsp;&nbsp;&nbsp;getc
</UL>
<BR>[Called By]<UL><LI><a href="#[93]">&gt;&gt;</a>&nbsp;&nbsp;&nbsp;main
</UL>

<P><STRONG><a name="[df]"></a>CU_destroy_existing_registry</STRONG> (Thumb, 136 bytes, Stack size 32 bytes, testdb.o(.text.CU_destroy_existing_registry))
<BR><BR>[Stack]<UL><LI>Max Depth = 72<LI>Call Chain = CU_destroy_existing_registry &rArr; __aeabi_assert &rArr; fwrite
</UL>
<BR>[Calls]<UL><LI><a href="#[d8]">&gt;&gt;</a>&nbsp;&nbsp;&nbsp;__aeabi_assert
<LI><a href="#[d7]">&gt;&gt;</a>&nbsp;&nbsp;&nbsp;free
</UL>
<BR>[Called By]<UL><LI><a href="#[de]">&gt;&gt;</a>&nbsp;&nbsp;&nbsp;CU_cleanup_registry
<LI><a href="#[fb]">&gt;&gt;</a>&nbsp;&nbsp;&nbsp;CU_initialize_registry
</UL>

<P><STRONG><a name="[100]"></a>CU_get_error</STRONG> (Thumb, 12 bytes, Stack size 0 bytes, cuerror.o(.text.CU_get_error))
<BR><BR>[Called By]<UL><LI><a href="#[ff]">&gt;&gt;</a>&nbsp;&nbsp;&nbsp;CU_register_nsuites
</UL>

<P><STRONG><a name="[102]"></a>CU_get_error_action</STRONG> (Thumb, 12 bytes, Stack size 0 bytes, cuerror.o(.text.CU_get_error_action))
<BR><BR>[Called By]<UL><LI><a href="#[101]">&gt;&gt;</a>&nbsp;&nbsp;&nbsp;run_single_suite
<LI><a href="#[ef]">&gt;&gt;</a>&nbsp;&nbsp;&nbsp;CU_run_all_tests
</UL>

<P><STRONG><a name="[ce]"></a>CU_get_error_msg</STRONG> (Thumb, 38 bytes, Stack size 0 bytes, cuerror.o(.text.CU_get_error_msg))
<BR><BR>[Called By]<UL><LI><a href="#[c9]">&gt;&gt;</a>&nbsp;&nbsp;&nbsp;AddTests
</UL>

<P><STRONG><a name="[111]"></a>CU_get_fail_on_inactive</STRONG> (Thumb, 12 bytes, Stack size 0 bytes, testrun.o(.text.CU_get_fail_on_inactive))
<BR><BR>[Called By]<UL><LI><a href="#[ee]">&gt;&gt;</a>&nbsp;&nbsp;&nbsp;console_set_options_run
</UL>

<P><STRONG><a name="[116]"></a>CU_get_failure_list</STRONG> (Thumb, 12 bytes, Stack size 0 bytes, testrun.o(.text.CU_get_failure_list))
<BR><BR>[Called By]<UL><LI><a href="#[ea]">&gt;&gt;</a>&nbsp;&nbsp;&nbsp;show_failures
</UL>

<P><STRONG><a name="[ca]"></a>CU_get_registry</STRONG> (Thumb, 12 bytes, Stack size 0 bytes, testdb.o(.text.CU_get_registry))
<BR><BR>[Called By]<UL><LI><a href="#[ef]">&gt;&gt;</a>&nbsp;&nbsp;&nbsp;CU_run_all_tests
<LI><a href="#[ed]">&gt;&gt;</a>&nbsp;&nbsp;&nbsp;list_suites
<LI><a href="#[ec]">&gt;&gt;</a>&nbsp;&nbsp;&nbsp;select_suite
<LI><a href="#[e3]">&gt;&gt;</a>&nbsp;&nbsp;&nbsp;CU_console_run_tests
<LI><a href="#[c9]">&gt;&gt;</a>&nbsp;&nbsp;&nbsp;AddTests
<LI><a href="#[f5]">&gt;&gt;</a>&nbsp;&nbsp;&nbsp;CU_get_run_results_string
</UL>

<P><STRONG><a name="[f5]"></a>CU_get_run_results_string</STRONG> (Thumb, 2240 bytes, Stack size 336 bytes, testrun.o(.text.CU_get_run_results_string))
<BR><BR>[Stack]<UL><LI>Max Depth = 424<LI>Call Chain = CU_get_run_results_string &rArr; CU_number_width &rArr; __2snprintf
</UL>
<BR>[Calls]<UL><LI><a href="#[f6]">&gt;&gt;</a>&nbsp;&nbsp;&nbsp;CU_number_width
<LI><a href="#[ca]">&gt;&gt;</a>&nbsp;&nbsp;&nbsp;CU_get_registry
<LI><a href="#[d8]">&gt;&gt;</a>&nbsp;&nbsp;&nbsp;__aeabi_assert
<LI><a href="#[d3]">&gt;&gt;</a>&nbsp;&nbsp;&nbsp;malloc
<LI><a href="#[f7]">&gt;&gt;</a>&nbsp;&nbsp;&nbsp;__2snprintf
</UL>
<BR>[Called By]<UL><LI><a href="#[fc]">&gt;&gt;</a>&nbsp;&nbsp;&nbsp;CU_print_run_results
</UL>

<P><STRONG><a name="[f8]"></a>CU_get_suite_by_index</STRONG> (Thumb, 118 bytes, Stack size 8 bytes, testdb.o(.text.CU_get_suite_by_index))
<BR><BR>[Stack]<UL><LI>Max Depth = 48<LI>Call Chain = CU_get_suite_by_index &rArr; __aeabi_assert &rArr; fwrite
</UL>
<BR>[Calls]<UL><LI><a href="#[d8]">&gt;&gt;</a>&nbsp;&nbsp;&nbsp;__aeabi_assert
</UL>
<BR>[Called By]<UL><LI><a href="#[ec]">&gt;&gt;</a>&nbsp;&nbsp;&nbsp;select_suite
</UL>

<P><STRONG><a name="[f9]"></a>CU_get_test_by_index</STRONG> (Thumb, 106 bytes, Stack size 8 bytes, testdb.o(.text.CU_get_test_by_index))
<BR><BR>[Stack]<UL><LI>Max Depth = 48<LI>Call Chain = CU_get_test_by_index &rArr; __aeabi_assert &rArr; fwrite
</UL>
<BR>[Calls]<UL><LI><a href="#[d8]">&gt;&gt;</a>&nbsp;&nbsp;&nbsp;__aeabi_assert
</UL>
<BR>[Called By]<UL><LI><a href="#[f1]">&gt;&gt;</a>&nbsp;&nbsp;&nbsp;select_test
</UL>

<P><STRONG><a name="[fa]"></a>CU_get_test_by_name</STRONG> (Thumb, 88 bytes, Stack size 16 bytes, testdb.o(.text.CU_get_test_by_name))
<BR><BR>[Stack]<UL><LI>Max Depth = 80<LI>Call Chain = CU_get_test_by_name &rArr; CU_compare_strings &rArr; __aeabi_assert &rArr; fwrite
</UL>
<BR>[Calls]<UL><LI><a href="#[d6]">&gt;&gt;</a>&nbsp;&nbsp;&nbsp;CU_compare_strings
<LI><a href="#[d8]">&gt;&gt;</a>&nbsp;&nbsp;&nbsp;__aeabi_assert
</UL>
<BR>[Called By]<UL><LI><a href="#[f4]">&gt;&gt;</a>&nbsp;&nbsp;&nbsp;CU_run_test
</UL>

<P><STRONG><a name="[fb]"></a>CU_initialize_registry</STRONG> (Thumb, 136 bytes, Stack size 16 bytes, testdb.o(.text.CU_initialize_registry))
<BR><BR>[Stack]<UL><LI>Max Depth = 88<LI>Call Chain = CU_initialize_registry &rArr; CU_destroy_existing_registry &rArr; __aeabi_assert &rArr; fwrite
</UL>
<BR>[Calls]<UL><LI><a href="#[e0]">&gt;&gt;</a>&nbsp;&nbsp;&nbsp;CU_clear_previous_results
<LI><a href="#[df]">&gt;&gt;</a>&nbsp;&nbsp;&nbsp;CU_destroy_existing_registry
<LI><a href="#[d9]">&gt;&gt;</a>&nbsp;&nbsp;&nbsp;CU_set_error
<LI><a href="#[cc]">&gt;&gt;</a>&nbsp;&nbsp;&nbsp;CU_is_test_running
<LI><a href="#[d8]">&gt;&gt;</a>&nbsp;&nbsp;&nbsp;__aeabi_assert
<LI><a href="#[d3]">&gt;&gt;</a>&nbsp;&nbsp;&nbsp;malloc
</UL>
<BR>[Called By]<UL><LI><a href="#[93]">&gt;&gt;</a>&nbsp;&nbsp;&nbsp;main
</UL>

<P><STRONG><a name="[cc]"></a>CU_is_test_running</STRONG> (Thumb, 12 bytes, Stack size 0 bytes, testrun.o(.text.CU_is_test_running))
<BR><BR>[Called By]<UL><LI><a href="#[da]">&gt;&gt;</a>&nbsp;&nbsp;&nbsp;CU_add_test
<LI><a href="#[d2]">&gt;&gt;</a>&nbsp;&nbsp;&nbsp;CU_add_suite_with_setup_and_teardown
<LI><a href="#[de]">&gt;&gt;</a>&nbsp;&nbsp;&nbsp;CU_cleanup_registry
<LI><a href="#[c9]">&gt;&gt;</a>&nbsp;&nbsp;&nbsp;AddTests
<LI><a href="#[fb]">&gt;&gt;</a>&nbsp;&nbsp;&nbsp;CU_initialize_registry
</UL>

<P><STRONG><a name="[f6]"></a>CU_number_width</STRONG> (Thumb, 36 bytes, Stack size 48 bytes, util.o(.text.CU_number_width))
<BR><BR>[Stack]<UL><LI>Max Depth = 88<LI>Call Chain = CU_number_width &rArr; __2snprintf
</UL>
<BR>[Calls]<UL><LI><a href="#[f7]">&gt;&gt;</a>&nbsp;&nbsp;&nbsp;__2snprintf
<LI><a href="#[d4]">&gt;&gt;</a>&nbsp;&nbsp;&nbsp;strlen
</UL>
<BR>[Called By]<UL><LI><a href="#[f2]">&gt;&gt;</a>&nbsp;&nbsp;&nbsp;list_tests
<LI><a href="#[ed]">&gt;&gt;</a>&nbsp;&nbsp;&nbsp;list_suites
<LI><a href="#[f5]">&gt;&gt;</a>&nbsp;&nbsp;&nbsp;CU_get_run_results_string
</UL>

<P><STRONG><a name="[fc]"></a>CU_print_run_results</STRONG> (Thumb, 64 bytes, Stack size 16 bytes, testrun.o(.text.CU_print_run_results))
<BR><BR>[Stack]<UL><LI>Max Depth = 440<LI>Call Chain = CU_print_run_results &rArr; CU_get_run_results_string &rArr; CU_number_width &rArr; __2snprintf
</UL>
<BR>[Calls]<UL><LI><a href="#[d8]">&gt;&gt;</a>&nbsp;&nbsp;&nbsp;__aeabi_assert
<LI><a href="#[d7]">&gt;&gt;</a>&nbsp;&nbsp;&nbsp;free
<LI><a href="#[fe]">&gt;&gt;</a>&nbsp;&nbsp;&nbsp;fwrite
<LI><a href="#[fd]">&gt;&gt;</a>&nbsp;&nbsp;&nbsp;fputs
<LI><a href="#[f5]">&gt;&gt;</a>&nbsp;&nbsp;&nbsp;CU_get_run_results_string
</UL>
<BR>[Called By]<UL><LI><a href="#[96]">&gt;&gt;</a>&nbsp;&nbsp;&nbsp;console_all_tests_complete_message_handler
</UL>

<P><STRONG><a name="[ff]"></a>CU_register_nsuites</STRONG> (Thumb, 118 bytes, Stack size 48 bytes, testdb.o(.text.CU_register_nsuites))
<BR><BR>[Stack]<UL><LI>Max Depth = 152<LI>Call Chain = CU_register_nsuites &rArr; CU_add_suite_with_setup_and_teardown &rArr; CU_compare_strings &rArr; __aeabi_assert &rArr; fwrite
</UL>
<BR>[Calls]<UL><LI><a href="#[da]">&gt;&gt;</a>&nbsp;&nbsp;&nbsp;CU_add_test
<LI><a href="#[d2]">&gt;&gt;</a>&nbsp;&nbsp;&nbsp;CU_add_suite_with_setup_and_teardown
<LI><a href="#[100]">&gt;&gt;</a>&nbsp;&nbsp;&nbsp;CU_get_error
</UL>
<BR>[Called By]<UL><LI><a href="#[cd]">&gt;&gt;</a>&nbsp;&nbsp;&nbsp;CU_register_suites
</UL>

<P><STRONG><a name="[cd]"></a>CU_register_suites</STRONG> (Thumb, 8 bytes, Stack size 0 bytes, testdb.o(.text.CU_register_suites))
<BR><BR>[Stack]<UL><LI>Max Depth = 152<LI>Call Chain = CU_register_suites &rArr; CU_register_nsuites &rArr; CU_add_suite_with_setup_and_teardown &rArr; CU_compare_strings &rArr; __aeabi_assert &rArr; fwrite
</UL>
<BR>[Calls]<UL><LI><a href="#[ff]">&gt;&gt;</a>&nbsp;&nbsp;&nbsp;CU_register_nsuites
</UL>
<BR>[Called By]<UL><LI><a href="#[c9]">&gt;&gt;</a>&nbsp;&nbsp;&nbsp;AddTests
</UL>

<P><STRONG><a name="[ef]"></a>CU_run_all_tests</STRONG> (Thumb, 264 bytes, Stack size 40 bytes, testrun.o(.text.CU_run_all_tests))
<BR><BR>[Stack]<UL><LI>Max Depth = 356<LI>Call Chain = CU_run_all_tests &rArr; run_single_suite &rArr; run_single_test &rArr; add_failure &rArr; malloc
</UL>
<BR>[Calls]<UL><LI><a href="#[101]">&gt;&gt;</a>&nbsp;&nbsp;&nbsp;run_single_suite
<LI><a href="#[102]">&gt;&gt;</a>&nbsp;&nbsp;&nbsp;CU_get_error_action
<LI><a href="#[d9]">&gt;&gt;</a>&nbsp;&nbsp;&nbsp;CU_set_error
<LI><a href="#[ca]">&gt;&gt;</a>&nbsp;&nbsp;&nbsp;CU_get_registry
<LI><a href="#[d7]">&gt;&gt;</a>&nbsp;&nbsp;&nbsp;free
<LI><a href="#[e1]">&gt;&gt;</a>&nbsp;&nbsp;&nbsp;__aeabi_memclr4
</UL>
<BR>[Called By]<UL><LI><a href="#[e3]">&gt;&gt;</a>&nbsp;&nbsp;&nbsp;CU_console_run_tests
</UL>

<P><STRONG><a name="[f3]"></a>CU_run_suite</STRONG> (Thumb, 216 bytes, Stack size 32 bytes, testrun.o(.text.CU_run_suite))
<BR><BR>[Stack]<UL><LI>Max Depth = 348<LI>Call Chain = CU_run_suite &rArr; run_single_suite &rArr; run_single_test &rArr; add_failure &rArr; malloc
</UL>
<BR>[Calls]<UL><LI><a href="#[101]">&gt;&gt;</a>&nbsp;&nbsp;&nbsp;run_single_suite
<LI><a href="#[d9]">&gt;&gt;</a>&nbsp;&nbsp;&nbsp;CU_set_error
<LI><a href="#[d7]">&gt;&gt;</a>&nbsp;&nbsp;&nbsp;free
<LI><a href="#[e1]">&gt;&gt;</a>&nbsp;&nbsp;&nbsp;__aeabi_memclr4
</UL>
<BR>[Called By]<UL><LI><a href="#[e3]">&gt;&gt;</a>&nbsp;&nbsp;&nbsp;CU_console_run_tests
</UL>

<P><STRONG><a name="[f4]"></a>CU_run_test</STRONG> (Thumb, 536 bytes, Stack size 48 bytes, testrun.o(.text.CU_run_test))
<BR><BR>[Stack]<UL><LI>Max Depth = 316<LI>Call Chain = CU_run_test &rArr; run_single_test &rArr; add_failure &rArr; malloc
</UL>
<BR>[Calls]<UL><LI><a href="#[103]">&gt;&gt;</a>&nbsp;&nbsp;&nbsp;run_single_test
<LI><a href="#[dc]">&gt;&gt;</a>&nbsp;&nbsp;&nbsp;add_failure
<LI><a href="#[fa]">&gt;&gt;</a>&nbsp;&nbsp;&nbsp;CU_get_test_by_name
<LI><a href="#[d9]">&gt;&gt;</a>&nbsp;&nbsp;&nbsp;CU_set_error
<LI><a href="#[d7]">&gt;&gt;</a>&nbsp;&nbsp;&nbsp;free
<LI><a href="#[e1]">&gt;&gt;</a>&nbsp;&nbsp;&nbsp;__aeabi_memclr4
</UL>
<BR>[Called By]<UL><LI><a href="#[e3]">&gt;&gt;</a>&nbsp;&nbsp;&nbsp;CU_console_run_tests
</UL>

<P><STRONG><a name="[e6]"></a>CU_set_all_test_complete_handler</STRONG> (Thumb, 12 bytes, Stack size 0 bytes, testrun.o(.text.CU_set_all_test_complete_handler))
<BR><BR>[Called By]<UL><LI><a href="#[e3]">&gt;&gt;</a>&nbsp;&nbsp;&nbsp;CU_console_run_tests
</UL>

<P><STRONG><a name="[d9]"></a>CU_set_error</STRONG> (Thumb, 80 bytes, Stack size 8 bytes, cuerror.o(.text.CU_set_error))
<BR><BR>[Stack]<UL><LI>Max Depth = 32<LI>Call Chain = CU_set_error &rArr; __2fprintf
</UL>
<BR>[Calls]<UL><LI><a href="#[104]">&gt;&gt;</a>&nbsp;&nbsp;&nbsp;exit
<LI><a href="#[cf]">&gt;&gt;</a>&nbsp;&nbsp;&nbsp;__2fprintf
</UL>
<BR>[Called By]<UL><LI><a href="#[da]">&gt;&gt;</a>&nbsp;&nbsp;&nbsp;CU_add_test
<LI><a href="#[d2]">&gt;&gt;</a>&nbsp;&nbsp;&nbsp;CU_add_suite_with_setup_and_teardown
<LI><a href="#[f4]">&gt;&gt;</a>&nbsp;&nbsp;&nbsp;CU_run_test
<LI><a href="#[f3]">&gt;&gt;</a>&nbsp;&nbsp;&nbsp;CU_run_suite
<LI><a href="#[f0]">&gt;&gt;</a>&nbsp;&nbsp;&nbsp;CU_set_test_active
<LI><a href="#[ef]">&gt;&gt;</a>&nbsp;&nbsp;&nbsp;CU_run_all_tests
<LI><a href="#[eb]">&gt;&gt;</a>&nbsp;&nbsp;&nbsp;CU_set_suite_active
<LI><a href="#[de]">&gt;&gt;</a>&nbsp;&nbsp;&nbsp;CU_cleanup_registry
<LI><a href="#[e3]">&gt;&gt;</a>&nbsp;&nbsp;&nbsp;CU_console_run_tests
<LI><a href="#[fb]">&gt;&gt;</a>&nbsp;&nbsp;&nbsp;CU_initialize_registry
</UL>

<P><STRONG><a name="[113]"></a>CU_set_fail_on_inactive</STRONG> (Thumb, 12 bytes, Stack size 0 bytes, testrun.o(.text.CU_set_fail_on_inactive))
<BR><BR>[Called By]<UL><LI><a href="#[ee]">&gt;&gt;</a>&nbsp;&nbsp;&nbsp;console_set_options_run
</UL>

<P><STRONG><a name="[eb]"></a>CU_set_suite_active</STRONG> (Thumb, 22 bytes, Stack size 8 bytes, testdb.o(.text.CU_set_suite_active))
<BR><BR>[Stack]<UL><LI>Max Depth = 40<LI>Call Chain = CU_set_suite_active &rArr; CU_set_error &rArr; __2fprintf
</UL>
<BR>[Calls]<UL><LI><a href="#[d9]">&gt;&gt;</a>&nbsp;&nbsp;&nbsp;CU_set_error
</UL>
<BR>[Called By]<UL><LI><a href="#[e3]">&gt;&gt;</a>&nbsp;&nbsp;&nbsp;CU_console_run_tests
</UL>

<P><STRONG><a name="[e8]"></a>CU_set_suite_cleanup_failure_handler</STRONG> (Thumb, 12 bytes, Stack size 0 bytes, testrun.o(.text.CU_set_suite_cleanup_failure_handler))
<BR><BR>[Called By]<UL><LI><a href="#[e3]">&gt;&gt;</a>&nbsp;&nbsp;&nbsp;CU_console_run_tests
</UL>

<P><STRONG><a name="[e7]"></a>CU_set_suite_init_failure_handler</STRONG> (Thumb, 12 bytes, Stack size 0 bytes, testrun.o(.text.CU_set_suite_init_failure_handler))
<BR><BR>[Called By]<UL><LI><a href="#[e3]">&gt;&gt;</a>&nbsp;&nbsp;&nbsp;CU_console_run_tests
</UL>

<P><STRONG><a name="[f0]"></a>CU_set_test_active</STRONG> (Thumb, 22 bytes, Stack size 8 bytes, testdb.o(.text.CU_set_test_active))
<BR><BR>[Stack]<UL><LI>Max Depth = 40<LI>Call Chain = CU_set_test_active &rArr; CU_set_error &rArr; __2fprintf
</UL>
<BR>[Calls]<UL><LI><a href="#[d9]">&gt;&gt;</a>&nbsp;&nbsp;&nbsp;CU_set_error
</UL>
<BR>[Called By]<UL><LI><a href="#[e3]">&gt;&gt;</a>&nbsp;&nbsp;&nbsp;CU_console_run_tests
</UL>

<P><STRONG><a name="[e5]"></a>CU_set_test_complete_handler</STRONG> (Thumb, 12 bytes, Stack size 0 bytes, testrun.o(.text.CU_set_test_complete_handler))
<BR><BR>[Called By]<UL><LI><a href="#[e3]">&gt;&gt;</a>&nbsp;&nbsp;&nbsp;CU_console_run_tests
</UL>

<P><STRONG><a name="[e4]"></a>CU_set_test_start_handler</STRONG> (Thumb, 12 bytes, Stack size 0 bytes, testrun.o(.text.CU_set_test_start_handler))
<BR><BR>[Called By]<UL><LI><a href="#[e3]">&gt;&gt;</a>&nbsp;&nbsp;&nbsp;CU_console_run_tests
</UL>

<P><STRONG><a name="[79]"></a>ACMP01_IRQHandler</STRONG> (Thumb, 2 bytes, Stack size 0 bytes, startup_tc8263.o(.text.Default_Handler))
<BR><BR>[Calls]<UL><LI><a href="#[79]">&gt;&gt;</a>&nbsp;&nbsp;&nbsp;ACMP01_IRQHandler
</UL>
<BR>[Called By]<UL><LI><a href="#[79]">&gt;&gt;</a>&nbsp;&nbsp;&nbsp;ACMP01_IRQHandler
</UL>
<BR>[Address Reference Count : 1]<UL><LI> startup_tc8263.o(RESET)
</UL>
<P><STRONG><a name="[7a]"></a>ACMP23_IRQHandler</STRONG> (Thumb, 2 bytes, Stack size 0 bytes, startup_tc8263.o(.text.Default_Handler))
<BR>[Address Reference Count : 1]<UL><LI> startup_tc8263.o(RESET)
</UL>
<P><STRONG><a name="[8e]"></a>AWF_IRQHandler</STRONG> (Thumb, 2 bytes, Stack size 0 bytes, startup_tc8263.o(.text.Default_Handler))
<BR>[Address Reference Count : 1]<UL><LI> startup_tc8263.o(RESET)
</UL>
<P><STRONG><a name="[b]"></a>BODOUT_IRQHandler</STRONG> (Thumb, 2 bytes, Stack size 0 bytes, startup_tc8263.o(.text.Default_Handler))
<BR>[Address Reference Count : 1]<UL><LI> startup_tc8263.o(RESET)
</UL>
<P><STRONG><a name="[31]"></a>BPWM0_IRQHandler</STRONG> (Thumb, 2 bytes, Stack size 0 bytes, startup_tc8263.o(.text.Default_Handler))
<BR>[Address Reference Count : 1]<UL><LI> startup_tc8263.o(RESET)
</UL>
<P><STRONG><a name="[32]"></a>BPWM1_IRQHandler</STRONG> (Thumb, 2 bytes, Stack size 0 bytes, startup_tc8263.o(.text.Default_Handler))
<BR>[Address Reference Count : 1]<UL><LI> startup_tc8263.o(RESET)
</UL>
<P><STRONG><a name="[29]"></a>BRAKE0_IRQHandler</STRONG> (Thumb, 2 bytes, Stack size 0 bytes, startup_tc8263.o(.text.Default_Handler))
<BR>[Address Reference Count : 1]<UL><LI> startup_tc8263.o(RESET)
</UL>
<P><STRONG><a name="[2d]"></a>BRAKE1_IRQHandler</STRONG> (Thumb, 2 bytes, Stack size 0 bytes, startup_tc8263.o(.text.Default_Handler))
<BR>[Address Reference Count : 1]<UL><LI> startup_tc8263.o(RESET)
</UL>
<P><STRONG><a name="[4]"></a>BusFault_Handler</STRONG> (Thumb, 2 bytes, Stack size 0 bytes, startup_tc8263.o(.text.Default_Handler))
<BR>[Address Reference Count : 1]<UL><LI> startup_tc8263.o(RESET)
</UL>
<P><STRONG><a name="[75]"></a>CANFD00_IRQHandler</STRONG> (Thumb, 2 bytes, Stack size 0 bytes, startup_tc8263.o(.text.Default_Handler))
<BR>[Address Reference Count : 1]<UL><LI> startup_tc8263.o(RESET)
</UL>
<P><STRONG><a name="[76]"></a>CANFD01_IRQHandler</STRONG> (Thumb, 2 bytes, Stack size 0 bytes, startup_tc8263.o(.text.Default_Handler))
<BR>[Address Reference Count : 1]<UL><LI> startup_tc8263.o(RESET)
</UL>
<P><STRONG><a name="[77]"></a>CANFD10_IRQHandler</STRONG> (Thumb, 2 bytes, Stack size 0 bytes, startup_tc8263.o(.text.Default_Handler))
<BR>[Address Reference Count : 1]<UL><LI> startup_tc8263.o(RESET)
</UL>
<P><STRONG><a name="[78]"></a>CANFD11_IRQHandler</STRONG> (Thumb, 2 bytes, Stack size 0 bytes, startup_tc8263.o(.text.Default_Handler))
<BR>[Address Reference Count : 1]<UL><LI> startup_tc8263.o(RESET)
</UL>
<P><STRONG><a name="[73]"></a>CCAP_IRQHandler</STRONG> (Thumb, 2 bytes, Stack size 0 bytes, startup_tc8263.o(.text.Default_Handler))
<BR>[Address Reference Count : 1]<UL><LI> startup_tc8263.o(RESET)
</UL>
<P><STRONG><a name="[f]"></a>CKFAIL_IRQHandler</STRONG> (Thumb, 2 bytes, Stack size 0 bytes, startup_tc8263.o(.text.Default_Handler))
<BR>[Address Reference Count : 1]<UL><LI> startup_tc8263.o(RESET)
</UL>
<P><STRONG><a name="[7b]"></a>CRC_IRQHandler</STRONG> (Thumb, 2 bytes, Stack size 0 bytes, startup_tc8263.o(.text.Default_Handler))
<BR>[Address Reference Count : 1]<UL><LI> startup_tc8263.o(RESET)
</UL>
<P><STRONG><a name="[74]"></a>CRYPTO_IRQHandler</STRONG> (Thumb, 2 bytes, Stack size 0 bytes, startup_tc8263.o(.text.Default_Handler))
<BR>[Address Reference Count : 1]<UL><LI> startup_tc8263.o(RESET)
</UL>
<P><STRONG><a name="[85]"></a>DAC01_IRQHandler</STRONG> (Thumb, 2 bytes, Stack size 0 bytes, startup_tc8263.o(.text.Default_Handler))
<BR>[Address Reference Count : 1]<UL><LI> startup_tc8263.o(RESET)
</UL>
<P><STRONG><a name="[69]"></a>DMIC0VAD_IRQHandler</STRONG> (Thumb, 2 bytes, Stack size 0 bytes, startup_tc8263.o(.text.Default_Handler))
<BR>[Address Reference Count : 1]<UL><LI> startup_tc8263.o(RESET)
</UL>
<P><STRONG><a name="[68]"></a>DMIC0_IRQHandler</STRONG> (Thumb, 2 bytes, Stack size 0 bytes, startup_tc8263.o(.text.Default_Handler))
<BR>[Address Reference Count : 1]<UL><LI> startup_tc8263.o(RESET)
</UL>
<P><STRONG><a name="[8]"></a>DebugMon_Handler</STRONG> (Thumb, 2 bytes, Stack size 0 bytes, startup_tc8263.o(.text.Default_Handler))
<BR>[Address Reference Count : 1]<UL><LI> startup_tc8263.o(RESET)
</UL>
<P><STRONG><a name="[131]"></a>Default_Handler</STRONG> (Thumb, 2 bytes, Stack size 0 bytes, startup_tc8263.o(.text.Default_Handler), UNUSED)

<P><STRONG><a name="[7c]"></a>EADC00_IRQHandler</STRONG> (Thumb, 2 bytes, Stack size 0 bytes, startup_tc8263.o(.text.Default_Handler))
<BR>[Address Reference Count : 1]<UL><LI> startup_tc8263.o(RESET)
</UL>
<P><STRONG><a name="[7d]"></a>EADC01_IRQHandler</STRONG> (Thumb, 2 bytes, Stack size 0 bytes, startup_tc8263.o(.text.Default_Handler))
<BR>[Address Reference Count : 1]<UL><LI> startup_tc8263.o(RESET)
</UL>
<P><STRONG><a name="[7e]"></a>EADC02_IRQHandler</STRONG> (Thumb, 2 bytes, Stack size 0 bytes, startup_tc8263.o(.text.Default_Handler))
<BR>[Address Reference Count : 1]<UL><LI> startup_tc8263.o(RESET)
</UL>
<P><STRONG><a name="[7f]"></a>EADC03_IRQHandler</STRONG> (Thumb, 2 bytes, Stack size 0 bytes, startup_tc8263.o(.text.Default_Handler))
<BR>[Address Reference Count : 1]<UL><LI> startup_tc8263.o(RESET)
</UL>
<P><STRONG><a name="[80]"></a>EADC10_IRQHandler</STRONG> (Thumb, 2 bytes, Stack size 0 bytes, startup_tc8263.o(.text.Default_Handler))
<BR>[Address Reference Count : 1]<UL><LI> startup_tc8263.o(RESET)
</UL>
<P><STRONG><a name="[81]"></a>EADC11_IRQHandler</STRONG> (Thumb, 2 bytes, Stack size 0 bytes, startup_tc8263.o(.text.Default_Handler))
<BR>[Address Reference Count : 1]<UL><LI> startup_tc8263.o(RESET)
</UL>
<P><STRONG><a name="[82]"></a>EADC12_IRQHandler</STRONG> (Thumb, 2 bytes, Stack size 0 bytes, startup_tc8263.o(.text.Default_Handler))
<BR>[Address Reference Count : 1]<UL><LI> startup_tc8263.o(RESET)
</UL>
<P><STRONG><a name="[83]"></a>EADC13_IRQHandler</STRONG> (Thumb, 2 bytes, Stack size 0 bytes, startup_tc8263.o(.text.Default_Handler))
<BR>[Address Reference Count : 1]<UL><LI> startup_tc8263.o(RESET)
</UL>
<P><STRONG><a name="[8a]"></a>ECAP0_IRQHandler</STRONG> (Thumb, 2 bytes, Stack size 0 bytes, startup_tc8263.o(.text.Default_Handler))
<BR>[Address Reference Count : 1]<UL><LI> startup_tc8263.o(RESET)
</UL>
<P><STRONG><a name="[8b]"></a>ECAP1_IRQHandler</STRONG> (Thumb, 2 bytes, Stack size 0 bytes, startup_tc8263.o(.text.Default_Handler))
<BR>[Address Reference Count : 1]<UL><LI> startup_tc8263.o(RESET)
</UL>
<P><STRONG><a name="[8c]"></a>ECAP2_IRQHandler</STRONG> (Thumb, 2 bytes, Stack size 0 bytes, startup_tc8263.o(.text.Default_Handler))
<BR>[Address Reference Count : 1]<UL><LI> startup_tc8263.o(RESET)
</UL>
<P><STRONG><a name="[8d]"></a>ECAP3_IRQHandler</STRONG> (Thumb, 2 bytes, Stack size 0 bytes, startup_tc8263.o(.text.Default_Handler))
<BR>[Address Reference Count : 1]<UL><LI> startup_tc8263.o(RESET)
</UL>
<P><STRONG><a name="[19]"></a>EINT0_IRQHandler</STRONG> (Thumb, 2 bytes, Stack size 0 bytes, startup_tc8263.o(.text.Default_Handler))
<BR>[Address Reference Count : 1]<UL><LI> startup_tc8263.o(RESET)
</UL>
<P><STRONG><a name="[1a]"></a>EINT1_IRQHandler</STRONG> (Thumb, 2 bytes, Stack size 0 bytes, startup_tc8263.o(.text.Default_Handler))
<BR>[Address Reference Count : 1]<UL><LI> startup_tc8263.o(RESET)
</UL>
<P><STRONG><a name="[1b]"></a>EINT2_IRQHandler</STRONG> (Thumb, 2 bytes, Stack size 0 bytes, startup_tc8263.o(.text.Default_Handler))
<BR>[Address Reference Count : 1]<UL><LI> startup_tc8263.o(RESET)
</UL>
<P><STRONG><a name="[1c]"></a>EINT3_IRQHandler</STRONG> (Thumb, 2 bytes, Stack size 0 bytes, startup_tc8263.o(.text.Default_Handler))
<BR>[Address Reference Count : 1]<UL><LI> startup_tc8263.o(RESET)
</UL>
<P><STRONG><a name="[1d]"></a>EINT4_IRQHandler</STRONG> (Thumb, 2 bytes, Stack size 0 bytes, startup_tc8263.o(.text.Default_Handler))
<BR>[Address Reference Count : 1]<UL><LI> startup_tc8263.o(RESET)
</UL>
<P><STRONG><a name="[1e]"></a>EINT5_IRQHandler</STRONG> (Thumb, 2 bytes, Stack size 0 bytes, startup_tc8263.o(.text.Default_Handler))
<BR>[Address Reference Count : 1]<UL><LI> startup_tc8263.o(RESET)
</UL>
<P><STRONG><a name="[5b]"></a>EINT6_IRQHandler</STRONG> (Thumb, 2 bytes, Stack size 0 bytes, startup_tc8263.o(.text.Default_Handler))
<BR>[Address Reference Count : 1]<UL><LI> startup_tc8263.o(RESET)
</UL>
<P><STRONG><a name="[5c]"></a>EINT7_IRQHandler</STRONG> (Thumb, 2 bytes, Stack size 0 bytes, startup_tc8263.o(.text.Default_Handler))
<BR>[Address Reference Count : 1]<UL><LI> startup_tc8263.o(RESET)
</UL>
<P><STRONG><a name="[47]"></a>EMAC0_IRQHandler</STRONG> (Thumb, 2 bytes, Stack size 0 bytes, startup_tc8263.o(.text.Default_Handler))
<BR>[Address Reference Count : 1]<UL><LI> startup_tc8263.o(RESET)
</UL>
<P><STRONG><a name="[2a]"></a>EPWM0P0_IRQHandler</STRONG> (Thumb, 2 bytes, Stack size 0 bytes, startup_tc8263.o(.text.Default_Handler))
<BR>[Address Reference Count : 1]<UL><LI> startup_tc8263.o(RESET)
</UL>
<P><STRONG><a name="[2b]"></a>EPWM0P1_IRQHandler</STRONG> (Thumb, 2 bytes, Stack size 0 bytes, startup_tc8263.o(.text.Default_Handler))
<BR>[Address Reference Count : 1]<UL><LI> startup_tc8263.o(RESET)
</UL>
<P><STRONG><a name="[2c]"></a>EPWM0P2_IRQHandler</STRONG> (Thumb, 2 bytes, Stack size 0 bytes, startup_tc8263.o(.text.Default_Handler))
<BR>[Address Reference Count : 1]<UL><LI> startup_tc8263.o(RESET)
</UL>
<P><STRONG><a name="[2e]"></a>EPWM1P0_IRQHandler</STRONG> (Thumb, 2 bytes, Stack size 0 bytes, startup_tc8263.o(.text.Default_Handler))
<BR>[Address Reference Count : 1]<UL><LI> startup_tc8263.o(RESET)
</UL>
<P><STRONG><a name="[2f]"></a>EPWM1P1_IRQHandler</STRONG> (Thumb, 2 bytes, Stack size 0 bytes, startup_tc8263.o(.text.Default_Handler))
<BR>[Address Reference Count : 1]<UL><LI> startup_tc8263.o(RESET)
</UL>
<P><STRONG><a name="[30]"></a>EPWM1P2_IRQHandler</STRONG> (Thumb, 2 bytes, Stack size 0 bytes, startup_tc8263.o(.text.Default_Handler))
<BR>[Address Reference Count : 1]<UL><LI> startup_tc8263.o(RESET)
</UL>
<P><STRONG><a name="[86]"></a>EQEI0_IRQHandler</STRONG> (Thumb, 2 bytes, Stack size 0 bytes, startup_tc8263.o(.text.Default_Handler))
<BR>[Address Reference Count : 1]<UL><LI> startup_tc8263.o(RESET)
</UL>
<P><STRONG><a name="[87]"></a>EQEI1_IRQHandler</STRONG> (Thumb, 2 bytes, Stack size 0 bytes, startup_tc8263.o(.text.Default_Handler))
<BR>[Address Reference Count : 1]<UL><LI> startup_tc8263.o(RESET)
</UL>
<P><STRONG><a name="[88]"></a>EQEI2_IRQHandler</STRONG> (Thumb, 2 bytes, Stack size 0 bytes, startup_tc8263.o(.text.Default_Handler))
<BR>[Address Reference Count : 1]<UL><LI> startup_tc8263.o(RESET)
</UL>
<P><STRONG><a name="[89]"></a>EQEI3_IRQHandler</STRONG> (Thumb, 2 bytes, Stack size 0 bytes, startup_tc8263.o(.text.Default_Handler))
<BR>[Address Reference Count : 1]<UL><LI> startup_tc8263.o(RESET)
</UL>
<P><STRONG><a name="[90]"></a>ETI_IRQHandler</STRONG> (Thumb, 2 bytes, Stack size 0 bytes, startup_tc8263.o(.text.Default_Handler))
<BR>[Address Reference Count : 1]<UL><LI> startup_tc8263.o(RESET)
</UL>
<P><STRONG><a name="[91]"></a>GDMACH0_IRQHandler</STRONG> (Thumb, 2 bytes, Stack size 0 bytes, startup_tc8263.o(.text.Default_Handler))
<BR>[Address Reference Count : 1]<UL><LI> startup_tc8263.o(RESET)
</UL>
<P><STRONG><a name="[92]"></a>GDMACH1_IRQHandler</STRONG> (Thumb, 2 bytes, Stack size 0 bytes, startup_tc8263.o(.text.Default_Handler))
<BR>[Address Reference Count : 1]<UL><LI> startup_tc8263.o(RESET)
</UL>
<P><STRONG><a name="[1f]"></a>GPA_IRQHandler</STRONG> (Thumb, 2 bytes, Stack size 0 bytes, startup_tc8263.o(.text.Default_Handler))
<BR>[Address Reference Count : 1]<UL><LI> startup_tc8263.o(RESET)
</UL>
<P><STRONG><a name="[20]"></a>GPB_IRQHandler</STRONG> (Thumb, 2 bytes, Stack size 0 bytes, startup_tc8263.o(.text.Default_Handler))
<BR>[Address Reference Count : 1]<UL><LI> startup_tc8263.o(RESET)
</UL>
<P><STRONG><a name="[21]"></a>GPC_IRQHandler</STRONG> (Thumb, 2 bytes, Stack size 0 bytes, startup_tc8263.o(.text.Default_Handler))
<BR>[Address Reference Count : 1]<UL><LI> startup_tc8263.o(RESET)
</UL>
<P><STRONG><a name="[22]"></a>GPD_IRQHandler</STRONG> (Thumb, 2 bytes, Stack size 0 bytes, startup_tc8263.o(.text.Default_Handler))
<BR>[Address Reference Count : 1]<UL><LI> startup_tc8263.o(RESET)
</UL>
<P><STRONG><a name="[23]"></a>GPE_IRQHandler</STRONG> (Thumb, 2 bytes, Stack size 0 bytes, startup_tc8263.o(.text.Default_Handler))
<BR>[Address Reference Count : 1]<UL><LI> startup_tc8263.o(RESET)
</UL>
<P><STRONG><a name="[24]"></a>GPF_IRQHandler</STRONG> (Thumb, 2 bytes, Stack size 0 bytes, startup_tc8263.o(.text.Default_Handler))
<BR>[Address Reference Count : 1]<UL><LI> startup_tc8263.o(RESET)
</UL>
<P><STRONG><a name="[25]"></a>GPG_IRQHandler</STRONG> (Thumb, 2 bytes, Stack size 0 bytes, startup_tc8263.o(.text.Default_Handler))
<BR>[Address Reference Count : 1]<UL><LI> startup_tc8263.o(RESET)
</UL>
<P><STRONG><a name="[26]"></a>GPH_IRQHandler</STRONG> (Thumb, 2 bytes, Stack size 0 bytes, startup_tc8263.o(.text.Default_Handler))
<BR>[Address Reference Count : 1]<UL><LI> startup_tc8263.o(RESET)
</UL>
<P><STRONG><a name="[27]"></a>GPI_IRQHandler</STRONG> (Thumb, 2 bytes, Stack size 0 bytes, startup_tc8263.o(.text.Default_Handler))
<BR>[Address Reference Count : 1]<UL><LI> startup_tc8263.o(RESET)
</UL>
<P><STRONG><a name="[28]"></a>GPJ_IRQHandler</STRONG> (Thumb, 2 bytes, Stack size 0 bytes, startup_tc8263.o(.text.Default_Handler))
<BR>[Address Reference Count : 1]<UL><LI> startup_tc8263.o(RESET)
</UL>
<P><STRONG><a name="[46]"></a>HSOTG_IRQHandler</STRONG> (Thumb, 2 bytes, Stack size 0 bytes, startup_tc8263.o(.text.Default_Handler))
<BR>[Address Reference Count : 1]<UL><LI> startup_tc8263.o(RESET)
</UL>
<P><STRONG><a name="[45]"></a>HSUSBD_IRQHandler</STRONG> (Thumb, 2 bytes, Stack size 0 bytes, startup_tc8263.o(.text.Default_Handler))
<BR>[Address Reference Count : 1]<UL><LI> startup_tc8263.o(RESET)
</UL>
<P><STRONG><a name="[44]"></a>HSUSBH_IRQHandler</STRONG> (Thumb, 2 bytes, Stack size 0 bytes, startup_tc8263.o(.text.Default_Handler))
<BR>[Address Reference Count : 1]<UL><LI> startup_tc8263.o(RESET)
</UL>
<P><STRONG><a name="[5e]"></a>I2C0_IRQHandler</STRONG> (Thumb, 2 bytes, Stack size 0 bytes, startup_tc8263.o(.text.Default_Handler))
<BR>[Address Reference Count : 1]<UL><LI> startup_tc8263.o(RESET)
</UL>
<P><STRONG><a name="[5f]"></a>I2C1_IRQHandler</STRONG> (Thumb, 2 bytes, Stack size 0 bytes, startup_tc8263.o(.text.Default_Handler))
<BR>[Address Reference Count : 1]<UL><LI> startup_tc8263.o(RESET)
</UL>
<P><STRONG><a name="[60]"></a>I2C2_IRQHandler</STRONG> (Thumb, 2 bytes, Stack size 0 bytes, startup_tc8263.o(.text.Default_Handler))
<BR>[Address Reference Count : 1]<UL><LI> startup_tc8263.o(RESET)
</UL>
<P><STRONG><a name="[61]"></a>I2C3_IRQHandler</STRONG> (Thumb, 2 bytes, Stack size 0 bytes, startup_tc8263.o(.text.Default_Handler))
<BR>[Address Reference Count : 1]<UL><LI> startup_tc8263.o(RESET)
</UL>
<P><STRONG><a name="[6a]"></a>I2S0_IRQHandler</STRONG> (Thumb, 2 bytes, Stack size 0 bytes, startup_tc8263.o(.text.Default_Handler))
<BR>[Address Reference Count : 1]<UL><LI> startup_tc8263.o(RESET)
</UL>
<P><STRONG><a name="[6b]"></a>I2S1_IRQHandler</STRONG> (Thumb, 2 bytes, Stack size 0 bytes, startup_tc8263.o(.text.Default_Handler))
<BR>[Address Reference Count : 1]<UL><LI> startup_tc8263.o(RESET)
</UL>
<P><STRONG><a name="[6d]"></a>I3C0_IRQHandler</STRONG> (Thumb, 2 bytes, Stack size 0 bytes, startup_tc8263.o(.text.Default_Handler))
<BR>[Address Reference Count : 1]<UL><LI> startup_tc8263.o(RESET)
</UL>
<P><STRONG><a name="[c]"></a>IRC_IRQHandler</STRONG> (Thumb, 2 bytes, Stack size 0 bytes, startup_tc8263.o(.text.Default_Handler))
<BR>[Address Reference Count : 1]<UL><LI> startup_tc8263.o(RESET)
</UL>
<P><STRONG><a name="[10]"></a>ISP_IRQHandler</STRONG> (Thumb, 2 bytes, Stack size 0 bytes, startup_tc8263.o(.text.Default_Handler))
<BR>[Address Reference Count : 1]<UL><LI> startup_tc8263.o(RESET)
</UL>
<P><STRONG><a name="[70]"></a>KPI_IRQHandler</STRONG> (Thumb, 2 bytes, Stack size 0 bytes, startup_tc8263.o(.text.Default_Handler))
<BR>[Address Reference Count : 1]<UL><LI> startup_tc8263.o(RESET)
</UL>
<P><STRONG><a name="[37]"></a>KS_IRQHandler</STRONG> (Thumb, 2 bytes, Stack size 0 bytes, startup_tc8263.o(.text.Default_Handler))
<BR>[Address Reference Count : 1]<UL><LI> startup_tc8263.o(RESET)
</UL>
<P><STRONG><a name="[84]"></a>LPADC0_IRQHandler</STRONG> (Thumb, 2 bytes, Stack size 0 bytes, startup_tc8263.o(.text.Default_Handler))
<BR>[Address Reference Count : 1]<UL><LI> startup_tc8263.o(RESET)
</UL>
<P><STRONG><a name="[62]"></a>LPI2C0_IRQHandler</STRONG> (Thumb, 2 bytes, Stack size 0 bytes, startup_tc8263.o(.text.Default_Handler))
<BR>[Address Reference Count : 1]<UL><LI> startup_tc8263.o(RESET)
</UL>
<P><STRONG><a name="[35]"></a>LPPDMA_IRQHandler</STRONG> (Thumb, 2 bytes, Stack size 0 bytes, startup_tc8263.o(.text.Default_Handler))
<BR>[Address Reference Count : 1]<UL><LI> startup_tc8263.o(RESET)
</UL>
<P><STRONG><a name="[4e]"></a>LPSPI0_IRQHandler</STRONG> (Thumb, 2 bytes, Stack size 0 bytes, startup_tc8263.o(.text.Default_Handler))
<BR>[Address Reference Count : 1]<UL><LI> startup_tc8263.o(RESET)
</UL>
<P><STRONG><a name="[3c]"></a>LPTMR0_IRQHandler</STRONG> (Thumb, 2 bytes, Stack size 0 bytes, startup_tc8263.o(.text.Default_Handler))
<BR>[Address Reference Count : 1]<UL><LI> startup_tc8263.o(RESET)
</UL>
<P><STRONG><a name="[3d]"></a>LPTMR1_IRQHandler</STRONG> (Thumb, 2 bytes, Stack size 0 bytes, startup_tc8263.o(.text.Default_Handler))
<BR>[Address Reference Count : 1]<UL><LI> startup_tc8263.o(RESET)
</UL>
<P><STRONG><a name="[5d]"></a>LPUART0_IRQHandler</STRONG> (Thumb, 2 bytes, Stack size 0 bytes, startup_tc8263.o(.text.Default_Handler))
<BR>[Address Reference Count : 1]<UL><LI> startup_tc8263.o(RESET)
</UL>
<P><STRONG><a name="[3]"></a>MemManage_Handler</STRONG> (Thumb, 2 bytes, Stack size 0 bytes, startup_tc8263.o(.text.Default_Handler))
<BR>[Address Reference Count : 1]<UL><LI> startup_tc8263.o(RESET)
</UL>
<P><STRONG><a name="[1]"></a>NMI_Handler</STRONG> (Thumb, 2 bytes, Stack size 0 bytes, startup_tc8263.o(.text.Default_Handler))
<BR>[Address Reference Count : 1]<UL><LI> startup_tc8263.o(RESET)
</UL>
<P><STRONG><a name="[18]"></a>NPU_IRQHandler</STRONG> (Thumb, 2 bytes, Stack size 0 bytes, startup_tc8263.o(.text.Default_Handler))
<BR>[Address Reference Count : 1]<UL><LI> startup_tc8263.o(RESET)
</UL>
<P><STRONG><a name="[6e]"></a>OTFC0_IRQHandler</STRONG> (Thumb, 2 bytes, Stack size 0 bytes, startup_tc8263.o(.text.Default_Handler))
<BR>[Address Reference Count : 1]<UL><LI> startup_tc8263.o(RESET)
</UL>
<P><STRONG><a name="[6f]"></a>OTFC1_IRQHandler</STRONG> (Thumb, 2 bytes, Stack size 0 bytes, startup_tc8263.o(.text.Default_Handler))
<BR>[Address Reference Count : 1]<UL><LI> startup_tc8263.o(RESET)
</UL>
<P><STRONG><a name="[33]"></a>PDMA0_IRQHandler</STRONG> (Thumb, 2 bytes, Stack size 0 bytes, startup_tc8263.o(.text.Default_Handler))
[...]
</UL>
<BR>[Calls]<UL><LI><a href="#[105]">&gt;&gt;</a>&nbsp;&nbsp;&nbsp;CLK_EnableModuleClock
<LI><a href="#[cb]">&gt;&gt;</a>&nbsp;&nbsp;&nbsp;__2printf
</UL>
<BR>[Address Reference Count : 1]<UL><LI> psio_cunit.o(.data.suites)
</UL>
<P><STRONG><a name="[118]"></a>__0fprintf</STRONG> (Thumb, 22 bytes, Stack size 24 bytes, printfa.o(i.__0fprintf), UNUSED)
<BR><BR>[Calls]<UL><LI><a href="#[119]">&gt;&gt;</a>&nbsp;&nbsp;&nbsp;_printf_core
</UL>

<P><STRONG><a name="[132]"></a>__1fprintf</STRONG> (Thumb, 0 bytes, Stack size 24 bytes, printfa.o(i.__0fprintf), UNUSED)

<P><STRONG><a name="[cf]"></a>__2fprintf</STRONG> (Thumb, 0 bytes, Stack size 24 bytes, printfa.o(i.__0fprintf))
<BR><BR>[Stack]<UL><LI>Max Depth = 24<LI>Call Chain = __2fprintf
</UL>
<BR>[Called By]<UL><LI><a href="#[d9]">&gt;&gt;</a>&nbsp;&nbsp;&nbsp;CU_set_error
<LI><a href="#[f2]">&gt;&gt;</a>&nbsp;&nbsp;&nbsp;list_tests
<LI><a href="#[f1]">&gt;&gt;</a>&nbsp;&nbsp;&nbsp;select_test
<LI><a href="#[ee]">&gt;&gt;</a>&nbsp;&nbsp;&nbsp;console_set_options_run
<LI><a href="#[ed]">&gt;&gt;</a>&nbsp;&nbsp;&nbsp;list_suites
<LI><a href="#[ec]">&gt;&gt;</a>&nbsp;&nbsp;&nbsp;select_suite
<LI><a href="#[ea]">&gt;&gt;</a>&nbsp;&nbsp;&nbsp;show_failures
<LI><a href="#[98]">&gt;&gt;</a>&nbsp;&nbsp;&nbsp;console_suite_cleanup_failure_message_handler
<LI><a href="#[97]">&gt;&gt;</a>&nbsp;&nbsp;&nbsp;console_suite_init_failure_message_handler
<LI><a href="#[94]">&gt;&gt;</a>&nbsp;&nbsp;&nbsp;console_test_start_message_handler
<LI><a href="#[e3]">&gt;&gt;</a>&nbsp;&nbsp;&nbsp;CU_console_run_tests
<LI><a href="#[c9]">&gt;&gt;</a>&nbsp;&nbsp;&nbsp;AddTests
</UL>

<P><STRONG><a name="[133]"></a>__c89fprintf</STRONG> (Thumb, 0 bytes, Stack size 24 bytes, printfa.o(i.__0fprintf), UNUSED)

<P><STRONG><a name="[134]"></a>fprintf</STRONG> (Thumb, 0 bytes, Stack size 24 bytes, printfa.o(i.__0fprintf), UNUSED)

<P><STRONG><a name="[11a]"></a>__0printf</STRONG> (Thumb, 22 bytes, Stack size 24 bytes, printfa.o(i.__0printf), UNUSED)
<BR><BR>[Calls]<UL><LI><a href="#[119]">&gt;&gt;</a>&nbsp;&nbsp;&nbsp;_printf_core
</UL>

<P><STRONG><a name="[135]"></a>__1printf</STRONG> (Thumb, 0 bytes, Stack size 24 bytes, printfa.o(i.__0printf), UNUSED)

<P><STRONG><a name="[cb]"></a>__2printf</STRONG> (Thumb, 0 bytes, Stack size 24 bytes, printfa.o(i.__0printf))
<BR><BR>[Stack]<UL><LI>Max Depth = 24<LI>Call Chain = __2printf
</UL>
<BR>[Called By]<UL><LI><a href="#[ac]">&gt;&gt;</a>&nbsp;&nbsp;&nbsp;suite_success_init
<LI><a href="#[c9]">&gt;&gt;</a>&nbsp;&nbsp;&nbsp;AddTests
<LI><a href="#[108]">&gt;&gt;</a>&nbsp;&nbsp;&nbsp;ProcessHardFault
<LI><a href="#[2]">&gt;&gt;</a>&nbsp;&nbsp;&nbsp;HardFault_Handler
</UL>

<P><STRONG><a name="[136]"></a>__c89printf</STRONG> (Thumb, 0 bytes, Stack size 24 bytes, printfa.o(i.__0printf), UNUSED)

<P><STRONG><a name="[137]"></a>printf</STRONG> (Thumb, 0 bytes, Stack size 24 bytes, printfa.o(i.__0printf), UNUSED)

<P><STRONG><a name="[11b]"></a>__0snprintf</STRONG> (Thumb, 48 bytes, Stack size 40 bytes, printfa.o(i.__0snprintf), UNUSED)
<BR><BR>[Calls]<UL><LI><a href="#[119]">&gt;&gt;</a>&nbsp;&nbsp;&nbsp;_printf_core
</UL>

<P><STRONG><a name="[138]"></a>__1snprintf</STRONG> (Thumb, 0 bytes, Stack size 40 bytes, printfa.o(i.__0snprintf), UNUSED)

<P><STRONG><a name="[f7]"></a>__2snprintf</STRONG> (Thumb, 0 bytes, Stack size 40 bytes, printfa.o(i.__0snprintf))
<BR><BR>[Stack]<UL><LI>Max Depth = 40<LI>Call Chain = __2snprintf
</UL>
<BR>[Called By]<UL><LI><a href="#[f6]">&gt;&gt;</a>&nbsp;&nbsp;&nbsp;CU_number_width
<LI><a href="#[f5]">&gt;&gt;</a>&nbsp;&nbsp;&nbsp;CU_get_run_results_string
</UL>

<P><STRONG><a name="[139]"></a>__c89snprintf</STRONG> (Thumb, 0 bytes, Stack size 40 bytes, printfa.o(i.__0snprintf), UNUSED)

<P><STRONG><a name="[13a]"></a>snprintf</STRONG> (Thumb, 0 bytes, Stack size 40 bytes, printfa.o(i.__0snprintf), UNUSED)

<P><STRONG><a name="[b7]"></a>__aeabi_errno_addr</STRONG> (Thumb, 4 bytes, Stack size 0 bytes, errno.o(i.__aeabi_errno_addr))
<BR><BR>[Called By]<UL><LI><a href="#[b6]">&gt;&gt;</a>&nbsp;&nbsp;&nbsp;atol
<LI><a href="#[bd]">&gt;&gt;</a>&nbsp;&nbsp;&nbsp;_strtoul
<LI><a href="#[b8]">&gt;&gt;</a>&nbsp;&nbsp;&nbsp;strtol
</UL>

<P><STRONG><a name="[13b]"></a>__rt_errno_addr</STRONG> (Thumb, 0 bytes, Stack size 0 bytes, errno.o(i.__aeabi_errno_addr), UNUSED)

<P><STRONG><a name="[d7]"></a>free</STRONG> (Thumb, 76 bytes, Stack size 8 bytes, malloc2.o(i.__free$2region))
<BR><BR>[Stack]<UL><LI>Max Depth = 8<LI>Call Chain = free
</UL>
<BR>[Called By]<UL><LI><a href="#[dc]">&gt;&gt;</a>&nbsp;&nbsp;&nbsp;add_failure
<LI><a href="#[da]">&gt;&gt;</a>&nbsp;&nbsp;&nbsp;CU_add_test
<LI><a href="#[d2]">&gt;&gt;</a>&nbsp;&nbsp;&nbsp;CU_add_suite_with_setup_and_teardown
<LI><a href="#[e0]">&gt;&gt;</a>&nbsp;&nbsp;&nbsp;CU_clear_previous_results
<LI><a href="#[df]">&gt;&gt;</a>&nbsp;&nbsp;&nbsp;CU_destroy_existing_registry
<LI><a href="#[fc]">&gt;&gt;</a>&nbsp;&nbsp;&nbsp;CU_print_run_results
<LI><a href="#[f4]">&gt;&gt;</a>&nbsp;&nbsp;&nbsp;CU_run_test
<LI><a href="#[f3]">&gt;&gt;</a>&nbsp;&nbsp;&nbsp;CU_run_suite
<LI><a href="#[ef]">&gt;&gt;</a>&nbsp;&nbsp;&nbsp;CU_run_all_tests
</UL>

<P><STRONG><a name="[d3]"></a>malloc</STRONG> (Thumb, 92 bytes, Stack size 20 bytes, malloc2.o(i.__malloc$2region))
<BR><BR>[Stack]<UL><LI>Max Depth = 20<LI>Call Chain = malloc
</UL>
<BR>[Called By]<UL><LI><a href="#[dc]">&gt;&gt;</a>&nbsp;&nbsp;&nbsp;add_failure
<LI><a href="#[da]">&gt;&gt;</a>&nbsp;&nbsp;&nbsp;CU_add_test
<LI><a href="#[d2]">&gt;&gt;</a>&nbsp;&nbsp;&nbsp;CU_add_suite_with_setup_and_teardown
<LI><a href="#[fb]">&gt;&gt;</a>&nbsp;&nbsp;&nbsp;CU_initialize_registry
<LI><a href="#[f5]">&gt;&gt;</a>&nbsp;&nbsp;&nbsp;CU_get_run_results_string
</UL>

<P><STRONG><a name="[13c]"></a>__scatterload_copy</STRONG> (Thumb, 14 bytes, Stack size unknown bytes, handlers.o(i.__scatterload_copy), UNUSED)

<P><STRONG><a name="[13d]"></a>__scatterload_null</STRONG> (Thumb, 2 bytes, Stack size unknown bytes, handlers.o(i.__scatterload_null), UNUSED)

<P><STRONG><a name="[13e]"></a>__scatterload_zeroinit</STRONG> (Thumb, 14 bytes, Stack size unknown bytes, handlers.o(i.__scatterload_zeroinit), UNUSED)

<P><STRONG><a name="[115]"></a>fgets</STRONG> (Thumb, 62 bytes, Stack size 24 bytes, fgets.o(i.fgets))
<BR><BR>[Stack]<UL><LI>Max Depth = 24<LI>Call Chain = fgets
</UL>
<BR>[Calls]<UL><LI><a href="#[121]">&gt;&gt;</a>&nbsp;&nbsp;&nbsp;fgetc
</UL>
<BR>[Called By]<UL><LI><a href="#[f1]">&gt;&gt;</a>&nbsp;&nbsp;&nbsp;select_test
<LI><a href="#[ec]">&gt;&gt;</a>&nbsp;&nbsp;&nbsp;select_suite
</UL>

<P><STRONG><a name="[fd]"></a>fputs</STRONG> (Thumb, 24 bytes, Stack size 16 bytes, fputs.o(i.fputs))
<BR><BR>[Stack]<UL><LI>Max Depth = 16<LI>Call Chain = fputs
</UL>
<BR>[Calls]<UL><LI><a href="#[99]">&gt;&gt;</a>&nbsp;&nbsp;&nbsp;fputc
</UL>
<BR>[Called By]<UL><LI><a href="#[fc]">&gt;&gt;</a>&nbsp;&nbsp;&nbsp;CU_print_run_results
<LI><a href="#[d8]">&gt;&gt;</a>&nbsp;&nbsp;&nbsp;__aeabi_assert
</UL>

<P><STRONG><a name="[fe]"></a>fwrite</STRONG> (Thumb, 36 bytes, Stack size 24 bytes, fwrite.o(i.fwrite))
<BR><BR>[Stack]<UL><LI>Max Depth = 24<LI>Call Chain = fwrite
</UL>
<BR>[Calls]<UL><LI><a href="#[99]">&gt;&gt;</a>&nbsp;&nbsp;&nbsp;fputc
</UL>
<BR>[Called By]<UL><LI><a href="#[fc]">&gt;&gt;</a>&nbsp;&nbsp;&nbsp;CU_print_run_results
<LI><a href="#[f2]">&gt;&gt;</a>&nbsp;&nbsp;&nbsp;list_tests
<LI><a href="#[ee]">&gt;&gt;</a>&nbsp;&nbsp;&nbsp;console_set_options_run
<LI><a href="#[ed]">&gt;&gt;</a>&nbsp;&nbsp;&nbsp;list_suites
<LI><a href="#[ea]">&gt;&gt;</a>&nbsp;&nbsp;&nbsp;show_failures
<LI><a href="#[93]">&gt;&gt;</a>&nbsp;&nbsp;&nbsp;main
<LI><a href="#[d8]">&gt;&gt;</a>&nbsp;&nbsp;&nbsp;__aeabi_assert
</UL>

<P><STRONG><a name="[e9]"></a>getc</STRONG> (Thumb, 4 bytes, Stack size 0 bytes, getc.o(i.getc))
<BR><BR>[Calls]<UL><LI><a href="#[121]">&gt;&gt;</a>&nbsp;&nbsp;&nbsp;fgetc
</UL>
<BR>[Called By]<UL><LI><a href="#[ee]">&gt;&gt;</a>&nbsp;&nbsp;&nbsp;console_set_options_run
<LI><a href="#[e3]">&gt;&gt;</a>&nbsp;&nbsp;&nbsp;CU_console_run_tests
</UL>

<P><STRONG><a name="[110]"></a>putchar</STRONG> (Thumb, 6 bytes, Stack size 0 bytes, putchar.o(i.putchar))
<BR><BR>[Calls]<UL><LI><a href="#[99]">&gt;&gt;</a>&nbsp;&nbsp;&nbsp;fputc
</UL>
<BR>[Called By]<UL><LI><a href="#[96]">&gt;&gt;</a>&nbsp;&nbsp;&nbsp;console_all_tests_complete_message_handler
</UL>

<P><STRONG><a name="[109]"></a>puts</STRONG> (Thumb, 30 bytes, Stack size 8 bytes, puts.o(i.puts))
<BR><BR>[Stack]<UL><LI>Max Depth = 8<LI>Call Chain = puts
</UL>
<BR>[Calls]<UL><LI><a href="#[99]">&gt;&gt;</a>&nbsp;&nbsp;&nbsp;fputc
</UL>
<BR>[Called By]<UL><LI><a href="#[96]">&gt;&gt;</a>&nbsp;&nbsp;&nbsp;console_all_tests_complete_message_handler
<LI><a href="#[108]">&gt;&gt;</a>&nbsp;&nbsp;&nbsp;ProcessHardFault
</UL>
<P>
<H3>
Local Symbols
</H3>
<P><STRONG><a name="[94]"></a>console_test_start_message_handler</STRONG> (Thumb, 188 bytes, Stack size 24 bytes, console.o(.text.console_test_start_message_handler))
<BR><BR>[Stack]<UL><LI>Max Depth = 64<LI>Call Chain = console_test_start_message_handler &rArr; __aeabi_assert &rArr; fwrite
</UL>
<BR>[Calls]<UL><LI><a href="#[d8]">&gt;&gt;</a>&nbsp;&nbsp;&nbsp;__aeabi_assert
<LI><a href="#[cf]">&gt;&gt;</a>&nbsp;&nbsp;&nbsp;__2fprintf
</UL>
<BR>[Address Reference Count : 1]<UL><LI> console.o(.text.CU_console_run_tests)
</UL>
<P><STRONG><a name="[95]"></a>console_test_complete_message_handler</STRONG> (Thumb, 2 bytes, Stack size 0 bytes, console.o(.text.console_test_complete_message_handler))
<BR>[Address Reference Count : 1]<UL><LI> console.o(.text.CU_console_run_tests)
</UL>
<P><STRONG><a name="[96]"></a>console_all_tests_complete_message_handler</STRONG> (Thumb, 32 bytes, Stack size 8 bytes, console.o(.text.console_all_tests_complete_message_handler))
<BR><BR>[Stack]<UL><LI>Max Depth = 448<LI>Call Chain = console_all_tests_complete_message_handler &rArr; CU_print_run_results &rArr; CU_get_run_results_string &rArr; CU_number_width &rArr; __2snprintf
</UL>
<BR>[Calls]<UL><LI><a href="#[fc]">&gt;&gt;</a>&nbsp;&nbsp;&nbsp;CU_print_run_results
<LI><a href="#[110]">&gt;&gt;</a>&nbsp;&nbsp;&nbsp;putchar
<LI><a href="#[109]">&gt;&gt;</a>&nbsp;&nbsp;&nbsp;puts
</UL>
<BR>[Address Reference Count : 1]<UL><LI> console.o(.text.CU_console_run_tests)
</UL>
<P><STRONG><a name="[97]"></a>console_suite_init_failure_message_handler</STRONG> (Thumb, 68 bytes, Stack size 0 bytes, console.o(.text.console_suite_init_failure_message_handler))
<BR><BR>[Stack]<UL><LI>Max Depth = 40<LI>Call Chain = console_suite_init_failure_message_handler &rArr; __aeabi_assert &rArr; fwrite
</UL>
<BR>[Calls]<UL><LI><a href="#[d8]">&gt;&gt;</a>&nbsp;&nbsp;&nbsp;__aeabi_assert
<LI><a href="#[cf]">&gt;&gt;</a>&nbsp;&nbsp;&nbsp;__2fprintf
</UL>
<BR>[Address Reference Count : 1]<UL><LI> console.o(.text.CU_console_run_tests)
</UL>
<P><STRONG><a name="[98]"></a>console_suite_cleanup_failure_message_handler</STRONG> (Thumb, 68 bytes, Stack size 0 bytes, console.o(.text.console_suite_cleanup_failure_message_handler))
<BR><BR>[Stack]<UL><LI>Max Depth = 40<LI>Call Chain = console_suite_cleanup_failure_message_handler &rArr; __aeabi_assert &rArr; fwrite
</UL>
<BR>[Calls]<UL><LI><a href="#[d8]">&gt;&gt;</a>&nbsp;&nbsp;&nbsp;__aeabi_assert
<LI><a href="#[cf]">&gt;&gt;</a>&nbsp;&nbsp;&nbsp;__2fprintf
</UL>
<BR>[Address Reference Count : 1]<UL><LI> console.o(.text.CU_console_run_tests)
</UL>
<P><STRONG><a name="[ea]"></a>show_failures</STRONG> (Thumb, 248 bytes, Stack size 48 bytes, console.o(.text.show_failures))
<BR><BR>[Stack]<UL><LI>Max Depth = 72<LI>Call Chain = show_failures &rArr; __2fprintf
</UL>
<BR>[Calls]<UL><LI><a href="#[116]">&gt;&gt;</a>&nbsp;&nbsp;&nbsp;CU_get_failure_list
<LI><a href="#[99]">&gt;&gt;</a>&nbsp;&nbsp;&nbsp;fputc
<LI><a href="#[cf]">&gt;&gt;</a>&nbsp;&nbsp;&nbsp;__2fprintf
<LI><a href="#[fe]">&gt;&gt;</a>&nbsp;&nbsp;&nbsp;fwrite
</UL>
<BR>[Called By]<UL><LI><a href="#[e3]">&gt;&gt;</a>&nbsp;&nbsp;&nbsp;CU_console_run_tests
</UL>

<P><STRONG><a name="[ec]"></a>select_suite</STRONG> (Thumb, 128 bytes, Stack size 120 bytes, console.o(.text.select_suite))
<BR><BR>[Stack]<UL><LI>Max Depth = 304<LI>Call Chain = select_suite &rArr; list_suites &rArr; CU_number_width &rArr; __2snprintf
</UL>
<BR>[Calls]<UL><LI><a href="#[f8]">&gt;&gt;</a>&nbsp;&nbsp;&nbsp;CU_get_suite_by_index
<LI><a href="#[ed]">&gt;&gt;</a>&nbsp;&nbsp;&nbsp;list_suites
<LI><a href="#[ca]">&gt;&gt;</a>&nbsp;&nbsp;&nbsp;CU_get_registry
<LI><a href="#[99]">&gt;&gt;</a>&nbsp;&nbsp;&nbsp;fputc
<LI><a href="#[b6]">&gt;&gt;</a>&nbsp;&nbsp;&nbsp;atol
<LI><a href="#[cf]">&gt;&gt;</a>&nbsp;&nbsp;&nbsp;__2fprintf
<LI><a href="#[115]">&gt;&gt;</a>&nbsp;&nbsp;&nbsp;fgets
</UL>
<BR>[Called By]<UL><LI><a href="#[e3]">&gt;&gt;</a>&nbsp;&nbsp;&nbsp;CU_console_run_tests
</UL>

<P><STRONG><a name="[ed]"></a>list_suites</STRONG> (Thumb, 656 bytes, Stack size 96 bytes, console.o(.text.list_suites))
<BR><BR>[Stack]<UL><LI>Max Depth = 184<LI>Call Chain = list_suites &rArr; CU_number_width &rArr; __2snprintf
</UL>
<BR>[Calls]<UL><LI><a href="#[f6]">&gt;&gt;</a>&nbsp;&nbsp;&nbsp;CU_number_width
<LI><a href="#[ca]">&gt;&gt;</a>&nbsp;&nbsp;&nbsp;CU_get_registry
<LI><a href="#[99]">&gt;&gt;</a>&nbsp;&nbsp;&nbsp;fputc
<LI><a href="#[d8]">&gt;&gt;</a>&nbsp;&nbsp;&nbsp;__aeabi_assert
<LI><a href="#[cf]">&gt;&gt;</a>&nbsp;&nbsp;&nbsp;__2fprintf
<LI><a href="#[fe]">&gt;&gt;</a>&nbsp;&nbsp;&nbsp;fwrite
</UL>
<BR>[Called By]<UL><LI><a href="#[ec]">&gt;&gt;</a>&nbsp;&nbsp;&nbsp;select_suite
<LI><a href="#[e3]">&gt;&gt;</a>&nbsp;&nbsp;&nbsp;CU_console_run_tests
</UL>

<P><STRONG><a name="[ee]"></a>console_set_options_run</STRONG> (Thumb, 156 bytes, Stack size 40 bytes, console.o(.text.console_set_options_run))
<BR><BR>[Stack]<UL><LI>Max Depth = 64<LI>Call Chain = console_set_options_run &rArr; __2fprintf
</UL>
<BR>[Calls]<UL><LI><a href="#[113]">&gt;&gt;</a>&nbsp;&nbsp;&nbsp;CU_set_fail_on_inactive
<LI><a href="#[111]">&gt;&gt;</a>&nbsp;&nbsp;&nbsp;CU_get_fail_on_inactive
<LI><a href="#[cf]">&gt;&gt;</a>&nbsp;&nbsp;&nbsp;__2fprintf
<LI><a href="#[112]">&gt;&gt;</a>&nbsp;&nbsp;&nbsp;tolower
<LI><a href="#[e9]">&gt;&gt;</a>&nbsp;&nbsp;&nbsp;getc
<LI><a href="#[fe]">&gt;&gt;</a>&nbsp;&nbsp;&nbsp;fwrite
</UL>
<BR>[Called By]<UL><LI><a href="#[e3]">&gt;&gt;</a>&nbsp;&nbsp;&nbsp;CU_console_run_tests
</UL>

<P><STRONG><a name="[f1]"></a>select_test</STRONG> (Thumb, 188 bytes, Stack size 120 bytes, console.o(.text.select_test))
<BR><BR>[Stack]<UL><LI>Max Depth = 272<LI>Call Chain = select_test &rArr; list_tests &rArr; CU_number_width &rArr; __2snprintf
</UL>
<BR>[Calls]<UL><LI><a href="#[f9]">&gt;&gt;</a>&nbsp;&nbsp;&nbsp;CU_get_test_by_index
<LI><a href="#[f2]">&gt;&gt;</a>&nbsp;&nbsp;&nbsp;list_tests
<LI><a href="#[99]">&gt;&gt;</a>&nbsp;&nbsp;&nbsp;fputc
<LI><a href="#[d8]">&gt;&gt;</a>&nbsp;&nbsp;&nbsp;__aeabi_assert
<LI><a href="#[b6]">&gt;&gt;</a>&nbsp;&nbsp;&nbsp;atol
<LI><a href="#[cf]">&gt;&gt;</a>&nbsp;&nbsp;&nbsp;__2fprintf
<LI><a href="#[115]">&gt;&gt;</a>&nbsp;&nbsp;&nbsp;fgets
</UL>
<BR>[Called By]<UL><LI><a href="#[e3]">&gt;&gt;</a>&nbsp;&nbsp;&nbsp;CU_console_run_tests
</UL>

<P><STRONG><a name="[f2]"></a>list_tests</STRONG> (Thumb, 496 bytes, Stack size 64 bytes, console.o(.text.list_tests))
<BR><BR>[Stack]<UL><LI>Max Depth = 152<LI>Call Chain = list_tests &rArr; CU_number_width &rArr; __2snprintf
</UL>
<BR>[Calls]<UL><LI><a href="#[f6]">&gt;&gt;</a>&nbsp;&nbsp;&nbsp;CU_number_width
<LI><a href="#[99]">&gt;&gt;</a>&nbsp;&nbsp;&nbsp;fputc
<LI><a href="#[d8]">&gt;&gt;</a>&nbsp;&nbsp;&nbsp;__aeabi_assert
<LI><a href="#[cf]">&gt;&gt;</a>&nbsp;&nbsp;&nbsp;__2fprintf
<LI><a href="#[fe]">&gt;&gt;</a>&nbsp;&nbsp;&nbsp;fwrite
</UL>
<BR>[Called By]<UL><LI><a href="#[f1]">&gt;&gt;</a>&nbsp;&nbsp;&nbsp;select_test
<LI><a href="#[e3]">&gt;&gt;</a>&nbsp;&nbsp;&nbsp;CU_console_run_tests
</UL>

<P><STRONG><a name="[dc]"></a>add_failure</STRONG> (Thumb, 212 bytes, Stack size 40 bytes, testrun.o(.text.add_failure))
<BR><BR>[Stack]<UL><LI>Max Depth = 60<LI>Call Chain = add_failure &rArr; malloc
</UL>
<BR>[Calls]<UL><LI><a href="#[d3]">&gt;&gt;</a>&nbsp;&nbsp;&nbsp;malloc
<LI><a href="#[d7]">&gt;&gt;</a>&nbsp;&nbsp;&nbsp;free
<LI><a href="#[d5]">&gt;&gt;</a>&nbsp;&nbsp;&nbsp;strcpy
<LI><a href="#[d4]">&gt;&gt;</a>&nbsp;&nbsp;&nbsp;strlen
</UL>
<BR>[Called By]<UL><LI><a href="#[103]">&gt;&gt;</a>&nbsp;&nbsp;&nbsp;run_single_test
<LI><a href="#[101]">&gt;&gt;</a>&nbsp;&nbsp;&nbsp;run_single_suite
<LI><a href="#[f4]">&gt;&gt;</a>&nbsp;&nbsp;&nbsp;CU_run_test
<LI><a href="#[db]">&gt;&gt;</a>&nbsp;&nbsp;&nbsp;CU_assertImplementation
</UL>

<P><STRONG><a name="[101]"></a>run_single_suite</STRONG> (Thumb, 548 bytes, Stack size 48 bytes, testrun.o(.text.run_single_suite))
<BR><BR>[Stack]<UL><LI>Max Depth = 316<LI>Call Chain = run_single_suite &rArr; run_single_test &rArr; add_failure &rArr; malloc
</UL>
<BR>[Calls]<UL><LI><a href="#[103]">&gt;&gt;</a>&nbsp;&nbsp;&nbsp;run_single_test
<LI><a href="#[dc]">&gt;&gt;</a>&nbsp;&nbsp;&nbsp;add_failure
<LI><a href="#[102]">&gt;&gt;</a>&nbsp;&nbsp;&nbsp;CU_get_error_action
<LI><a href="#[d8]">&gt;&gt;</a>&nbsp;&nbsp;&nbsp;__aeabi_assert
</UL>
<BR>[Called By]<UL><LI><a href="#[f3]">&gt;&gt;</a>&nbsp;&nbsp;&nbsp;CU_run_suite
<LI><a href="#[ef]">&gt;&gt;</a>&nbsp;&nbsp;&nbsp;CU_run_all_tests
</UL>

<P><STRONG><a name="[103]"></a>run_single_test</STRONG> (Thumb, 348 bytes, Stack size 208 bytes, testrun.o(.text.run_single_test))
<BR><BR>[Stack]<UL><LI>Max Depth = 268<LI>Call Chain = run_single_test &rArr; add_failure &rArr; malloc
</UL>
<BR>[Calls]<UL><LI><a href="#[114]">&gt;&gt;</a>&nbsp;&nbsp;&nbsp;setjmp
<LI><a href="#[dc]">&gt;&gt;</a>&nbsp;&nbsp;&nbsp;add_failure
<LI><a href="#[d8]">&gt;&gt;</a>&nbsp;&nbsp;&nbsp;__aeabi_assert
</UL>
<BR>[Called By]<UL><LI><a href="#[101]">&gt;&gt;</a>&nbsp;&nbsp;&nbsp;run_single_suite
<LI><a href="#[f4]">&gt;&gt;</a>&nbsp;&nbsp;&nbsp;CU_run_test
</UL>

<P><STRONG><a name="[11c]"></a>_fp_digits</STRONG> (Thumb, 366 bytes, Stack size 64 bytes, printfa.o(i._fp_digits), UNUSED)
<BR><BR>[Calls]<UL><LI><a href="#[b9]">&gt;&gt;</a>&nbsp;&nbsp;&nbsp;__aeabi_uldivmod
<LI><a href="#[c4]">&gt;&gt;</a>&nbsp;&nbsp;&nbsp;__aeabi_dmul
<LI><a href="#[c5]">&gt;&gt;</a>&nbsp;&nbsp;&nbsp;__aeabi_ddiv
<LI><a href="#[be]">&gt;&gt;</a>&nbsp;&nbsp;&nbsp;__aeabi_dadd
<LI><a href="#[c6]">&gt;&gt;</a>&nbsp;&nbsp;&nbsp;__aeabi_d2ulz
<LI><a href="#[11d]">&gt;&gt;</a>&nbsp;&nbsp;&nbsp;__aeabi_cdrcmple
</UL>
<BR>[Called By]<UL><LI><a href="#[119]">&gt;&gt;</a>&nbsp;&nbsp;&nbsp;_printf_core
</UL>

<P><STRONG><a name="[119]"></a>_printf_core</STRONG> (Thumb, 1744 bytes, Stack size 136 bytes, printfa.o(i._printf_core), UNUSED)
<BR><BR>[Calls]<UL><LI><a href="#[b9]">&gt;&gt;</a>&nbsp;&nbsp;&nbsp;__aeabi_uldivmod
<LI><a href="#[120]">&gt;&gt;</a>&nbsp;&nbsp;&nbsp;__aeabi_uidivmod
<LI><a href="#[11e]">&gt;&gt;</a>&nbsp;&nbsp;&nbsp;_printf_pre_padding
<LI><a href="#[11f]">&gt;&gt;</a>&nbsp;&nbsp;&nbsp;_printf_post_padding
<LI><a href="#[11c]">&gt;&gt;</a>&nbsp;&nbsp;&nbsp;_fp_digits
</UL>
<BR>[Called By]<UL><LI><a href="#[11b]">&gt;&gt;</a>&nbsp;&nbsp;&nbsp;__0snprintf
<LI><a href="#[11a]">&gt;&gt;</a>&nbsp;&nbsp;&nbsp;__0printf
<LI><a href="#[118]">&gt;&gt;</a>&nbsp;&nbsp;&nbsp;__0fprintf
</UL>

<P><STRONG><a name="[11f]"></a>_printf_post_padding</STRONG> (Thumb, 36 bytes, Stack size 24 bytes, printfa.o(i._printf_post_padding), UNUSED)
<BR><BR>[Called By]<UL><LI><a href="#[119]">&gt;&gt;</a>&nbsp;&nbsp;&nbsp;_printf_core
</UL>

<P><STRONG><a name="[11e]"></a>_printf_pre_padding</STRONG> (Thumb, 46 bytes, Stack size 24 bytes, printfa.o(i._printf_pre_padding), UNUSED)
<BR><BR>[Called By]<UL><LI><a href="#[119]">&gt;&gt;</a>&nbsp;&nbsp;&nbsp;_printf_core
</UL>

<P><STRONG><a name="[9a]"></a>_snputc</STRONG> (Thumb, 22 bytes, Stack size 0 bytes, printfa.o(i._snputc))
<BR>[Address Reference Count : 1]<UL><LI> printfa.o(i.__0snprintf)
</UL><P>
<H3>
Undefined Global Symbols
</H3><HR></body></html>
