<html>
<body>
<pre>
<h1>µVision Build Log</h1>
<h2>Tool Versions:</h2>
IDE-Version: £gVision V5.37.0.0
Copyright (C) 2022 ARM Ltd and ARM Germany GmbH. All rights reserved.
License Information: Test Test Test Flex license: MDK Professional 5.37 (Flex) (mdk_pro) Operation stops: 31 Jul 2023
 
Tool Versions:
Toolchain:       MDK Professional 5.37 (Flex)  Version: 5.37.0.0
Toolchain Path:  C:\Keil_v5\ARM\ARMCLANG\Bin
C Compiler:      ArmClang.exe V6.18
Assembler:       Armasm.exe V6.18
Linker/Locator:  ArmLink.exe V6.18
Library Manager: ArmAr.exe V6.18
Hex Converter:   FromElf.exe V6.18
CPU DLL:         
Dialog DLL:      
Target DLL:      CMSIS_AGDI_V8M.DLL V1.7.17.0
Dialog DLL:      TCM.DLL V1.56.1.0
 
<h2>Project:</h2>
C:\Users\ccwang20\Desktop\Workspaces\Git\TC8263_M55M1\bsp\_CUnit\usci_spi\KEIL\uspi_cunit.uvprojx
Project File Date:  05/23/2023

<h2>Output:</h2>
*** Using Compiler 'V6.18', folder: 'C:\Keil_v5\ARM\ARMCLANG\Bin'
Rebuild target 'USPI_CUnit_PLDM_ICE'
compiling startup_TC8263.c...
compiling system_TC8263.c...
compiling gpio.c...
compiling usci_spi.c...
compiling sys.c...
compiling uart.c...
compiling main.c...
compiling retarget.c...
compiling clk.c...
compiling usci_spi_cunit.c...
linking...
Program Size: Code=28560 RO-data=7292 RW-data=168 ZI-data=4296  
After Build - User command #1: fromelf --bin ".\Objects\USPI_CUnit.axf" --output ".\Objects\USPI_CUnit.bin"
After Build - User command #2: fromelf --text -c ".\Objects\USPI_CUnit.axf" --output ".\Objects\USPI_CUnit.txt"
".\Objects\USPI_CUnit.axf" - 0 Error(s), 0 Warning(s).

<h2>Software Packages used:</h2>

Package Vendor: ARM
                http://www.keil.com/pack/ARM.CMSIS.5.9.0.pack
                ARM.CMSIS.5.9.0
                CMSIS (Common Microcontroller Software Interface Standard)

<h2>Collection of Component include folders:</h2>
  C:/Users/PHTSENG/AppData/Local/Arm/Packs/ARM/CMSIS/5.9.0/Device/ARM/ARMCM55/Include

<h2>Collection of Component Files used:</h2>
Build Time Elapsed:  00:00:02
</pre>
</body>
</html>
