<!doctype html public "-//w3c//dtd html 4.0 transitional//en">
<html><head>
<title>Static Call Graph - [.\Objects\ACMP_WindowLatch.axf]</title></head>
<body><HR>
<H1>Static Call Graph for image .\Objects\ACMP_WindowLatch.axf</H1><HR>
<BR><P>#&#060CALLGRAPH&#062# ARM Linker, 6180002: Last Updated: Tue May 16 17:08:39 2023
<BR><P>
<H3>Maximum Stack Usage =        180 bytes + Unknown(Untraceable Function Pointers)</H3><H3>
Call chain for Maximum Stack Depth:</H3>
main &rArr; SYS_Init &rArr; CLK_SetSCLK &rArr; SystemCoreClockUpdate &rArr; SystemClockUpdate &rArr; CLK_GetAPLL0ClockFreq
<P>
<H3>
Function Pointers
</H3><UL>
 <LI><a href="#[79]">ACMP01_IRQHandler</a> from main.o(.text.ACMP01_IRQHandler) referenced from startup_tc8263.o(RESET)
 <LI><a href="#[7a]">ACMP23_IRQHandler</a> from startup_tc8263.o(.text.Default_Handler) referenced from startup_tc8263.o(RESET)
 <LI><a href="#[8e]">AWF_IRQHandler</a> from startup_tc8263.o(.text.Default_Handler) referenced from startup_tc8263.o(RESET)
 <LI><a href="#[b]">BODOUT_IRQHandler</a> from startup_tc8263.o(.text.Default_Handler) referenced from startup_tc8263.o(RESET)
 <LI><a href="#[31]">BPWM0_IRQHandler</a> from startup_tc8263.o(.text.Default_Handler) referenced from startup_tc8263.o(RESET)
 <LI><a href="#[32]">BPWM1_IRQHandler</a> from startup_tc8263.o(.text.Default_Handler) referenced from startup_tc8263.o(RESET)
 <LI><a href="#[29]">BRAKE0_IRQHandler</a> from startup_tc8263.o(.text.Default_Handler) referenced from startup_tc8263.o(RESET)
 <LI><a href="#[2d]">BRAKE1_IRQHandler</a> from startup_tc8263.o(.text.Default_Handler) referenced from startup_tc8263.o(RESET)
 <LI><a href="#[4]">BusFault_Handler</a> from startup_tc8263.o(.text.Default_Handler) referenced from startup_tc8263.o(RESET)
 <LI><a href="#[75]">CANFD00_IRQHandler</a> from startup_tc8263.o(.text.Default_Handler) referenced from startup_tc8263.o(RESET)
 <LI><a href="#[76]">CANFD01_IRQHandler</a> from startup_tc8263.o(.text.Default_Handler) referenced from startup_tc8263.o(RESET)
 <LI><a href="#[77]">CANFD10_IRQHandler</a> from startup_tc8263.o(.text.Default_Handler) referenced from startup_tc8263.o(RESET)
 <LI><a href="#[78]">CANFD11_IRQHandler</a> from startup_tc8263.o(.text.Default_Handler) referenced from startup_tc8263.o(RESET)
 <LI><a href="#[73]">CCAP_IRQHandler</a> from startup_tc8263.o(.text.Default_Handler) referenced from startup_tc8263.o(RESET)
 <LI><a href="#[f]">CKFAIL_IRQHandler</a> from startup_tc8263.o(.text.Default_Handler) referenced from startup_tc8263.o(RESET)
 <LI><a href="#[7b]">CRC_IRQHandler</a> from startup_tc8263.o(.text.Default_Handler) referenced from startup_tc8263.o(RESET)
 <LI><a href="#[74]">CRYPTO_IRQHandler</a> from startup_tc8263.o(.text.Default_Handler) referenced from startup_tc8263.o(RESET)
 <LI><a href="#[85]">DAC01_IRQHandler</a> from startup_tc8263.o(.text.Default_Handler) referenced from startup_tc8263.o(RESET)
 <LI><a href="#[69]">DMIC0VAD_IRQHandler</a> from startup_tc8263.o(.text.Default_Handler) referenced from startup_tc8263.o(RESET)
 <LI><a href="#[68]">DMIC0_IRQHandler</a> from startup_tc8263.o(.text.Default_Handler) referenced from startup_tc8263.o(RESET)
 <LI><a href="#[8]">DebugMon_Handler</a> from startup_tc8263.o(.text.Default_Handler) referenced from startup_tc8263.o(RESET)
 <LI><a href="#[7c]">EADC00_IRQHandler</a> from startup_tc8263.o(.text.Default_Handler) referenced from startup_tc8263.o(RESET)
 <LI><a href="#[7d]">EADC01_IRQHandler</a> from startup_tc8263.o(.text.Default_Handler) referenced from startup_tc8263.o(RESET)
 <LI><a href="#[7e]">EADC02_IRQHandler</a> from startup_tc8263.o(.text.Default_Handler) referenced from startup_tc8263.o(RESET)
 <LI><a href="#[7f]">EADC03_IRQHandler</a> from startup_tc8263.o(.text.Default_Handler) referenced from startup_tc8263.o(RESET)
 <LI><a href="#[80]">EADC10_IRQHandler</a> from startup_tc8263.o(.text.Default_Handler) referenced from startup_tc8263.o(RESET)
 <LI><a href="#[81]">EADC11_IRQHandler</a> from startup_tc8263.o(.text.Default_Handler) referenced from startup_tc8263.o(RESET)
 <LI><a href="#[82]">EADC12_IRQHandler</a> from startup_tc8263.o(.text.Default_Handler) referenced from startup_tc8263.o(RESET)
 <LI><a href="#[83]">EADC13_IRQHandler</a> from startup_tc8263.o(.text.Default_Handler) referenced from startup_tc8263.o(RESET)
 <LI><a href="#[8a]">ECAP0_IRQHandler</a> from startup_tc8263.o(.text.Default_Handler) referenced from startup_tc8263.o(RESET)
 <LI><a href="#[8b]">ECAP1_IRQHandler</a> from startup_tc8263.o(.text.Default_Handler) referenced from startup_tc8263.o(RESET)
 <LI><a href="#[8c]">ECAP2_IRQHandler</a> from startup_tc8263.o(.text.Default_Handler) referenced from startup_tc8263.o(RESET)
 <LI><a href="#[8d]">ECAP3_IRQHandler</a> from startup_tc8263.o(.text.Default_Handler) referenced from startup_tc8263.o(RESET)
 <LI><a href="#[19]">EINT0_IRQHandler</a> from startup_tc8263.o(.text.Default_Handler) referenced from startup_tc8263.o(RESET)
 <LI><a href="#[1a]">EINT1_IRQHandler</a> from startup_tc8263.o(.text.Default_Handler) referenced from startup_tc8263.o(RESET)
 <LI><a href="#[1b]">EINT2_IRQHandler</a> from startup_tc8263.o(.text.Default_Handler) referenced from startup_tc8263.o(RESET)
 <LI><a href="#[1c]">EINT3_IRQHandler</a> from startup_tc8263.o(.text.Default_Handler) referenced from startup_tc8263.o(RESET)
 <LI><a href="#[1d]">EINT4_IRQHandler</a> from startup_tc8263.o(.text.Default_Handler) referenced from startup_tc8263.o(RESET)
 <LI><a href="#[1e]">EINT5_IRQHandler</a> from startup_tc8263.o(.text.Default_Handler) referenced from startup_tc8263.o(RESET)
 <LI><a href="#[5b]">EINT6_IRQHandler</a> from startup_tc8263.o(.text.Default_Handler) referenced from startup_tc8263.o(RESET)
 <LI><a href="#[5c]">EINT7_IRQHandler</a> from startup_tc8263.o(.text.Default_Handler) referenced from startup_tc8263.o(RESET)
 <LI><a href="#[47]">EMAC0_IRQHandler</a> from startup_tc8263.o(.text.Default_Handler) referenced from startup_tc8263.o(RESET)
 <LI><a href="#[2a]">EPWM0P0_IRQHandler</a> from startup_tc8263.o(.text.Default_Handler) referenced from startup_tc8263.o(RESET)
 <LI><a href="#[2b]">EPWM0P1_IRQHandler</a> from startup_tc8263.o(.text.Default_Handler) referenced from startup_tc8263.o(RESET)
 <LI><a href="#[2c]">EPWM0P2_IRQHandler</a> from startup_tc8263.o(.text.Default_Handler) referenced from startup_tc8263.o(RESET)
 <LI><a href="#[2e]">EPWM1P0_IRQHandler</a> from startup_tc8263.o(.text.Default_Handler) referenced from startup_tc8263.o(RESET)
 <LI><a href="#[2f]">EPWM1P1_IRQHandler</a> from startup_tc8263.o(.text.Default_Handler) referenced from startup_tc8263.o(RESET)
 <LI><a href="#[30]">EPWM1P2_IRQHandler</a> from startup_tc8263.o(.text.Default_Handler) referenced from startup_tc8263.o(RESET)
 <LI><a href="#[86]">EQEI0_IRQHandler</a> from startup_tc8263.o(.text.Default_Handler) referenced from startup_tc8263.o(RESET)
 <LI><a href="#[87]">EQEI1_IRQHandler</a> from startup_tc8263.o(.text.Default_Handler) referenced from startup_tc8263.o(RESET)
 <LI><a href="#[88]">EQEI2_IRQHandler</a> from startup_tc8263.o(.text.Default_Handler) referenced from startup_tc8263.o(RESET)
 <LI><a href="#[89]">EQEI3_IRQHandler</a> from startup_tc8263.o(.text.Default_Handler) referenced from startup_tc8263.o(RESET)
 <LI><a href="#[90]">ETI_IRQHandler</a> from startup_tc8263.o(.text.Default_Handler) referenced from startup_tc8263.o(RESET)
 <LI><a href="#[91]">GDMACH0_IRQHandler</a> from startup_tc8263.o(.text.Default_Handler) referenced from startup_tc8263.o(RESET)
 <LI><a href="#[92]">GDMACH1_IRQHandler</a> from startup_tc8263.o(.text.Default_Handler) referenced from startup_tc8263.o(RESET)
 <LI><a href="#[1f]">GPA_IRQHandler</a> from startup_tc8263.o(.text.Default_Handler) referenced from startup_tc8263.o(RESET)
 <LI><a href="#[20]">GPB_IRQHandler</a> from startup_tc8263.o(.text.Default_Handler) referenced from startup_tc8263.o(RESET)
 <LI><a href="#[21]">GPC_IRQHandler</a> from startup_tc8263.o(.text.Default_Handler) referenced from startup_tc8263.o(RESET)
 <LI><a href="#[22]">GPD_IRQHandler</a> from startup_tc8263.o(.text.Default_Handler) referenced from startup_tc8263.o(RESET)
 <LI><a href="#[23]">GPE_IRQHandler</a> from startup_tc8263.o(.text.Default_Handler) referenced from startup_tc8263.o(RESET)
 <LI><a href="#[24]">GPF_IRQHandler</a> from startup_tc8263.o(.text.Default_Handler) referenced from startup_tc8263.o(RESET)
 <LI><a href="#[25]">GPG_IRQHandler</a> from startup_tc8263.o(.text.Default_Handler) referenced from startup_tc8263.o(RESET)
 <LI><a href="#[26]">GPH_IRQHandler</a> from startup_tc8263.o(.text.Default_Handler) referenced from startup_tc8263.o(RESET)
 <LI><a href="#[27]">GPI_IRQHandler</a> from startup_tc8263.o(.text.Default_Handler) referenced from startup_tc8263.o(RESET)
 <LI><a href="#[28]">GPJ_IRQHandler</a> from startup_tc8263.o(.text.Default_Handler) referenced from startup_tc8263.o(RESET)
 <LI><a href="#[46]">HSOTG_IRQHandler</a> from startup_tc8263.o(.text.Default_Handler) referenced from startup_tc8263.o(RESET)
 <LI><a href="#[45]">HSUSBD_IRQHandler</a> from startup_tc8263.o(.text.Default_Handler) referenced from startup_tc8263.o(RESET)
 <LI><a href="#[44]">HSUSBH_IRQHandler</a> from startup_tc8263.o(.text.Default_Handler) referenced from startup_tc8263.o(RESET)
 <LI><a href="#[2]">HardFault_Handler</a> from startup_tc8263.o(.text.HardFault_Handler) referenced from startup_tc8263.o(RESET)
 <LI><a href="#[5e]">I2C0_IRQHandler</a> from startup_tc8263.o(.text.Default_Handler) referenced from startup_tc8263.o(RESET)
 <LI><a href="#[5f]">I2C1_IRQHandler</a> from startup_tc8263.o(.text.Default_Handler) referenced from startup_tc8263.o(RESET)
 <LI><a href="#[60]">I2C2_IRQHandler</a> from startup_tc8263.o(.text.Default_Handler) referenced from startup_tc8263.o(RESET)
 <LI><a href="#[61]">I2C3_IRQHandler</a> from startup_tc8263.o(.text.Default_Handler) referenced from startup_tc8263.o(RESET)
 <LI><a href="#[6a]">I2S0_IRQHandler</a> from startup_tc8263.o(.text.Default_Handler) referenced from startup_tc8263.o(RESET)
 <LI><a href="#[6b]">I2S1_IRQHandler</a> from startup_tc8263.o(.text.Default_Handler) referenced from startup_tc8263.o(RESET)
 <LI><a href="#[6d]">I3C0_IRQHandler</a> from startup_tc8263.o(.text.Default_Handler) referenced from startup_tc8263.o(RESET)
 <LI><a href="#[c]">IRC_IRQHandler</a> from startup_tc8263.o(.text.Default_Handler) referenced from startup_tc8263.o(RESET)
 <LI><a href="#[10]">ISP_IRQHandler</a> from startup_tc8263.o(.text.Default_Handler) referenced from startup_tc8263.o(RESET)
 <LI><a href="#[70]">KPI_IRQHandler</a> from startup_tc8263.o(.text.Default_Handler) referenced from startup_tc8263.o(RESET)
 <LI><a href="#[37]">KS_IRQHandler</a> from startup_tc8263.o(.text.Default_Handler) referenced from startup_tc8263.o(RESET)
 <LI><a href="#[84]">LPADC0_IRQHandler</a> from startup_tc8263.o(.text.Default_Handler) referenced from startup_tc8263.o(RESET)
 <LI><a href="#[62]">LPI2C0_IRQHandler</a> from startup_tc8263.o(.text.Default_Handler) referenced from startup_tc8263.o(RESET)
 <LI><a href="#[35]">LPPDMA_IRQHandler</a> from startup_tc8263.o(.text.Default_Handler) referenced from startup_tc8263.o(RESET)
 <LI><a href="#[4e]">LPSPI0_IRQHandler</a> from startup_tc8263.o(.text.Default_Handler) referenced from startup_tc8263.o(RESET)
 <LI><a href="#[3c]">LPTMR0_IRQHandler</a> from startup_tc8263.o(.text.Default_Handler) referenced from startup_tc8263.o(RESET)
 <LI><a href="#[3d]">LPTMR1_IRQHandler</a> from startup_tc8263.o(.text.Default_Handler) referenced from startup_tc8263.o(RESET)
 <LI><a href="#[5d]">LPUART0_IRQHandler</a> from startup_tc8263.o(.text.Default_Handler) referenced from startup_tc8263.o(RESET)
 <LI><a href="#[3]">MemManage_Handler</a> from startup_tc8263.o(.text.Default_Handler) referenced from startup_tc8263.o(RESET)
 <LI><a href="#[1]">NMI_Handler</a> from startup_tc8263.o(.text.Default_Handler) referenced from startup_tc8263.o(RESET)
 <LI><a href="#[18]">NPU_IRQHandler</a> from startup_tc8263.o(.text.Default_Handler) referenced from startup_tc8263.o(RESET)
 <LI><a href="#[6e]">OTFC0_IRQHandler</a> from startup_tc8263.o(.text.Default_Handler) referenced from startup_tc8263.o(RESET)
 <LI><a href="#[6f]">OTFC1_IRQHandler</a> from startup_tc8263.o(.text.Default_Handler) referenced from startup_tc8263.o(RESET)
 <LI><a href="#[33]">PDMA0_IRQHandler</a> from startup_tc8263.o(.text.Default_Handler) referenced from startup_tc8263.o(RESET)
 <LI><a href="#[34]">PDMA1_IRQHandler</a> from startup_tc8263.o(.text.Default_Handler) referenced from startup_tc8263.o(RESET)
 <LI><a href="#[d]">PMC_IRQHandler</a> from startup_tc8263.o(.text.Default_Handler) referenced from startup_tc8263.o(RESET)
 <LI><a href="#[67]">PSIO_IRQHandler</a> from startup_tc8263.o(.text.Default_Handler) referenced from startup_tc8263.o(RESET)
 <LI><a href="#[9]">PendSV_Handler</a> from startup_tc8263.o(.text.Default_Handler) referenced from startup_tc8263.o(RESET)
 <LI><a href="#[48]">QSPI0_IRQHandler</a> from startup_tc8263.o(.text.Default_Handler) referenced from startup_tc8263.o(RESET)
 <LI><a href="#[49]">QSPI1_IRQHandler</a> from startup_tc8263.o(.text.Default_Handler) referenced from startup_tc8263.o(RESET)
 <LI><a href="#[12]">RTCTAMPER_IRQHandler</a> from startup_tc8263.o(.text.Default_Handler) referenced from startup_tc8263.o(RESET)
 <LI><a href="#[11]">RTC_IRQHandler</a> from startup_tc8263.o(.text.Default_Handler) referenced from startup_tc8263.o(RESET)
 <LI><a href="#[0]">Reset_Handler</a> from startup_tc8263.o(.text.Reset_Handler) referenced from startup_tc8263.o(RESET)
 <LI><a href="#[64]">SC0_IRQHandler</a> from startup_tc8263.o(.text.Default_Handler) referenced from startup_tc8263.o(RESET)
 <LI><a href="#[65]">SC1_IRQHandler</a> from startup_tc8263.o(.text.Default_Handler) referenced from startup_tc8263.o(RESET)
 <LI><a href="#[66]">SC2_IRQHandler</a> from startup_tc8263.o(.text.Default_Handler) referenced from startup_tc8263.o(RESET)
 <LI><a href="#[36]">SCU_IRQHandler</a> from startup_tc8263.o(.text.Default_Handler) referenced from startup_tc8263.o(RESET)
 <LI><a href="#[71]">SDH0_IRQHandler</a> from startup_tc8263.o(.text.Default_Handler) referenced from startup_tc8263.o(RESET)
 <LI><a href="#[72]">SDH1_IRQHandler</a> from startup_tc8263.o(.text.Default_Handler) referenced from startup_tc8263.o(RESET)
 <LI><a href="#[4a]">SPI0_IRQHandler</a> from startup_tc8263.o(.text.Default_Handler) referenced from startup_tc8263.o(RESET)
 <LI><a href="#[4b]">SPI1_IRQHandler</a> from startup_tc8263.o(.text.Default_Handler) referenced from startup_tc8263.o(RESET)
 <LI><a href="#[4c]">SPI2_IRQHandler</a> from startup_tc8263.o(.text.Default_Handler) referenced from startup_tc8263.o(RESET)
 <LI><a href="#[4d]">SPI3_IRQHandler</a> from startup_tc8263.o(.text.Default_Handler) referenced from startup_tc8263.o(RESET)
 <LI><a href="#[4f]">SPIM0_IRQHandler</a> from startup_tc8263.o(.text.Default_Handler) referenced from startup_tc8263.o(RESET)
 <LI><a href="#[50]">SPIM1_IRQHandler</a> from startup_tc8263.o(.text.Default_Handler) referenced from startup_tc8263.o(RESET)
 <LI><a href="#[e]">SRAMPERR_IRQHandler</a> from startup_tc8263.o(.text.Default_Handler) referenced from startup_tc8263.o(RESET)
 <LI><a href="#[7]">SVC_Handler</a> from startup_tc8263.o(.text.Default_Handler) referenced from startup_tc8263.o(RESET)
 <LI><a href="#[6]">SecureFault_Handler</a> from startup_tc8263.o(.text.Default_Handler) referenced from startup_tc8263.o(RESET)
 <LI><a href="#[a]">SysTick_Handler</a> from startup_tc8263.o(.text.Default_Handler) referenced from startup_tc8263.o(RESET)
 <LI><a href="#[95]">SystemInit</a> from system_tc8263.o(.text.SystemInit) referenced from system_tc8263.o(.init_array)
 <LI><a href="#[15]">TAMPER_IRQHandler</a> from startup_tc8263.o(.text.Default_Handler) referenced from startup_tc8263.o(RESET)
 <LI><a href="#[38]">TIMER0_IRQHandler</a> from startup_tc8263.o(.text.Default_Handler) referenced from startup_tc8263.o(RESET)
 <LI><a href="#[39]">TIMER1_IRQHandler</a> from startup_tc8263.o(.text.Default_Handler) referenced from startup_tc8263.o(RESET)
 <LI><a href="#[3a]">TIMER2_IRQHandler</a> from startup_tc8263.o(.text.Default_Handler) referenced from startup_tc8263.o(RESET)
 <LI><a href="#[3b]">TIMER3_IRQHandler</a> from startup_tc8263.o(.text.Default_Handler) referenced from startup_tc8263.o(RESET)
 <LI><a href="#[6c]">TRNG_IRQHandler</a> from startup_tc8263.o(.text.Default_Handler) referenced from startup_tc8263.o(RESET)
 <LI><a href="#[3e]">TTMR0_IRQHandler</a> from startup_tc8263.o(.text.Default_Handler) referenced from startup_tc8263.o(RESET)
 <LI><a href="#[3f]">TTMR1_IRQHandler</a> from startup_tc8263.o(.text.Default_Handler) referenced from startup_tc8263.o(RESET)
 <LI><a href="#[51]">UART0_IRQHandler</a> from startup_tc8263.o(.text.Default_Handler) referenced from startup_tc8263.o(RESET)
 <LI><a href="#[52]">UART1_IRQHandler</a> from startup_tc8263.o(.text.Default_Handler) referenced from startup_tc8263.o(RESET)
 <LI><a href="#[53]">UART2_IRQHandler</a> from startup_tc8263.o(.text.Default_Handler) referenced from startup_tc8263.o(RESET)
 <LI><a href="#[54]">UART3_IRQHandler</a> from startup_tc8263.o(.text.Default_Handler) referenced from startup_tc8263.o(RESET)
 <LI><a href="#[55]">UART4_IRQHandler</a> from startup_tc8263.o(.text.Default_Handler) referenced from startup_tc8263.o(RESET)
 <LI><a href="#[56]">UART5_IRQHandler</a> from startup_tc8263.o(.text.Default_Handler) referenced from startup_tc8263.o(RESET)
 <LI><a href="#[57]">UART6_IRQHandler</a> from startup_tc8263.o(.text.Default_Handler) referenced from startup_tc8263.o(RESET)
 <LI><a href="#[58]">UART7_IRQHandler</a> from startup_tc8263.o(.text.Default_Handler) referenced from startup_tc8263.o(RESET)
 <LI><a href="#[59]">UART8_IRQHandler</a> from startup_tc8263.o(.text.Default_Handler) referenced from startup_tc8263.o(RESET)
 <LI><a href="#[5a]">UART9_IRQHandler</a> from startup_tc8263.o(.text.Default_Handler) referenced from startup_tc8263.o(RESET)
 <LI><a href="#[42]">USBD_IRQHandler</a> from startup_tc8263.o(.text.Default_Handler) referenced from startup_tc8263.o(RESET)
 <LI><a href="#[40]">USBH0_IRQHandler</a> from startup_tc8263.o(.text.Default_Handler) referenced from startup_tc8263.o(RESET)
 <LI><a href="#[41]">USBH1_IRQHandler</a> from startup_tc8263.o(.text.Default_Handler) referenced from startup_tc8263.o(RESET)
 <LI><a href="#[43]">USBOTG_IRQHandler</a> from startup_tc8263.o(.text.Default_Handler) referenced from startup_tc8263.o(RESET)
 <LI><a href="#[63]">USCI0_IRQHandler</a> from startup_tc8263.o(.text.Default_Handler) referenced from startup_tc8263.o(RESET)
 <LI><a href="#[8f]">UTCPD_IRQHandler</a> from startup_tc8263.o(.text.Default_Handler) referenced from startup_tc8263.o(RESET)
 <LI><a href="#[5]">UsageFault_Handler</a> from startup_tc8263.o(.text.Default_Handler) referenced from startup_tc8263.o(RESET)
 <LI><a href="#[13]">WDT0_IRQHandler</a> from startup_tc8263.o(.text.Default_Handler) referenced from startup_tc8263.o(RESET)
 <LI><a href="#[16]">WDT1_IRQHandler</a> from startup_tc8263.o(.text.Default_Handler) referenced from startup_tc8263.o(RESET)
 <LI><a href="#[14]">WWDT0_IRQHandler</a> from startup_tc8263.o(.text.Default_Handler) referenced from startup_tc8263.o(RESET)
 <LI><a href="#[17]">WWDT1_IRQHandler</a> from startup_tc8263.o(.text.Default_Handler) referenced from startup_tc8263.o(RESET)
 <LI><a href="#[94]">fputc</a> from retarget.o(.text.fputc) referenced from printfa.o(i.__0printf)
 <LI><a href="#[93]">main</a> from main.o(.text.main) referenced from entry9a.o(.ARM.Collect$$$$0000000B)
</UL>
<P>
<H3>
Global Symbols
</H3>
<P><STRONG><a name="[96]"></a>__main</STRONG> (Thumb, 0 bytes, Stack size unknown bytes, entry.o(.ARM.Collect$$$$00000000))
<BR><BR>[Called By]<UL><LI><a href="#[0]">&gt;&gt;</a>&nbsp;&nbsp;&nbsp;Reset_Handler
</UL>

<P><STRONG><a name="[c6]"></a>_main_stk</STRONG> (Thumb, 0 bytes, Stack size unknown bytes, entry4.o(.ARM.Collect$$$$00000003))

<P><STRONG><a name="[98]"></a>_main_scatterload</STRONG> (Thumb, 0 bytes, Stack size unknown bytes, entry5.o(.ARM.Collect$$$$00000004))
<BR><BR>[Calls]<UL><LI><a href="#[99]">&gt;&gt;</a>&nbsp;&nbsp;&nbsp;__scatterload
</UL>

<P><STRONG><a name="[a7]"></a>__main_after_scatterload</STRONG> (Thumb, 0 bytes, Stack size unknown bytes, entry5.o(.ARM.Collect$$$$00000004))
<BR><BR>[Called By]<UL><LI><a href="#[99]">&gt;&gt;</a>&nbsp;&nbsp;&nbsp;__scatterload
</UL>

<P><STRONG><a name="[c7]"></a>_main_clock</STRONG> (Thumb, 0 bytes, Stack size unknown bytes, entry7b.o(.ARM.Collect$$$$00000008))

<P><STRONG><a name="[9a]"></a>_main_cpp_init$empty</STRONG> (Thumb, 0 bytes, Stack size unknown bytes, entry8a.o(.ARM.Collect$$$$00000009))
<BR><BR>[Stack]<UL><LI>Max Depth = 16 + Unknown Stack Size
<LI>Call Chain = _main_cpp_init$empty &rArr; __cpp_initialize__aeabi_
</UL>
<BR>[Calls]<UL><LI><a href="#[97]">&gt;&gt;</a>&nbsp;&nbsp;&nbsp;__cpp_initialize__aeabi_
</UL>

<P><STRONG><a name="[c8]"></a>_main_cpp_init</STRONG> (Thumb, 0 bytes, Stack size unknown bytes, entry8b.o(.ARM.Collect$$$$0000000A))

<P><STRONG><a name="[c9]"></a>_main_init</STRONG> (Thumb, 0 bytes, Stack size unknown bytes, entry9a.o(.ARM.Collect$$$$0000000B))

<P><STRONG><a name="[ca]"></a>__rt_final_cpp</STRONG> (Thumb, 0 bytes, Stack size unknown bytes, entry10a.o(.ARM.Collect$$$$0000000D))

<P><STRONG><a name="[cb]"></a>__rt_final_exit</STRONG> (Thumb, 0 bytes, Stack size unknown bytes, entry11a.o(.ARM.Collect$$$$0000000F))

<P><STRONG><a name="[97]"></a>__cpp_initialize__aeabi_</STRONG> (Thumb, 24 bytes, Stack size 16 bytes, cpp_init.o(.text))
<BR><BR>[Stack]<UL><LI>Max Depth = 16<LI>Call Chain = __cpp_initialize__aeabi_
</UL>
<BR>[Called By]<UL><LI><a href="#[9a]">&gt;&gt;</a>&nbsp;&nbsp;&nbsp;_main_cpp_init$empty
</UL>

<P><STRONG><a name="[cc]"></a>__aeabi_uidiv</STRONG> (Thumb, 0 bytes, Stack size 12 bytes, uidiv.o(.text), UNUSED)

<P><STRONG><a name="[c5]"></a>__aeabi_uidivmod</STRONG> (Thumb, 44 bytes, Stack size 12 bytes, uidiv.o(.text), UNUSED)
<BR><BR>[Called By]<UL><LI><a href="#[c0]">&gt;&gt;</a>&nbsp;&nbsp;&nbsp;_printf_core
</UL>

<P><STRONG><a name="[9b]"></a>__aeabi_uldivmod</STRONG> (Thumb, 98 bytes, Stack size 40 bytes, uldiv.o(.text), UNUSED)
<BR><BR>[Calls]<UL><LI><a href="#[9c]">&gt;&gt;</a>&nbsp;&nbsp;&nbsp;__aeabi_llsr
<LI><a href="#[9d]">&gt;&gt;</a>&nbsp;&nbsp;&nbsp;__aeabi_llsl
</UL>
<BR>[Called By]<UL><LI><a href="#[c0]">&gt;&gt;</a>&nbsp;&nbsp;&nbsp;_printf_core
<LI><a href="#[c1]">&gt;&gt;</a>&nbsp;&nbsp;&nbsp;_fp_digits
</UL>

<P><STRONG><a name="[cd]"></a>__I$use$fp</STRONG> (Thumb, 0 bytes, Stack size 48 bytes, iusefp.o(.text), UNUSED)

<P><STRONG><a name="[9e]"></a>__aeabi_dadd</STRONG> (Thumb, 322 bytes, Stack size 48 bytes, dadd.o(.text), UNUSED)
<BR><BR>[Calls]<UL><LI><a href="#[9f]">&gt;&gt;</a>&nbsp;&nbsp;&nbsp;__aeabi_lasr
<LI><a href="#[9d]">&gt;&gt;</a>&nbsp;&nbsp;&nbsp;__aeabi_llsl
<LI><a href="#[a1]">&gt;&gt;</a>&nbsp;&nbsp;&nbsp;_double_round
<LI><a href="#[a0]">&gt;&gt;</a>&nbsp;&nbsp;&nbsp;_double_epilogue
</UL>
<BR>[Called By]<UL><LI><a href="#[a3]">&gt;&gt;</a>&nbsp;&nbsp;&nbsp;__aeabi_drsub
<LI><a href="#[a2]">&gt;&gt;</a>&nbsp;&nbsp;&nbsp;__aeabi_dsub
<LI><a href="#[c1]">&gt;&gt;</a>&nbsp;&nbsp;&nbsp;_fp_digits
</UL>

<P><STRONG><a name="[a2]"></a>__aeabi_dsub</STRONG> (Thumb, 6 bytes, Stack size 0 bytes, dadd.o(.text), UNUSED)
<BR><BR>[Calls]<UL><LI><a href="#[9e]">&gt;&gt;</a>&nbsp;&nbsp;&nbsp;__aeabi_dadd
</UL>

<P><STRONG><a name="[a3]"></a>__aeabi_drsub</STRONG> (Thumb, 6 bytes, Stack size 0 bytes, dadd.o(.text), UNUSED)
<BR><BR>[Calls]<UL><LI><a href="#[9e]">&gt;&gt;</a>&nbsp;&nbsp;&nbsp;__aeabi_dadd
</UL>

<P><STRONG><a name="[a4]"></a>__aeabi_dmul</STRONG> (Thumb, 228 bytes, Stack size 48 bytes, dmul.o(.text), UNUSED)
<BR><BR>[Calls]<UL><LI><a href="#[a0]">&gt;&gt;</a>&nbsp;&nbsp;&nbsp;_double_epilogue
</UL>
<BR>[Called By]<UL><LI><a href="#[c1]">&gt;&gt;</a>&nbsp;&nbsp;&nbsp;_fp_digits
</UL>

<P><STRONG><a name="[a5]"></a>__aeabi_ddiv</STRONG> (Thumb, 222 bytes, Stack size 32 bytes, ddiv.o(.text), UNUSED)
<BR><BR>[Calls]<UL><LI><a href="#[a1]">&gt;&gt;</a>&nbsp;&nbsp;&nbsp;_double_round
</UL>
<BR>[Called By]<UL><LI><a href="#[c1]">&gt;&gt;</a>&nbsp;&nbsp;&nbsp;_fp_digits
</UL>

<P><STRONG><a name="[a6]"></a>__aeabi_d2ulz</STRONG> (Thumb, 48 bytes, Stack size 0 bytes, dfixul.o(.text), UNUSED)
<BR><BR>[Calls]<UL><LI><a href="#[9c]">&gt;&gt;</a>&nbsp;&nbsp;&nbsp;__aeabi_llsr
<LI><a href="#[9d]">&gt;&gt;</a>&nbsp;&nbsp;&nbsp;__aeabi_llsl
</UL>
<BR>[Called By]<UL><LI><a href="#[c1]">&gt;&gt;</a>&nbsp;&nbsp;&nbsp;_fp_digits
</UL>

<P><STRONG><a name="[c2]"></a>__aeabi_cdrcmple</STRONG> (Thumb, 48 bytes, Stack size 0 bytes, cdrcmple.o(.text), UNUSED)
<BR><BR>[Called By]<UL><LI><a href="#[c1]">&gt;&gt;</a>&nbsp;&nbsp;&nbsp;_fp_digits
</UL>

<P><STRONG><a name="[99]"></a>__scatterload</STRONG> (Thumb, 28 bytes, Stack size 0 bytes, init.o(.text))
<BR><BR>[Calls]<UL><LI><a href="#[a7]">&gt;&gt;</a>&nbsp;&nbsp;&nbsp;__main_after_scatterload
</UL>
<BR>[Called By]<UL><LI><a href="#[98]">&gt;&gt;</a>&nbsp;&nbsp;&nbsp;_main_scatterload
</UL>

<P><STRONG><a name="[ce]"></a>__scatterload_rt2</STRONG> (Thumb, 0 bytes, Stack size 0 bytes, init.o(.text), UNUSED)

<P><STRONG><a name="[9d]"></a>__aeabi_llsl</STRONG> (Thumb, 30 bytes, Stack size 0 bytes, llshl.o(.text), UNUSED)
<BR><BR>[Called By]<UL><LI><a href="#[a0]">&gt;&gt;</a>&nbsp;&nbsp;&nbsp;_double_epilogue
<LI><a href="#[9b]">&gt;&gt;</a>&nbsp;&nbsp;&nbsp;__aeabi_uldivmod
<LI><a href="#[9e]">&gt;&gt;</a>&nbsp;&nbsp;&nbsp;__aeabi_dadd
<LI><a href="#[a6]">&gt;&gt;</a>&nbsp;&nbsp;&nbsp;__aeabi_d2ulz
</UL>

<P><STRONG><a name="[cf]"></a>_ll_shift_l</STRONG> (Thumb, 0 bytes, Stack size 0 bytes, llshl.o(.text), UNUSED)

<P><STRONG><a name="[9c]"></a>__aeabi_llsr</STRONG> (Thumb, 32 bytes, Stack size 0 bytes, llushr.o(.text), UNUSED)
<BR><BR>[Called By]<UL><LI><a href="#[a0]">&gt;&gt;</a>&nbsp;&nbsp;&nbsp;_double_epilogue
<LI><a href="#[9b]">&gt;&gt;</a>&nbsp;&nbsp;&nbsp;__aeabi_uldivmod
<LI><a href="#[a6]">&gt;&gt;</a>&nbsp;&nbsp;&nbsp;__aeabi_d2ulz
</UL>

<P><STRONG><a name="[d0]"></a>_ll_ushift_r</STRONG> (Thumb, 0 bytes, Stack size 0 bytes, llushr.o(.text), UNUSED)

<P><STRONG><a name="[9f]"></a>__aeabi_lasr</STRONG> (Thumb, 36 bytes, Stack size 0 bytes, llsshr.o(.text), UNUSED)
<BR><BR>[Called By]<UL><LI><a href="#[9e]">&gt;&gt;</a>&nbsp;&nbsp;&nbsp;__aeabi_dadd
</UL>

<P><STRONG><a name="[d1]"></a>_ll_sshift_r</STRONG> (Thumb, 0 bytes, Stack size 0 bytes, llsshr.o(.text), UNUSED)

<P><STRONG><a name="[a1]"></a>_double_round</STRONG> (Thumb, 30 bytes, Stack size 8 bytes, depilogue.o(.text), UNUSED)
<BR><BR>[Called By]<UL><LI><a href="#[a0]">&gt;&gt;</a>&nbsp;&nbsp;&nbsp;_double_epilogue
<LI><a href="#[a5]">&gt;&gt;</a>&nbsp;&nbsp;&nbsp;__aeabi_ddiv
<LI><a href="#[9e]">&gt;&gt;</a>&nbsp;&nbsp;&nbsp;__aeabi_dadd
</UL>

<P><STRONG><a name="[a0]"></a>_double_epilogue</STRONG> (Thumb, 156 bytes, Stack size 32 bytes, depilogue.o(.text), UNUSED)
<BR><BR>[Calls]<UL><LI><a href="#[9c]">&gt;&gt;</a>&nbsp;&nbsp;&nbsp;__aeabi_llsr
<LI><a href="#[9d]">&gt;&gt;</a>&nbsp;&nbsp;&nbsp;__aeabi_llsl
<LI><a href="#[a1]">&gt;&gt;</a>&nbsp;&nbsp;&nbsp;_double_round
</UL>
<BR>[Called By]<UL><LI><a href="#[a4]">&gt;&gt;</a>&nbsp;&nbsp;&nbsp;__aeabi_dmul
<LI><a href="#[9e]">&gt;&gt;</a>&nbsp;&nbsp;&nbsp;__aeabi_dadd
</UL>

<P><STRONG><a name="[79]"></a>ACMP01_IRQHandler</STRONG> (Thumb, 120 bytes, Stack size 8 bytes, main.o(.text.ACMP01_IRQHandler))
<BR><BR>[Stack]<UL><LI>Max Depth = 32<LI>Call Chain = ACMP01_IRQHandler &rArr; printf
</UL>
<BR>[Calls]<UL><LI><a href="#[a8]">&gt;&gt;</a>&nbsp;&nbsp;&nbsp;printf
</UL>
<BR>[Address Reference Count : 1]<UL><LI> startup_tc8263.o(RESET)
</UL>
<P><STRONG><a name="[bd]"></a>ACMP_Open</STRONG> (Thumb, 76 bytes, Stack size 20 bytes, acmp.o(.text.ACMP_Open))
<BR><BR>[Stack]<UL><LI>Max Depth = 20<LI>Call Chain = ACMP_Open
</UL>
<BR>[Called By]<UL><LI><a href="#[93]">&gt;&gt;</a>&nbsp;&nbsp;&nbsp;main
</UL>

<P><STRONG><a name="[aa]"></a>CLK_DisableAPLL</STRONG> (Thumb, 50 bytes, Stack size 4 bytes, clk.o(.text.CLK_DisableAPLL))
<BR><BR>[Stack]<UL><LI>Max Depth = 4<LI>Call Chain = CLK_DisableAPLL
</UL>
<BR>[Called By]<UL><LI><a href="#[a9]">&gt;&gt;</a>&nbsp;&nbsp;&nbsp;CLK_EnableAPLL
</UL>

<P><STRONG><a name="[a9]"></a>CLK_EnableAPLL</STRONG> (Thumb, 958 bytes, Stack size 72 bytes, clk.o(.text.CLK_EnableAPLL))
<BR><BR>[Stack]<UL><LI>Max Depth = 84<LI>Call Chain = CLK_EnableAPLL &rArr; CLK_WaitClockReady
</UL>
<BR>[Calls]<UL><LI><a href="#[aa]">&gt;&gt;</a>&nbsp;&nbsp;&nbsp;CLK_DisableAPLL
<LI><a href="#[ab]">&gt;&gt;</a>&nbsp;&nbsp;&nbsp;CLK_WaitClockReady
</UL>
<BR>[Called By]<UL><LI><a href="#[af]">&gt;&gt;</a>&nbsp;&nbsp;&nbsp;SYS_Init
</UL>

<P><STRONG><a name="[b1]"></a>CLK_EnableModuleClock</STRONG> (Thumb, 150 bytes, Stack size 24 bytes, clk.o(.text.CLK_EnableModuleClock))
<BR><BR>[Stack]<UL><LI>Max Depth = 24<LI>Call Chain = CLK_EnableModuleClock
</UL>
<BR>[Called By]<UL><LI><a href="#[af]">&gt;&gt;</a>&nbsp;&nbsp;&nbsp;SYS_Init
</UL>

<P><STRONG><a name="[b0]"></a>CLK_EnableXtalRC</STRONG> (Thumb, 24 bytes, Stack size 4 bytes, clk.o(.text.CLK_EnableXtalRC))
<BR><BR>[Stack]<UL><LI>Max Depth = 4<LI>Call Chain = CLK_EnableXtalRC
</UL>
<BR>[Called By]<UL><LI><a href="#[af]">&gt;&gt;</a>&nbsp;&nbsp;&nbsp;SYS_Init
</UL>

<P><STRONG><a name="[b5]"></a>CLK_GetAPLL0ClockFreq</STRONG> (Thumb, 202 bytes, Stack size 28 bytes, clk.o(.text.CLK_GetAPLL0ClockFreq))
<BR><BR>[Stack]<UL><LI>Max Depth = 28<LI>Call Chain = CLK_GetAPLL0ClockFreq
</UL>
<BR>[Called By]<UL><LI><a href="#[b7]">&gt;&gt;</a>&nbsp;&nbsp;&nbsp;UART_Open
<LI><a href="#[b4]">&gt;&gt;</a>&nbsp;&nbsp;&nbsp;SystemClockUpdate
</UL>

<P><STRONG><a name="[b6]"></a>CLK_GetMIRCFreq</STRONG> (Thumb, 146 bytes, Stack size 8 bytes, clk.o(.text.CLK_GetMIRCFreq))
<BR><BR>[Stack]<UL><LI>Max Depth = 8<LI>Call Chain = CLK_GetMIRCFreq
</UL>
<BR>[Called By]<UL><LI><a href="#[b4]">&gt;&gt;</a>&nbsp;&nbsp;&nbsp;SystemClockUpdate
</UL>

<P><STRONG><a name="[ac]"></a>CLK_SetSCLK</STRONG> (Thumb, 486 bytes, Stack size 24 bytes, clk.o(.text.CLK_SetSCLK))
<BR><BR>[Stack]<UL><LI>Max Depth = 108<LI>Call Chain = CLK_SetSCLK &rArr; SystemCoreClockUpdate &rArr; SystemClockUpdate &rArr; CLK_GetAPLL0ClockFreq
</UL>
<BR>[Calls]<UL><LI><a href="#[ab]">&gt;&gt;</a>&nbsp;&nbsp;&nbsp;CLK_WaitClockReady
<LI><a href="#[ad]">&gt;&gt;</a>&nbsp;&nbsp;&nbsp;SystemCoreClockUpdate
</UL>
<BR>[Called By]<UL><LI><a href="#[af]">&gt;&gt;</a>&nbsp;&nbsp;&nbsp;SYS_Init
</UL>

<P><STRONG><a name="[ab]"></a>CLK_WaitClockReady</STRONG> (Thumb, 68 bytes, Stack size 12 bytes, clk.o(.text.CLK_WaitClockReady))
<BR><BR>[Stack]<UL><LI>Max Depth = 12<LI>Call Chain = CLK_WaitClockReady
</UL>
<BR>[Called By]<UL><LI><a href="#[af]">&gt;&gt;</a>&nbsp;&nbsp;&nbsp;SYS_Init
<LI><a href="#[ac]">&gt;&gt;</a>&nbsp;&nbsp;&nbsp;CLK_SetSCLK
<LI><a href="#[a9]">&gt;&gt;</a>&nbsp;&nbsp;&nbsp;CLK_EnableAPLL
</UL>

<P><STRONG><a name="[7a]"></a>ACMP23_IRQHandler</STRONG> (Thumb, 4 bytes, Stack size 0 bytes, startup_tc8263.o(.text.Default_Handler))
<BR>[Address Reference Count : 1]<UL><LI> startup_tc8263.o(RESET)
</UL>
<P><STRONG><a name="[8e]"></a>AWF_IRQHandler</STRONG> (Thumb, 4 bytes, Stack size 0 bytes, startup_tc8263.o(.text.Default_Handler))
<BR>[Address Reference Count : 1]<UL><LI> startup_tc8263.o(RESET)
</UL>
<P><STRONG><a name="[b]"></a>BODOUT_IRQHandler</STRONG> (Thumb, 4 bytes, Stack size 0 bytes, startup_tc8263.o(.text.Default_Handler))
<BR>[Address Reference Count : 1]<UL><LI> startup_tc8263.o(RESET)
</UL>
<P><STRONG><a name="[31]"></a>BPWM0_IRQHandler</STRONG> (Thumb, 4 bytes, Stack size 0 bytes, startup_tc8263.o(.text.Default_Handler))
<BR>[Address Reference Count : 1]<UL><LI> startup_tc8263.o(RESET)
</UL>
<P><STRONG><a name="[32]"></a>BPWM1_IRQHandler</STRONG> (Thumb, 4 bytes, Stack size 0 bytes, startup_tc8263.o(.text.Default_Handler))
<BR>[Address Reference Count : 1]<UL><LI> startup_tc8263.o(RESET)
</UL>
<P><STRONG><a name="[29]"></a>BRAKE0_IRQHandler</STRONG> (Thumb, 4 bytes, Stack size 0 bytes, startup_tc8263.o(.text.Default_Handler))
<BR>[Address Reference Count : 1]<UL><LI> startup_tc8263.o(RESET)
</UL>
<P><STRONG><a name="[2d]"></a>BRAKE1_IRQHandler</STRONG> (Thumb, 4 bytes, Stack size 0 bytes, startup_tc8263.o(.text.Default_Handler))
<BR>[Address Reference Count : 1]<UL><LI> startup_tc8263.o(RESET)
</UL>
<P><STRONG><a name="[4]"></a>BusFault_Handler</STRONG> (Thumb, 4 bytes, Stack size 0 bytes, startup_tc8263.o(.text.Default_Handler))
<BR>[Address Reference Count : 1]<UL><LI> startup_tc8263.o(RESET)
</UL>
<P><STRONG><a name="[75]"></a>CANFD00_IRQHandler</STRONG> (Thumb, 4 bytes, Stack size 0 bytes, startup_tc8263.o(.text.Default_Handler))
<BR>[Address Reference Count : 1]<UL><LI> startup_tc8263.o(RESET)
</UL>
<P><STRONG><a name="[76]"></a>CANFD01_IRQHandler</STRONG> (Thumb, 4 bytes, Stack size 0 bytes, startup_tc8263.o(.text.Default_Handler))
<BR>[Address Reference Count : 1]<UL><LI> startup_tc8263.o(RESET)
</UL>
<P><STRONG><a name="[77]"></a>CANFD10_IRQHandler</STRONG> (Thumb, 4 bytes, Stack size 0 bytes, startup_tc8263.o(.text.Default_Handler))
<BR>[Address Reference Count : 1]<UL><LI> startup_tc8263.o(RESET)
</UL>
<P><STRONG><a name="[78]"></a>CANFD11_IRQHandler</STRONG> (Thumb, 4 bytes, Stack size 0 bytes, startup_tc8263.o(.text.Default_Handler))
<BR>[Address Reference Count : 1]<UL><LI> startup_tc8263.o(RESET)
</UL>
<P><STRONG><a name="[73]"></a>CCAP_IRQHandler</STRONG> (Thumb, 4 bytes, Stack size 0 bytes, startup_tc8263.o(.text.Default_Handler))
<BR>[Address Reference Count : 1]<UL><LI> startup_tc8263.o(RESET)
</UL>
<P><STRONG><a name="[f]"></a>CKFAIL_IRQHandler</STRONG> (Thumb, 4 bytes, Stack size 0 bytes, startup_tc8263.o(.text.Default_Handler))
<BR>[Address Reference Count : 1]<UL><LI> startup_tc8263.o(RESET)
</UL>
<P><STRONG><a name="[7b]"></a>CRC_IRQHandler</STRONG> (Thumb, 4 bytes, Stack size 0 bytes, startup_tc8263.o(.text.Default_Handler))
<BR>[Address Reference Count : 1]<UL><LI> startup_tc8263.o(RESET)
</UL>
<P><STRONG><a name="[74]"></a>CRYPTO_IRQHandler</STRONG> (Thumb, 4 bytes, Stack size 0 bytes, startup_tc8263.o(.text.Default_Handler))
<BR>[Address Reference Count : 1]<UL><LI> startup_tc8263.o(RESET)
</UL>
<P><STRONG><a name="[85]"></a>DAC01_IRQHandler</STRONG> (Thumb, 4 bytes, Stack size 0 bytes, startup_tc8263.o(.text.Default_Handler))
<BR>[Address Reference Count : 1]<UL><LI> startup_tc8263.o(RESET)
</UL>
<P><STRONG><a name="[69]"></a>DMIC0VAD_IRQHandler</STRONG> (Thumb, 4 bytes, Stack size 0 bytes, startup_tc8263.o(.text.Default_Handler))
<BR>[Address Reference Count : 1]<UL><LI> startup_tc8263.o(RESET)
</UL>
<P><STRONG><a name="[68]"></a>DMIC0_IRQHandler</STRONG> (Thumb, 4 bytes, Stack size 0 bytes, startup_tc8263.o(.text.Default_Handler))
<BR>[Address Reference Count : 1]<UL><LI> startup_tc8263.o(RESET)
</UL>
<P><STRONG><a name="[8]"></a>DebugMon_Handler</STRONG> (Thumb, 4 bytes, Stack size 0 bytes, startup_tc8263.o(.text.Default_Handler))
<BR>[Address Reference Count : 1]<UL><LI> startup_tc8263.o(RESET)
</UL>
<P><STRONG><a name="[d2]"></a>Default_Handler</STRONG> (Thumb, 4 bytes, Stack size 0 bytes, startup_tc8263.o(.text.Default_Handler), UNUSED)

<P><STRONG><a name="[7c]"></a>EADC00_IRQHandler</STRONG> (Thumb, 4 bytes, Stack size 0 bytes, startup_tc8263.o(.text.Default_Handler))
<BR>[Address Reference Count : 1]<UL><LI> startup_tc8263.o(RESET)
</UL>
<P><STRONG><a name="[7d]"></a>EADC01_IRQHandler</STRONG> (Thumb, 4 bytes, Stack size 0 bytes, startup_tc8263.o(.text.Default_Handler))
<BR>[Address Reference Count : 1]<UL><LI> startup_tc8263.o(RESET)
</UL>
<P><STRONG><a name="[7e]"></a>EADC02_IRQHandler</STRONG> (Thumb, 4 bytes, Stack size 0 bytes, startup_tc8263.o(.text.Default_Handler))
<BR>[Address Reference Count : 1]<UL><LI> startup_tc8263.o(RESET)
</UL>
<P><STRONG><a name="[7f]"></a>EADC03_IRQHandler</STRONG> (Thumb, 4 bytes, Stack size 0 bytes, startup_tc8263.o(.text.Default_Handler))
<BR>[Address Reference Count : 1]<UL><LI> startup_tc8263.o(RESET)
</UL>
<P><STRONG><a name="[80]"></a>EADC10_IRQHandler</STRONG> (Thumb, 4 bytes, Stack size 0 bytes, startup_tc8263.o(.text.Default_Handler))
<BR>[Address Reference Count : 1]<UL><LI> startup_tc8263.o(RESET)
</UL>
<P><STRONG><a name="[81]"></a>EADC11_IRQHandler</STRONG> (Thumb, 4 bytes, Stack size 0 bytes, startup_tc8263.o(.text.Default_Handler))
<BR>[Address Reference Count : 1]<UL><LI> startup_tc8263.o(RESET)
</UL>
<P><STRONG><a name="[82]"></a>EADC12_IRQHandler</STRONG> (Thumb, 4 bytes, Stack size 0 bytes, startup_tc8263.o(.text.Default_Handler))
<BR>[Address Reference Count : 1]<UL><LI> startup_tc8263.o(RESET)
</UL>
<P><STRONG><a name="[83]"></a>EADC13_IRQHandler</STRONG> (Thumb, 4 bytes, Stack size 0 bytes, startup_tc8263.o(.text.Default_Handler))
<BR>[Address Reference Count : 1]<UL><LI> startup_tc8263.o(RESET)
</UL>
<P><STRONG><a name="[8a]"></a>ECAP0_IRQHandler</STRONG> (Thumb, 4 bytes, Stack size 0 bytes, startup_tc8263.o(.text.Default_Handler))
<BR>[Address Reference Count : 1]<UL><LI> startup_tc8263.o(RESET)
</UL>
<P><STRONG><a name="[8b]"></a>ECAP1_IRQHandler</STRONG> (Thumb, 4 bytes, Stack size 0 bytes, startup_tc8263.o(.text.Default_Handler))
<BR>[Address Reference Count : 1]<UL><LI> startup_tc8263.o(RESET)
</UL>
<P><STRONG><a name="[8c]"></a>ECAP2_IRQHandler</STRONG> (Thumb, 4 bytes, Stack size 0 bytes, startup_tc8263.o(.text.Default_Handler))
<BR>[Address Reference Count : 1]<UL><LI> startup_tc8263.o(RESET)
</UL>
<P><STRONG><a name="[8d]"></a>ECAP3_IRQHandler</STRONG> (Thumb, 4 bytes, Stack size 0 bytes, startup_tc8263.o(.text.Default_Handler))
<BR>[Address Reference Count : 1]<UL><LI> startup_tc8263.o(RESET)
</UL>
<P><STRONG><a name="[19]"></a>EINT0_IRQHandler</STRONG> (Thumb, 4 bytes, Stack size 0 bytes, startup_tc8263.o(.text.Default_Handler))
<BR>[Address Reference Count : 1]<UL><LI> startup_tc8263.o(RESET)
</UL>
<P><STRONG><a name="[1a]"></a>EINT1_IRQHandler</STRONG> (Thumb, 4 bytes, Stack size 0 bytes, startup_tc8263.o(.text.Default_Handler))
<BR>[Address Reference Count : 1]<UL><LI> startup_tc8263.o(RESET)
</UL>
<P><STRONG><a name="[1b]"></a>EINT2_IRQHandler</STRONG> (Thumb, 4 bytes, Stack size 0 bytes, startup_tc8263.o(.text.Default_Handler))
<BR>[Address Reference Count : 1]<UL><LI> startup_tc8263.o(RESET)
</UL>
<P><STRONG><a name="[1c]"></a>EINT3_IRQHandler</STRONG> (Thumb, 4 bytes, Stack size 0 bytes, startup_tc8263.o(.text.Default_Handler))
<BR>[Address Reference Count : 1]<UL><LI> startup_tc8263.o(RESET)
</UL>
<P><STRONG><a name="[1d]"></a>EINT4_IRQHandler</STRONG> (Thumb, 4 bytes, Stack size 0 bytes, startup_tc8263.o(.text.Default_Handler))
<BR>[Address Reference Count : 1]<UL><LI> startup_tc8263.o(RESET)
</UL>
<P><STRONG><a name="[1e]"></a>EINT5_IRQHandler</STRONG> (Thumb, 4 bytes, Stack size 0 bytes, startup_tc8263.o(.text.Default_Handler))
<BR>[Address Reference Count : 1]<UL><LI> startup_tc8263.o(RESET)
</UL>
<P><STRONG><a name="[5b]"></a>EINT6_IRQHandler</STRONG> (Thumb, 4 bytes, Stack size 0 bytes, startup_tc8263.o(.text.Default_Handler))
<BR>[Address Reference Count : 1]<UL><LI> startup_tc8263.o(RESET)
</UL>
<P><STRONG><a name="[5c]"></a>EINT7_IRQHandler</STRONG> (Thumb, 4 bytes, Stack size 0 bytes, startup_tc8263.o(.text.Default_Handler))
<BR>[Address Reference Count : 1]<UL><LI> startup_tc8263.o(RESET)
</UL>
<P><STRONG><a name="[47]"></a>EMAC0_IRQHandler</STRONG> (Thumb, 4 bytes, Stack size 0 bytes, startup_tc8263.o(.text.Default_Handler))
<BR>[Address Reference Count : 1]<UL><LI> startup_tc8263.o(RESET)
</UL>
<P><STRONG><a name="[2a]"></a>EPWM0P0_IRQHandler</STRONG> (Thumb, 4 bytes, Stack size 0 bytes, startup_tc8263.o(.text.Default_Handler))
<BR>[Address Reference Count : 1]<UL><LI> startup_tc8263.o(RESET)
</UL>
<P><STRONG><a name="[2b]"></a>EPWM0P1_IRQHandler</STRONG> (Thumb, 4 bytes, Stack size 0 bytes, startup_tc8263.o(.text.Default_Handler))
<BR>[Address Reference Count : 1]<UL><LI> startup_tc8263.o(RESET)
</UL>
<P><STRONG><a name="[2c]"></a>EPWM0P2_IRQHandler</STRONG> (Thumb, 4 bytes, Stack size 0 bytes, startup_tc8263.o(.text.Default_Handler))
<BR>[Address Reference Count : 1]<UL><LI> startup_tc8263.o(RESET)
</UL>
<P><STRONG><a name="[2e]"></a>EPWM1P0_IRQHandler</STRONG> (Thumb, 4 bytes, Stack size 0 bytes, startup_tc8263.o(.text.Default_Handler))
<BR>[Address Reference Count : 1]<UL><LI> startup_tc8263.o(RESET)
</UL>
<P><STRONG><a name="[2f]"></a>EPWM1P1_IRQHandler</STRONG> (Thumb, 4 bytes, Stack size 0 bytes, startup_tc8263.o(.text.Default_Handler))
<BR>[Address Reference Count : 1]<UL><LI> startup_tc8263.o(RESET)
</UL>
<P><STRONG><a name="[30]"></a>EPWM1P2_IRQHandler</STRONG> (Thumb, 4 bytes, Stack size 0 bytes, startup_tc8263.o(.text.Default_Handler))
<BR>[Address Reference Count : 1]<UL><LI> startup_tc8263.o(RESET)
</UL>
<P><STRONG><a name="[86]"></a>EQEI0_IRQHandler</STRONG> (Thumb, 4 bytes, Stack size 0 bytes, startup_tc8263.o(.text.Default_Handler))
<BR>[Address Reference Count : 1]<UL><LI> startup_tc8263.o(RESET)
</UL>
<P><STRONG><a name="[87]"></a>EQEI1_IRQHandler</STRONG> (Thumb, 4 bytes, Stack size 0 bytes, startup_tc8263.o(.text.Default_Handler))
<BR>[Address Reference Count : 1]<UL><LI> startup_tc8263.o(RESET)
</UL>
<P><STRONG><a name="[88]"></a>EQEI2_IRQHandler</STRONG> (Thumb, 4 bytes, Stack size 0 bytes, startup_tc8263.o(.text.Default_Handler))
<BR>[Address Reference Count : 1]<UL><LI> startup_tc8263.o(RESET)
</UL>
<P><STRONG><a name="[89]"></a>EQEI3_IRQHandler</STRONG> (Thumb, 4 bytes, Stack size 0 bytes, startup_tc8263.o(.text.Default_Handler))
<BR>[Address Reference Count : 1]<UL><LI> startup_tc8263.o(RESET)
</UL>
<P><STRONG><a name="[90]"></a>ETI_IRQHandler</STRONG> (Thumb, 4 bytes, Stack size 0 bytes, startup_tc8263.o(.text.Default_Handler))
<BR>[Address Reference Count : 1]<UL><LI> startup_tc8263.o(RESET)
</UL>
<P><STRONG><a name="[91]"></a>GDMACH0_IRQHandler</STRONG> (Thumb, 4 bytes, Stack size 0 bytes, startup_tc8263.o(.text.Default_Handler))
<BR>[Address Reference Count : 1]<UL><LI> startup_tc8263.o(RESET)
</UL>
<P><STRONG><a name="[92]"></a>GDMACH1_IRQHandler</STRONG> (Thumb, 4 bytes, Stack size 0 bytes, startup_tc8263.o(.text.Default_Handler))
<BR>[Address Reference Count : 1]<UL><LI> startup_tc8263.o(RESET)
</UL>
<P><STRONG><a name="[1f]"></a>GPA_IRQHandler</STRONG> (Thumb, 4 bytes, Stack size 0 bytes, startup_tc8263.o(.text.Default_Handler))
<BR>[Address Reference Count : 1]<UL><LI> startup_tc8263.o(RESET)
</UL>
<P><STRONG><a name="[20]"></a>GPB_IRQHandler</STRONG> (Thumb, 4 bytes, Stack size 0 bytes, startup_tc8263.o(.text.Default_Handler))
<BR>[Address Reference Count : 1]<UL><LI> startup_tc8263.o(RESET)
</UL>
<P><STRONG><a name="[21]"></a>GPC_IRQHandler</STRONG> (Thumb, 4 bytes, Stack size 0 bytes, startup_tc8263.o(.text.Default_Handler))
<BR>[Address Reference Count : 1]<UL><LI> startup_tc8263.o(RESET)
</UL>
<P><STRONG><a name="[22]"></a>GPD_IRQHandler</STRONG> (Thumb, 4 bytes, Stack size 0 bytes, startup_tc8263.o(.text.Default_Handler))
<BR>[Address Reference Count : 1]<UL><LI> startup_tc8263.o(RESET)
</UL>
<P><STRONG><a name="[23]"></a>GPE_IRQHandler</STRONG> (Thumb, 4 bytes, Stack size 0 bytes, startup_tc8263.o(.text.Default_Handler))
<BR>[Address Reference Count : 1]<UL><LI> startup_tc8263.o(RESET)
</UL>
<P><STRONG><a name="[24]"></a>GPF_IRQHandler</STRONG> (Thumb, 4 bytes, Stack size 0 bytes, startup_tc8263.o(.text.Default_Handler))
<BR>[Address Reference Count : 1]<UL><LI> startup_tc8263.o(RESET)
</UL>
<P><STRONG><a name="[25]"></a>GPG_IRQHandler</STRONG> (Thumb, 4 bytes, Stack size 0 bytes, startup_tc8263.o(.text.Default_Handler))
<BR>[Address Reference Count : 1]<UL><LI> startup_tc8263.o(RESET)
</UL>
<P><STRONG><a name="[26]"></a>GPH_IRQHandler</STRONG> (Thumb, 4 bytes, Stack size 0 bytes, startup_tc8263.o(.text.Default_Handler))
<BR>[Address Reference Count : 1]<UL><LI> startup_tc8263.o(RESET)
</UL>
<P><STRONG><a name="[27]"></a>GPI_IRQHandler</STRONG> (Thumb, 4 bytes, Stack size 0 bytes, startup_tc8263.o(.text.Default_Handler))
<BR>[Address Reference Count : 1]<UL><LI> startup_tc8263.o(RESET)
</UL>
<P><STRONG><a name="[28]"></a>GPJ_IRQHandler</STRONG> (Thumb, 4 bytes, Stack size 0 bytes, startup_tc8263.o(.text.Default_Handler))
<BR>[Address Reference Count : 1]<UL><LI> startup_tc8263.o(RESET)
</UL>
<P><STRONG><a name="[46]"></a>HSOTG_IRQHandler</STRONG> (Thumb, 4 bytes, Stack size 0 bytes, startup_tc8263.o(.text.Default_Handler))
<BR>[Address Reference Count : 1]<UL><LI> startup_tc8263.o(RESET)
</UL>
<P><STRONG><a name="[45]"></a>HSUSBD_IRQHandler</STRONG> (Thumb, 4 bytes, Stack size 0 bytes, startup_tc8263.o(.text.Default_Handler))
<BR>[Address Reference Count : 1]<UL><LI> startup_tc8263.o(RESET)
</UL>
<P><STRONG><a name="[44]"></a>HSUSBH_IRQHandler</STRONG> (Thumb, 4 bytes, Stack size 0 bytes, startup_tc8263.o(.text.Default_Handler))
<BR>[Address Reference Count : 1]<UL><LI> startup_tc8263.o(RESET)
</UL>
<P><STRONG><a name="[5e]"></a>I2C0_IRQHandler</STRONG> (Thumb, 4 bytes, Stack size 0 bytes, startup_tc8263.o(.text.Default_Handler))
<BR>[Address Reference Count : 1]<UL><LI> startup_tc8263.o(RESET)
</UL>
<P><STRONG><a name="[5f]"></a>I2C1_IRQHandler</STRONG> (Thumb, 4 bytes, Stack size 0 bytes, startup_tc8263.o(.text.Default_Handler))
<BR>[Address Reference Count : 1]<UL><LI> startup_tc8263.o(RESET)
</UL>
<P><STRONG><a name="[60]"></a>I2C2_IRQHandler</STRONG> (Thumb, 4 bytes, Stack size 0 bytes, startup_tc8263.o(.text.Default_Handler))
<BR>[Address Reference Count : 1]<UL><LI> startup_tc8263.o(RESET)
</UL>
<P><STRONG><a name="[61]"></a>I2C3_IRQHandler</STRONG> (Thumb, 4 bytes, Stack size 0 bytes, startup_tc8263.o(.text.Default_Handler))
<BR>[Address Reference Count : 1]<UL><LI> startup_tc8263.o(RESET)
</UL>
<P><STRONG><a name="[6a]"></a>I2S0_IRQHandler</STRONG> (Thumb, 4 bytes, Stack size 0 bytes, startup_tc8263.o(.text.Default_Handler))
<BR>[Address Reference Count : 1]<UL><LI> startup_tc8263.o(RESET)
</UL>
<P><STRONG><a name="[6b]"></a>I2S1_IRQHandler</STRONG> (Thumb, 4 bytes, Stack size 0 bytes, startup_tc8263.o(.text.Default_Handler))
<BR>[Address Reference Count : 1]<UL><LI> startup_tc8263.o(RESET)
</UL>
<P><STRONG><a name="[6d]"></a>I3C0_IRQHandler</STRONG> (Thumb, 4 bytes, Stack size 0 bytes, startup_tc8263.o(.text.Default_Handler))
<BR>[Address Reference Count : 1]<UL><LI> startup_tc8263.o(RESET)
</UL>
<P><STRONG><a name="[c]"></a>IRC_IRQHandler</STRONG> (Thumb, 4 bytes, Stack size 0 bytes, startup_tc8263.o(.text.Default_Handler))
<BR>[Address Reference Count : 1]<UL><LI> startup_tc8263.o(RESET)
</UL>
<P><STRONG><a name="[10]"></a>ISP_IRQHandler</STRONG> (Thumb, 4 bytes, Stack size 0 bytes, startup_tc8263.o(.text.Default_Handler))
<BR>[Address Reference Count : 1]<UL><LI> startup_tc8263.o(RESET)
</UL>
<P><STRONG><a name="[70]"></a>KPI_IRQHandler</STRONG> (Thumb, 4 bytes, Stack size 0 bytes, startup_tc8263.o(.text.Default_Handler))
<BR>[Address Reference Count : 1]<UL><LI> startup_tc8263.o(RESET)
</UL>
<P><STRONG><a name="[37]"></a>KS_IRQHandler</STRONG> (Thumb, 4 bytes, Stack size 0 bytes, startup_tc8263.o(.text.Default_Handler))
<BR>[Address Reference Count : 1]<UL><LI> startup_tc8263.o(RESET)
</UL>
<P><STRONG><a name="[84]"></a>LPADC0_IRQHandler</STRONG> (Thumb, 4 bytes, Stack size 0 bytes, startup_tc8263.o(.text.Default_Handler))
<BR>[Address Reference Count : 1]<UL><LI> startup_tc8263.o(RESET)
</UL>
<P><STRONG><a name="[62]"></a>LPI2C0_IRQHandler</STRONG> (Thumb, 4 bytes, Stack size 0 bytes, startup_tc8263.o(.text.Default_Handler))
<BR>[Address Reference Count : 1]<UL><LI> startup_tc8263.o(RESET)
</UL>
<P><STRONG><a name="[35]"></a>LPPDMA_IRQHandler</STRONG> (Thumb, 4 bytes, Stack size 0 bytes, startup_tc8263.o(.text.Default_Handler))
<BR>[Address Reference Count : 1]<UL><LI> startup_tc8263.o(RESET)
</UL>
<P><STRONG><a name="[4e]"></a>LPSPI0_IRQHandler</STRONG> (Thumb, 4 bytes, Stack size 0 bytes, startup_tc8263.o(.text.Default_Handler))
<BR>[Address Reference Count : 1]<UL><LI> startup_tc8263.o(RESET)
</UL>
<P><STRONG><a name="[3c]"></a>LPTMR0_IRQHandler</STRONG> (Thumb, 4 bytes, Stack size 0 bytes, startup_tc8263.o(.text.Default_Handler))
<BR>[Address Reference Count : 1]<UL><LI> startup_tc8263.o(RESET)
</UL>
<P><STRONG><a name="[3d]"></a>LPTMR1_IRQHandler</STRONG> (Thumb, 4 bytes, Stack size 0 bytes, startup_tc8263.o(.text.Default_Handler))
<BR>[Address Reference Count : 1]<UL><LI> startup_tc8263.o(RESET)
</UL>
<P><STRONG><a name="[5d]"></a>LPUART0_IRQHandler</STRONG> (Thumb, 4 bytes, Stack size 0 bytes, startup_tc8263.o(.text.Default_Handler))
<BR>[Address Reference Count : 1]<UL><LI> startup_tc8263.o(RESET)
</UL>
<P><STRONG><a name="[3]"></a>MemManage_Handler</STRONG> (Thumb, 4 bytes, Stack size 0 bytes, startup_tc8263.o(.text.Default_Handler))
<BR>[Address Reference Count : 1]<UL><LI> startup_tc8263.o(RESET)
</UL>
<P><STRONG><a name="[1]"></a>NMI_Handler</STRONG> (Thumb, 4 bytes, Stack size 0 bytes, startup_tc8263.o(.text.Default_Handler))
<BR>[Address Reference Count : 1]<UL><LI> startup_tc8263.o(RESET)
</UL>
<P><STRONG><a name="[18]"></a>NPU_IRQHandler</STRONG> (Thumb, 4 bytes, Stack size 0 bytes, startup_tc8263.o(.text.Default_Handler))
<BR>[Address Reference Count : 1]<UL><LI> startup_tc8263.o(RESET)
</UL>
<P><STRONG><a name="[6e]"></a>OTFC0_IRQHandler</STRONG> (Thumb, 4 bytes, Stack size 0 bytes, startup_tc8263.o(.text.Default_Handler))
<BR>[Address Reference Count : 1]<UL><LI> startup_tc8263.o(RESET)
</UL>
<P><STRONG><a name="[6f]"></a>OTFC1_IRQHandler</STRONG> (Thumb, 4 bytes, Stack size 0 bytes, startup_tc8263.o(.text.Default_Handler))
<BR>[Address Reference Count : 1]<UL><LI> startup_tc8263.o(RESET)
</UL>
<P><STRONG><a name="[33]"></a>PDMA0_IRQHandler</STRONG> (Thumb, 4 bytes, Stack size 0 bytes, startup_tc8263.o(.text.Default_Handler))
<BR>[Address Reference Count : 1]<UL><LI> startup_tc8263.o(RESET)
</UL>
<P><STRONG><a name="[34]"></a>PDMA1_IRQHandler</STRONG> (Thumb, 4 bytes, Stack size 0 bytes, startup_tc8263.o(.text.Default_Handler))
<BR>[Address Reference Count : 1]<UL><LI> startup_tc8263.o(RESET)
</UL>
<P><STRONG><a name="[d]"></a>PMC_IRQHandler</STRONG> (Thumb, 4 bytes, Stack size 0 bytes, startup_tc8263.o(.text.Default_Handler))
<BR>[Address Reference Count : 1]<UL><LI> startup_tc8263.o(RESET)
</UL>
<P><STRONG><a name="[67]"></a>PSIO_IRQHandler</STRONG> (Thumb, 4 bytes, Stack size 0 bytes, startup_tc8263.o(.text.Default_Handler))
<BR>[Address Reference Count : 1]<UL><LI> startup_tc8263.o(RESET)
</UL>
<P><STRONG><a name="[9]"></a>PendSV_Handler</STRONG> (Thumb, 4 bytes, Stack size 0 bytes, startup_tc8263.o(.text.Default_Handler))
<BR>[Address Reference Count : 1]<UL><LI> startup_tc8263.o(RESET)
</UL>
<P><STRONG><a name="[48]"></a>QSPI0_IRQHandler</STRONG> (Thumb, 4 bytes, Stack size 0 bytes, startup_tc8263.o(.text.Default_Handler))
<BR>[Address Reference Count : 1]<UL><LI> startup_tc8263.o(RESET)
</UL>
<P><STRONG><a name="[49]"></a>QSPI1_IRQHandler</STRONG> (Thumb, 4 bytes, Stack size 0 bytes, startup_tc8263.o(.text.Default_Handler))
<BR>[Address Reference Count : 1]<UL><LI> startup_tc8263.o(RESET)
</UL>
<P><STRONG><a name="[12]"></a>RTCTAMPER_IRQHandler</STRONG> (Thumb, 4 bytes, Stack size 0 bytes, startup_tc8263.o(.text.Default_Handler))
<BR>[Address Reference Count : 1]<UL><LI> startup_tc8263.o(RESET)
</UL>
<P><STRONG><a name="[11]"></a>RTC_IRQHandler</STRONG> (Thumb, 4 bytes, Stack size 0 bytes, startup_tc8263.o(.text.Default_Handler))
<BR>[Address Reference Count : 1]<UL><LI> startup_tc8263.o(RESET)
</UL>
<P><STRONG><a name="[64]"></a>SC0_IRQHandler</STRONG> (Thumb, 4 bytes, Stack size 0 bytes, startup_tc8263.o(.text.Default_Handler))
<BR>[Address Reference Count : 1]<UL><LI> startup_tc8263.o(RESET)
</UL>
<P><STRONG><a name="[65]"></a>SC1_IRQHandler</STRONG> (Thumb, 4 bytes, Stack size 0 bytes, startup_tc8263.o(.text.Default_Handler))
<BR>[Address Reference Count : 1]<UL><LI> startup_tc8263.o(RESET)
</UL>
<P><STRONG><a name="[66]"></a>SC2_IRQHandler</STRONG> (Thumb, 4 bytes, Stack size 0 bytes, startup_tc8263.o(.text.Default_Handler))
<BR>[Address Reference Count : 1]<UL><LI> startup_tc8263.o(RESET)
</UL>
<P><STRONG><a name="[36]"></a>SCU_IRQHandler</STRONG> (Thumb, 4 bytes, Stack size 0 bytes, startup_tc8263.o(.text.Default_Handler))
<BR>[Address Reference Count : 1]<UL><LI> startup_tc8263.o(RESET)
</UL>
<P><STRONG><a name="[71]"></a>SDH0_IRQHandler</STRONG> (Thumb, 4 bytes, Stack size 0 bytes, startup_tc8263.o(.text.Default_Handler))
<BR>[Address Reference Count : 1]<UL><LI> startup_tc8263.o(RESET)
</UL>
<P><STRONG><a name="[72]"></a>SDH1_IRQHandler</STRONG> (Thumb, 4 bytes, Stack size 0 bytes, startup_tc8263.o(.text.Default_Handler))
<BR>[Address Reference Count : 1]<UL><LI> startup_tc8263.o(RESET)
</UL>
<P><STRONG><a name="[4a]"></a>SPI0_IRQHandler</STRONG> (Thumb, 4 bytes, Stack size 0 bytes, startup_tc8263.o(.text.Default_Handler))
<BR>[Address Reference Count : 1]<UL><LI> startup_tc8263.o(RESET)
</UL>
<P><STRONG><a name="[4b]"></a>SPI1_IRQHandler</STRONG> (Thumb, 4 bytes, Stack size 0 bytes, startup_tc8263.o(.text.Default_Handler))
<BR>[Address Reference Count : 1]<UL><LI> startup_tc8263.o(RESET)
</UL>
<P><STRONG><a name="[4c]"></a>SPI2_IRQHandler</STRONG> (Thumb, 4 bytes, Stack size 0 bytes, startup_tc8263.o(.text.Default_Handler))
<BR>[Address Reference Count : 1]<UL><LI> startup_tc8263.o(RESET)
</UL>
<P><STRONG><a name="[4d]"></a>SPI3_IRQHandler</STRONG> (Thumb, 4 bytes, Stack size 0 bytes, startup_tc8263.o(.text.Default_Handler))
<BR>[Address Reference Count : 1]<UL><LI> startup_tc8263.o(RESET)
</UL>
<P><STRONG><a name="[4f]"></a>SPIM0_IRQHandler</STRONG> (Thumb, 4 bytes, Stack size 0 bytes, startup_tc8263.o(.text.Default_Handler))
<BR>[Address Reference Count : 1]<UL><LI> startup_tc8263.o(RESET)
</UL>
<P><STRONG><a name="[50]"></a>SPIM1_IRQHandler</STRONG> (Thumb, 4 bytes, Stack size 0 bytes, startup_tc8263.o(.text.Default_Handler))
<BR>[Address Reference Count : 1]<UL><LI> startup_tc8263.o(RESET)
</UL>
<P><STRONG><a name="[e]"></a>SRAMPERR_IRQHandler</STRONG> (Thumb, 4 bytes, Stack size 0 bytes, startup_tc8263.o(.text.Default_Handler))
<BR>[Address Reference Count : 1]<UL><LI> startup_tc8263.o(RESET)
</UL>
<P><STRONG><a name="[7]"></a>SVC_Handler</STRONG> (Thumb, 4 bytes, Stack size 0 bytes, startup_tc8263.o(.text.Default_Handler))
<BR>[Address Reference Count : 1]<UL><LI> startup_tc8263.o(RESET)
</UL>
<P><STRONG><a name="[6]"></a>SecureFault_Handler</STRONG> (Thumb, 4 bytes, Stack size 0 bytes, startup_tc8263.o(.text.Default_Handler))
<BR>[Address Reference Count : 1]<UL><LI> startup_tc8263.o(RESET)
</UL>
<P><STRONG><a name="[a]"></a>SysTick_Handler</STRONG> (Thumb, 4 bytes, Stack size 0 bytes, startup_tc8263.o(.text.Default_Handler))
<BR>[Address Reference Count : 1]<UL><LI> startup_tc8263.o(RESET)
</UL>
<P><STRONG><a name="[15]"></a>TAMPER_IRQHandler</STRONG> (Thumb, 4 bytes, Stack size 0 bytes, startup_tc8263.o(.text.Default_Handler))
<BR>[Address Reference Count : 1]<UL><LI> startup_tc8263.o(RESET)
</UL>
<P><STRONG><a name="[38]"></a>TIMER0_IRQHandler</STRONG> (Thumb, 4 bytes, Stack size 0 bytes, startup_tc8263.o(.text.Default_Handler))
<BR>[Address Reference Count : 1]<UL><LI> startup_tc8263.o(RESET)
</UL>
<P><STRONG><a name="[39]"></a>TIMER1_IRQHandler</STRONG> (Thumb, 4 bytes, Stack size 0 bytes, startup_tc8263.o(.text.Default_Handler))
<BR>[Address Reference Count : 1]<UL><LI> startup_tc8263.o(RESET)
</UL>
<P><STRONG><a name="[3a]"></a>TIMER2_IRQHandler</STRONG> (Thumb, 4 bytes, Stack size 0 bytes, startup_tc8263.o(.text.Default_Handler))
<BR>[Address Reference Count : 1]<UL><LI> startup_tc8263.o(RESET)
</UL>
<P><STRONG><a name="[3b]"></a>TIMER3_IRQHandler</STRONG> (Thumb, 4 bytes, Stack size 0 bytes, startup_tc8263.o(.text.Default_Handler))
<BR>[Address Reference Count : 1]<UL><LI> startup_tc8263.o(RESET)
</UL>
<P><STRONG><a name="[6c]"></a>TRNG_IRQHandler</STRONG> (Thumb, 4 bytes, Stack size 0 bytes, startup_tc8263.o(.text.Default_Handler))
<BR>[Address Reference Count : 1]<UL><LI> startup_tc8263.o(RESET)
</UL>
<P><STRONG><a name="[3e]"></a>TTMR0_IRQHandler</STRONG> (Thumb, 4 bytes, Stack size 0 bytes, startup_tc8263.o(.text.Default_Handler))
<BR>[Address Reference Count : 1]<UL><LI> startup_tc8263.o(RESET)
</UL>
<P><STRONG><a name="[3f]"></a>TTMR1_IRQHandler</STRONG> (Thumb, 4 bytes, Stack size 0 bytes, startup_tc8263.o(.text.Default_Handler))
<BR>[Address Reference Count : 1]<UL><LI> startup_tc8263.o(RESET)
</UL>
<P><STRONG><a name="[51]"></a>UART0_IRQHandler</STRONG> (Thumb, 4 bytes, Stack size 0 bytes, startup_tc8263.o(.text.Default_Handler))
<BR>[Address Reference Count : 1]<UL><LI> startup_tc8263.o(RESET)
</UL>
<P><STRONG><a name="[52]"></a>UART1_IRQHandler</STRONG> (Thumb, 4 bytes, Stack size 0 bytes, startup_tc8263.o(.text.Default_Handler))
<BR>[Address Reference Count : 1]<UL><LI> startup_tc8263.o(RESET)
</UL>
<P><STRONG><a name="[53]"></a>UART2_IRQHandler</STRONG> (Thumb, 4 bytes, Stack size 0 bytes, startup_tc8263.o(.text.Default_Handler))
<BR>[Address Reference Count : 1]<UL><LI> startup_tc8263.o(RESET)
</UL>
<P><STRONG><a name="[54]"></a>UART3_IRQHandler</STRONG> (Thumb, 4 bytes, Stack size 0 bytes, startup_tc8263.o(.text.Default_Handler))
<BR>[Address Reference Count : 1]<UL><LI> startup_tc8263.o(RESET)
</UL>
<P><STRONG><a name="[55]"></a>UART4_IRQHandler</STRONG> (Thumb, 4 bytes, Stack size 0 bytes, startup_tc8263.o(.text.Default_Handler))
<BR>[Address Reference Count : 1]<UL><LI> startup_tc8263.o(RESET)
</UL>
<P><STRONG><a name="[56]"></a>UART5_IRQHandler</STRONG> (Thumb, 4 bytes, Stack size 0 bytes, startup_tc8263.o(.text.Default_Handler))
<BR>[Address Reference Count : 1]<UL><LI> startup_tc8263.o(RESET)
</UL>
<P><STRONG><a name="[57]"></a>UART6_IRQHandler</STRONG> (Thumb, 4 bytes, Stack size 0 bytes, startup_tc8263.o(.text.Default_Handler))
<BR>[Address Reference Count : 1]<UL><LI> startup_tc8263.o(RESET)
</UL>
<P><STRONG><a name="[58]"></a>UART7_IRQHandler</STRONG> (Thumb, 4 bytes, Stack size 0 bytes, startup_tc8263.o(.text.Default_Handler))
<BR>[Address Reference Count : 1]<UL><LI> startup_tc8263.o(RESET)
</UL>
<P><STRONG><a name="[59]"></a>UART8_IRQHandler</STRONG> (Thumb, 4 bytes, Stack size 0 bytes, startup_tc8263.o(.text.Default_Handler))
<BR>[Address Reference Count : 1]<UL><LI> startup_tc8263.o(RESET)
</UL>
<P><STRONG><a name="[5a]"></a>UART9_IRQHandler</STRONG> (Thumb, 4 bytes, Stack size 0 bytes, startup_tc8263.o(.text.Default_Handler))
<BR>[Address Reference Count : 1]<UL><LI> startup_tc8263.o(RESET)
</UL>
<P><STRONG><a name="[42]"></a>USBD_IRQHandler</STRONG> (Thumb, 4 bytes, Stack size 0 bytes, startup_tc8263.o(.text.Default_Handler))
<BR>[Address Reference Count : 1]<UL><LI> startup_tc8263.o(RESET)
</UL>
<P><STRONG><a name="[40]"></a>USBH0_IRQHandler</STRONG> (Thumb, 4 bytes, Stack size 0 bytes, startup_tc8263.o(.text.Default_Handler))
<BR>[Address Reference Count : 1]<UL><LI> startup_tc8263.o(RESET)
</UL>
<P><STRONG><a name="[41]"></a>USBH1_IRQHandler</STRONG> (Thumb, 4 bytes, Stack size 0 bytes, startup_tc8263.o(.text.Default_Handler))
<BR>[Address Reference Count : 1]<UL><LI> startup_tc8263.o(RESET)
</UL>
<P><STRONG><a name="[43]"></a>USBOTG_IRQHandler</STRONG> (Thumb, 4 bytes, Stack size 0 bytes, startup_tc8263.o(.text.Default_Handler))
<BR>[Address Reference Count : 1]<UL><LI> startup_tc8263.o(RESET)
</UL>
<P><STRONG><a name="[63]"></a>USCI0_IRQHandler</STRONG> (Thumb, 4 bytes, Stack size 0 bytes, startup_tc8263.o(.text.Default_Handler))
<BR>[Address Reference Count : 1]<UL><LI> startup_tc8263.o(RESET)
</UL>
<P><STRONG><a name="[8f]"></a>UTCPD_IRQHandler</STRONG> (Thumb, 4 bytes, Stack size 0 bytes, startup_tc8263.o(.text.Default_Handler))
<BR>[Address Reference Count : 1]<UL><LI> startup_tc8263.o(RESET)
</UL>
<P><STRONG><a name="[5]"></a>UsageFault_Handler</STRONG> (Thumb, 4 bytes, Stack size 0 bytes, startup_tc8263.o(.text.Default_Handler))
<BR>[Address Reference Count : 1]<UL><LI> startup_tc8263.o(RESET)
</UL>
<P><STRONG><a name="[13]"></a>WDT0_IRQHandler</STRONG> (Thumb, 4 bytes, Stack size 0 bytes, startup_tc8263.o(.text.Default_Handler))
<BR>[Address Reference Count : 1]<UL><LI> startup_tc8263.o(RESET)
</UL>
<P><STRONG><a name="[16]"></a>WDT1_IRQHandler</STRONG> (Thumb, 4 bytes, Stack size 0 bytes, startup_tc8263.o(.text.Default_Handler))
<BR>[Address Reference Count : 1]<UL><LI> startup_tc8263.o(RESET)
</UL>
<P><STRONG><a name="[14]"></a>WWDT0_IRQHandler</STRONG> (Thumb, 4 bytes, Stack size 0 bytes, startup_tc8263.o(.text.Default_Handler))
<BR>[Address Reference Count : 1]<UL><LI> startup_tc8263.o(RESET)
</UL>
<P><STRONG><a name="[17]"></a>WWDT1_IRQHandler</STRONG> (Thumb, 4 bytes, Stack size 0 bytes, startup_tc8263.o(.text.Default_Handler))
<BR>[Address Reference Count : 1]<UL><LI> startup_tc8263.o(RESET)
</UL>
<P><STRONG><a name="[2]"></a>HardFault_Handler</STRONG> (Thumb, 138 bytes, Stack size 32 bytes, startup_tc8263.o(.text.HardFault_Handler))
<BR><BR>[Stack]<UL><LI>Max Depth = 112<LI>Call Chain = HardFault_Handler &rArr; ProcessHardFault &rArr; printf
</UL>
<BR>[Calls]<UL><LI><a href="#[a8]">&gt;&gt;</a>&nbsp;&nbsp;&nbsp;printf
<LI><a href="#[ae]">&gt;&gt;</a>&nbsp;&nbsp;&nbsp;ProcessHardFault
</UL>
<BR>[Address Reference Count : 1]<UL><LI> startup_tc8263.o(RESET)
</UL>
<P><STRONG><a name="[ae]"></a>ProcessHardFault</STRONG> (Thumb, 654 bytes, Stack size 56 bytes, retarget.o(.text.ProcessHardFault))
<BR><BR>[Stack]<UL><LI>Max Depth = 80<LI>Call Chain = ProcessHardFault &rArr; printf
</UL>
<BR>[Calls]<UL><LI><a href="#[a8]">&gt;&gt;</a>&nbsp;&nbsp;&nbsp;printf
</UL>
<BR>[Called By]<UL><LI><a href="#[2]">&gt;&gt;</a>&nbsp;&nbsp;&nbsp;HardFault_Handler
</UL>

<P><STRONG><a name="[0]"></a>Reset_Handler</STRONG> (Thumb, 220 bytes, Stack size 24 bytes, startup_tc8263.o(.text.Reset_Handler))
<BR><BR>[Stack]<UL><LI>Max Depth = 24 + Unknown Stack Size
<LI>Call Chain = Reset_Handler
</UL>
<BR>[Calls]<UL><LI><a href="#[96]">&gt;&gt;</a>&nbsp;&nbsp;&nbsp;__main
</UL>
<BR>[Address Reference Count : 1]<UL><LI> startup_tc8263.o(RESET)
</UL>
<P><STRONG><a name="[af]"></a>SYS_Init</STRONG> (Thumb, 396 bytes, Stack size 48 bytes, main.o(.text.SYS_Init))
<BR><BR>[Stack]<UL><LI>Max Depth = 156<LI>Call Chain = SYS_Init &rArr; CLK_SetSCLK &rArr; SystemCoreClockUpdate &rArr; SystemClockUpdate &rArr; CLK_GetAPLL0ClockFreq
</UL>
<BR>[Calls]<UL><LI><a href="#[b1]">&gt;&gt;</a>&nbsp;&nbsp;&nbsp;CLK_EnableModuleClock
<LI><a href="#[b0]">&gt;&gt;</a>&nbsp;&nbsp;&nbsp;CLK_EnableXtalRC
<LI><a href="#[ac]">&gt;&gt;</a>&nbsp;&nbsp;&nbsp;CLK_SetSCLK
<LI><a href="#[a9]">&gt;&gt;</a>&nbsp;&nbsp;&nbsp;CLK_EnableAPLL
<LI><a href="#[ab]">&gt;&gt;</a>&nbsp;&nbsp;&nbsp;CLK_WaitClockReady
<LI><a href="#[ad]">&gt;&gt;</a>&nbsp;&nbsp;&nbsp;SystemCoreClockUpdate
</UL>
<BR>[Called By]<UL><LI><a href="#[93]">&gt;&gt;</a>&nbsp;&nbsp;&nbsp;main
</UL>

<P><STRONG><a name="[b4]"></a>SystemClockUpdate</STRONG> (Thumb, 132 bytes, Stack size 40 bytes, clk.o(.text.SystemClockUpdate))
<BR><BR>[Stack]<UL><LI>Max Depth = 68<LI>Call Chain = SystemClockUpdate &rArr; CLK_GetAPLL0ClockFreq
</UL>
<BR>[Calls]<UL><LI><a href="#[b5]">&gt;&gt;</a>&nbsp;&nbsp;&nbsp;CLK_GetAPLL0ClockFreq
<LI><a href="#[b6]">&gt;&gt;</a>&nbsp;&nbsp;&nbsp;CLK_GetMIRCFreq
</UL>
<BR>[Called By]<UL><LI><a href="#[ad]">&gt;&gt;</a>&nbsp;&nbsp;&nbsp;SystemCoreClockUpdate
</UL>

<P><STRONG><a name="[ad]"></a>SystemCoreClockUpdate</STRONG> (Thumb, 86 bytes, Stack size 16 bytes, system_tc8263.o(.text.SystemCoreClockUpdate))
<BR><BR>[Stack]<UL><LI>Max Depth = 84<LI>Call Chain = SystemCoreClockUpdate &rArr; SystemClockUpdate &rArr; CLK_GetAPLL0ClockFreq
</UL>
<BR>[Calls]<UL><LI><a href="#[b4]">&gt;&gt;</a>&nbsp;&nbsp;&nbsp;SystemClockUpdate
</UL>
<BR>[Called By]<UL><LI><a href="#[af]">&gt;&gt;</a>&nbsp;&nbsp;&nbsp;SYS_Init
<LI><a href="#[ac]">&gt;&gt;</a>&nbsp;&nbsp;&nbsp;CLK_SetSCLK
</UL>

<P><STRONG><a name="[95]"></a>SystemInit</STRONG> (Thumb, 84 bytes, Stack size 0 bytes, system_tc8263.o(.text.SystemInit))
<BR>[Address Reference Count : 1]<UL><LI> system_tc8263.o(.init_array)
</UL>
<P><STRONG><a name="[b7]"></a>UART_Open</STRONG> (Thumb, 726 bytes, Stack size 48 bytes, uart.o(.text.UART_Open))
<BR><BR>[Stack]<UL><LI>Max Depth = 76<LI>Call Chain = UART_Open &rArr; CLK_GetAPLL0ClockFreq
</UL>
<BR>[Calls]<UL><LI><a href="#[b5]">&gt;&gt;</a>&nbsp;&nbsp;&nbsp;CLK_GetAPLL0ClockFreq
</UL>
<BR>[Called By]<UL><LI><a href="#[93]">&gt;&gt;</a>&nbsp;&nbsp;&nbsp;main
</UL>

<P><STRONG><a name="[b8]"></a>fgetc</STRONG> (Thumb, 44 bytes, Stack size 24 bytes, retarget.o(.text.fgetc))
<BR><BR>[Stack]<UL><LI>Max Depth = 24<LI>Call Chain = fgetc
</UL>
<BR>[Calls]<UL><LI><a href="#[b9]">&gt;&gt;</a>&nbsp;&nbsp;&nbsp;GetChar
</UL>
<BR>[Called By]<UL><LI><a href="#[bc]">&gt;&gt;</a>&nbsp;&nbsp;&nbsp;getc
</UL>

<P><STRONG><a name="[94]"></a>fputc</STRONG> (Thumb, 20 bytes, Stack size 16 bytes, retarget.o(.text.fputc))
<BR><BR>[Stack]<UL><LI>Max Depth = 40<LI>Call Chain = fputc &rArr; SendChar &rArr; SendChar_ToUART
</UL>
<BR>[Calls]<UL><LI><a href="#[b2]">&gt;&gt;</a>&nbsp;&nbsp;&nbsp;SendChar
</UL>
<BR>[Address Reference Count : 1]<UL><LI> printfa.o(i.__0printf)
</UL>
<P><STRONG><a name="[93]"></a>main</STRONG> (Thumb, 174 bytes, Stack size 24 bytes, main.o(.text.main))
<BR><BR>[Stack]<UL><LI>Max Depth = 180<LI>Call Chain = main &rArr; SYS_Init &rArr; CLK_SetSCLK &rArr; SystemCoreClockUpdate &rArr; SystemClockUpdate &rArr; CLK_GetAPLL0ClockFreq
</UL>
<BR>[Calls]<UL><LI><a href="#[a8]">&gt;&gt;</a>&nbsp;&nbsp;&nbsp;printf
<LI><a href="#[bc]">&gt;&gt;</a>&nbsp;&nbsp;&nbsp;getc
<LI><a href="#[af]">&gt;&gt;</a>&nbsp;&nbsp;&nbsp;SYS_Init
<LI><a href="#[be]">&gt;&gt;</a>&nbsp;&nbsp;&nbsp;__NVIC_EnableIRQ
<LI><a href="#[bb]">&gt;&gt;</a>&nbsp;&nbsp;&nbsp;SYS_LockReg
<LI><a href="#[ba]">&gt;&gt;</a>&nbsp;&nbsp;&nbsp;SYS_UnlockReg
<LI><a href="#[b7]">&gt;&gt;</a>&nbsp;&nbsp;&nbsp;UART_Open
<LI><a href="#[bd]">&gt;&gt;</a>&nbsp;&nbsp;&nbsp;ACMP_Open
</UL>
<BR>[Address Reference Count : 1]<UL><LI> entry9a.o(.ARM.Collect$$$$0000000B)
</UL>
<P><STRONG><a name="[bf]"></a>__0printf</STRONG> (Thumb, 22 bytes, Stack size 24 bytes, printfa.o(i.__0printf), UNUSED)
<BR><BR>[Calls]<UL><LI><a href="#[c0]">&gt;&gt;</a>&nbsp;&nbsp;&nbsp;_printf_core
</UL>

<P><STRONG><a name="[d3]"></a>__1printf</STRONG> (Thumb, 0 bytes, Stack size 24 bytes, printfa.o(i.__0printf), UNUSED)

<P><STRONG><a name="[d4]"></a>__2printf</STRONG> (Thumb, 0 bytes, Stack size 24 bytes, printfa.o(i.__0printf), UNUSED)

<P><STRONG><a name="[d5]"></a>__c89printf</STRONG> (Thumb, 0 bytes, Stack size 24 bytes, printfa.o(i.__0printf), UNUSED)

<P><STRONG><a name="[a8]"></a>printf</STRONG> (Thumb, 0 bytes, Stack size 24 bytes, printfa.o(i.__0printf))
<BR><BR>[Stack]<UL><LI>Max Depth = 24<LI>Call Chain = printf
</UL>
<BR>[Called By]<UL><LI><a href="#[93]">&gt;&gt;</a>&nbsp;&nbsp;&nbsp;main
<LI><a href="#[79]">&gt;&gt;</a>&nbsp;&nbsp;&nbsp;ACMP01_IRQHandler
<LI><a href="#[ae]">&gt;&gt;</a>&nbsp;&nbsp;&nbsp;ProcessHardFault
<LI><a href="#[2]">&gt;&gt;</a>&nbsp;&nbsp;&nbsp;HardFault_Handler
</UL>

<P><STRONG><a name="[d6]"></a>__scatterload_copy</STRONG> (Thumb, 14 bytes, Stack size unknown bytes, handlers.o(i.__scatterload_copy), UNUSED)

<P><STRONG><a name="[d7]"></a>__scatterload_null</STRONG> (Thumb, 2 bytes, Stack size unknown bytes, handlers.o(i.__scatterload_null), UNUSED)

<P><STRONG><a name="[d8]"></a>__scatterload_zeroinit</STRONG> (Thumb, 14 bytes, Stack size unknown bytes, handlers.o(i.__scatterload_zeroinit), UNUSED)

<P><STRONG><a name="[bc]"></a>getc</STRONG> (Thumb, 4 bytes, Stack size 0 bytes, getc.o(i.getc))
<BR><BR>[Stack]<UL><LI>Max Depth = 24<LI>Call Chain = getc &rArr; fgetc
</UL>
<BR>[Calls]<UL><LI><a href="#[b8]">&gt;&gt;</a>&nbsp;&nbsp;&nbsp;fgetc
</UL>
<BR>[Called By]<UL><LI><a href="#[93]">&gt;&gt;</a>&nbsp;&nbsp;&nbsp;main
</UL>
<P>
<H3>
Local Symbols
</H3>
<P><STRONG><a name="[b2]"></a>SendChar</STRONG> (Thumb, 16 bytes, Stack size 16 bytes, retarget.o(.text.SendChar))
<BR><BR>[Stack]<UL><LI>Max Depth = 24<LI>Call Chain = SendChar &rArr; SendChar_ToUART
</UL>
<BR>[Calls]<UL><LI><a href="#[b3]">&gt;&gt;</a>&nbsp;&nbsp;&nbsp;SendChar_ToUART
</UL>
<BR>[Called By]<UL><LI><a href="#[94]">&gt;&gt;</a>&nbsp;&nbsp;&nbsp;fputc
</UL>

<P><STRONG><a name="[b3]"></a>SendChar_ToUART</STRONG> (Thumb, 98 bytes, Stack size 8 bytes, retarget.o(.text.SendChar_ToUART))
<BR><BR>[Stack]<UL><LI>Max Depth = 8<LI>Call Chain = SendChar_ToUART
</UL>
<BR>[Called By]<UL><LI><a href="#[b2]">&gt;&gt;</a>&nbsp;&nbsp;&nbsp;SendChar
</UL>

<P><STRONG><a name="[b9]"></a>GetChar</STRONG> (Thumb, 36 bytes, Stack size 0 bytes, retarget.o(.text.GetChar))
<BR><BR>[Called By]<UL><LI><a href="#[b8]">&gt;&gt;</a>&nbsp;&nbsp;&nbsp;fgetc
</UL>

<P><STRONG><a name="[ba]"></a>SYS_UnlockReg</STRONG> (Thumb, 70 bytes, Stack size 4 bytes, main.o(.text.SYS_UnlockReg))
<BR><BR>[Stack]<UL><LI>Max Depth = 4<LI>Call Chain = SYS_UnlockReg
</UL>
<BR>[Called By]<UL><LI><a href="#[93]">&gt;&gt;</a>&nbsp;&nbsp;&nbsp;main
</UL>

<P><STRONG><a name="[bb]"></a>SYS_LockReg</STRONG> (Thumb, 14 bytes, Stack size 0 bytes, main.o(.text.SYS_LockReg))
<BR><BR>[Called By]<UL><LI><a href="#[93]">&gt;&gt;</a>&nbsp;&nbsp;&nbsp;main
</UL>

<P><STRONG><a name="[be]"></a>__NVIC_EnableIRQ</STRONG> (Thumb, 48 bytes, Stack size 4 bytes, main.o(.text.__NVIC_EnableIRQ))
<BR><BR>[Stack]<UL><LI>Max Depth = 4<LI>Call Chain = __NVIC_EnableIRQ
</UL>
<BR>[Called By]<UL><LI><a href="#[93]">&gt;&gt;</a>&nbsp;&nbsp;&nbsp;main
</UL>

<P><STRONG><a name="[c1]"></a>_fp_digits</STRONG> (Thumb, 366 bytes, Stack size 64 bytes, printfa.o(i._fp_digits), UNUSED)
<BR><BR>[Calls]<UL><LI><a href="#[9b]">&gt;&gt;</a>&nbsp;&nbsp;&nbsp;__aeabi_uldivmod
<LI><a href="#[a4]">&gt;&gt;</a>&nbsp;&nbsp;&nbsp;__aeabi_dmul
<LI><a href="#[a5]">&gt;&gt;</a>&nbsp;&nbsp;&nbsp;__aeabi_ddiv
<LI><a href="#[9e]">&gt;&gt;</a>&nbsp;&nbsp;&nbsp;__aeabi_dadd
<LI><a href="#[a6]">&gt;&gt;</a>&nbsp;&nbsp;&nbsp;__aeabi_d2ulz
<LI><a href="#[c2]">&gt;&gt;</a>&nbsp;&nbsp;&nbsp;__aeabi_cdrcmple
</UL>
<BR>[Called By]<UL><LI><a href="#[c0]">&gt;&gt;</a>&nbsp;&nbsp;&nbsp;_printf_core
</UL>

<P><STRONG><a name="[c0]"></a>_printf_core</STRONG> (Thumb, 1744 bytes, Stack size 136 bytes, printfa.o(i._printf_core), UNUSED)
<BR><BR>[Calls]<UL><LI><a href="#[9b]">&gt;&gt;</a>&nbsp;&nbsp;&nbsp;__aeabi_uldivmod
<LI><a href="#[c5]">&gt;&gt;</a>&nbsp;&nbsp;&nbsp;__aeabi_uidivmod
<LI><a href="#[c3]">&gt;&gt;</a>&nbsp;&nbsp;&nbsp;_printf_pre_padding
<LI><a href="#[c4]">&gt;&gt;</a>&nbsp;&nbsp;&nbsp;_printf_post_padding
<LI><a href="#[c1]">&gt;&gt;</a>&nbsp;&nbsp;&nbsp;_fp_digits
</UL>
<BR>[Called By]<UL><LI><a href="#[bf]">&gt;&gt;</a>&nbsp;&nbsp;&nbsp;__0printf
</UL>

<P><STRONG><a name="[c4]"></a>_printf_post_padding</STRONG> (Thumb, 36 bytes, Stack size 24 bytes, printfa.o(i._printf_post_padding), UNUSED)
<BR><BR>[Called By]<UL><LI><a href="#[c0]">&gt;&gt;</a>&nbsp;&nbsp;&nbsp;_printf_core
</UL>

<P><STRONG><a name="[c3]"></a>_printf_pre_padding</STRONG> (Thumb, 46 bytes, Stack size 24 bytes, printfa.o(i._printf_pre_padding), UNUSED)
<BR><BR>[Called By]<UL><LI><a href="#[c0]">&gt;&gt;</a>&nbsp;&nbsp;&nbsp;_printf_core
</UL>
<P>
<H3>
Undefined Global Symbols
</H3><HR></body></html>
