<html>
<body>
<pre>
<h1>µVision Build Log</h1>
<h2>Tool Versions:</h2>
IDE-Version: £gVision V5.37.0.0
Copyright (C) 2022 ARM Ltd and ARM Germany GmbH. All rights reserved.
License Information: Wang CCWang20 nuvoton Flex license: MDK Professional 5.37 (Flex) (mdk_pro) Operation stops: 31 Jul 2024
 
Tool Versions:
Toolchain:       MDK Professional 5.37 (Flex)  Version: 5.37.0.0
Toolchain Path:  C:\Keil_v5\ARM\ARMCLANG\Bin
C Compiler:      ArmClang.exe V6.18
Assembler:       Armasm.exe V6.18
Linker/Locator:  ArmLink.exe V6.18
Library Manager: ArmAr.exe V6.18
Hex Converter:   FromElf.exe V6.18
CPU DLL:         
Dialog DLL:      
Target DLL:      Nu_Link.dll V3.14
Dialog DLL:      TCM.DLL V1.56.1.0
 
<h2>Project:</h2>
C:\Users\ccwang20\Desktop\Workspaces\Git\TC8263_M55M1\bsp\_CUnit\i2s\KEIL\i2s_cunit.uvprojx
Project File Date:  12/08/2023

<h2>Output:</h2>
*** Using Compiler 'V6.18', folder: 'C:\Keil_v5\ARM\ARMCLANG\Bin'
Build target 'I2S_Cunit'
compiling i2s_cunit.c...
linking...
Program Size: Code=39200 RO-data=9508 RW-data=304 ZI-data=4296  
After Build - User command #1: fromelf --bin ".\Objects\I2S_Cunit.axf" --output ".\Objects\I2S_Cunit.bin"
".\Objects\I2S_Cunit.axf" - 0 Error(s), 0 Warning(s).

<h2>Software Packages used:</h2>

Package Vendor: ARM
                http://www.keil.com/pack/ARM.CMSIS.5.9.0.pack
                ARM.CMSIS.5.9.0
                CMSIS (Common Microcontroller Software Interface Standard)

<h2>Collection of Component include folders:</h2>
  C:/Users/ccwang20/AppData/Local/Arm/Packs/ARM/CMSIS/5.9.0/Device/ARM/ARMCM55/Include

<h2>Collection of Component Files used:</h2>
Build Time Elapsed:  00:00:03
</pre>
</body>
</html>
